Computing [3/3] temporal Padé approximant for 2D Poisson pseudo-time relaxation...
 f0=0
 f1=sin(pi*x)*sin(pi*y)
 f2=-2*pi**2*kappa*sin(pi*x)*sin(pi*y)
 f3=4*pi**4*kappa**2*sin(pi*x)*sin(pi*y)
 f4=-8*pi**6*kappa**3*sin(pi*x)*sin(pi*y)
 f5=16*pi**8*kappa**4*sin(pi*x)*sin(pi*y)
 f6=-32*pi**10*kappa**5*sin(pi*x)*sin(pi*y)
 b0=1 (normalised)
 b1=pi**2*kappa
 b2=2*pi**4*kappa**2/5
 b3=pi**6*kappa**3/15
 a0=0
 a1=sin(pi*x)*sin(pi*y)
 a2=0
 a3=pi**4*kappa**2*sin(pi*x)*sin(pi*y)/15
 P[3/3](x,t) = (pi**4*kappa**2*t**3*sin(pi*x)*sin(pi*y)/15 + t*sin(pi*x)*sin(pi*y))/(pi**6*kappa**3*t**3/15 + 2*pi**4*kappa**2*t**2/5 + pi**2*kappa*t + 1)


==============================================================
  Padé-PINN training -- (2D Poisson, pseudo-time relaxation)
  epochs=20000  lr=0.001
  time=2.0 nx=6400  min_x=-1.0 max_x=1.0
  $\kappa$ in [(0.01, 0.5)]  log-uniform
==============================================================
    500/20000  [1.297e-05, 1.216e-05]  kappa=0.04580  causal_eps=0.006  0.10s
   1000/20000  [1.005e-05, 6.883e-06]  kappa=0.01763  causal_eps=0.013  0.10s
   1500/20000  [2.309e-05, 3.703e-06]  kappa=0.02523  causal_eps=0.019  0.10s
   2000/20000  [1.385e-04, 7.981e-06]  kappa=0.30904  causal_eps=0.025  0.10s
   2500/20000  [3.799e-06, 1.343e-06]  kappa=0.01941  causal_eps=0.031  0.10s
   3000/20000  [2.989e-05, 8.941e-06]  kappa=0.11974  causal_eps=0.038  0.09s
   3500/20000  [4.934e-05, 1.046e-05]  kappa=0.26564  causal_eps=0.044  0.09s
   4000/20000  [1.803e-06, 1.235e-06]  kappa=0.01156  causal_eps=0.050  0.09s
   4500/20000  [3.348e-06, 3.131e-06]  kappa=0.01974  causal_eps=0.056  0.10s
   5000/20000  [1.780e-06, 1.136e-06]  kappa=0.02422  causal_eps=0.062  0.10s
   5500/20000  [6.796e-06, 8.649e-07]  kappa=0.13903  causal_eps=0.069  0.09s
   6000/20000  [6.408e-06, 3.915e-06]  kappa=0.03458  causal_eps=0.075  0.10s
   6500/20000  [1.013e-06, 7.623e-07]  kappa=0.01582  causal_eps=0.081  0.10s
   7000/20000  [8.233e-06, 9.066e-06]  kappa=0.07261  causal_eps=0.088  0.09s
   7500/20000  [4.888e-06, 9.499e-07]  kappa=0.13488  causal_eps=0.094  0.10s
   8000/20000  [6.979e-07, 2.461e-07]  kappa=0.05130  causal_eps=0.100  0.09s
   8500/20000  [1.129e-06, 1.151e-06]  kappa=0.02027  causal_eps=0.106  0.10s
   9000/20000  [2.334e-06, 2.612e-07]  kappa=0.05565  causal_eps=0.113  0.10s
   9500/20000  [1.722e-06, 1.179e-06]  kappa=0.01533  causal_eps=0.119  0.10s
  10000/20000  [1.192e-03, 6.703e-05]  kappa=0.47918  causal_eps=0.125  8.73s
  10500/20000  [4.567e-06, 3.360e-06]  kappa=0.04160  causal_eps=0.131  0.10s
  11000/20000  [7.631e-06, 3.053e-06]  kappa=0.13927  causal_eps=0.138  0.10s
  11500/20000  [2.022e-06, 5.556e-07]  kappa=0.03779  causal_eps=0.144  0.11s
  12000/20000  [4.505e-07, 1.935e-07]  kappa=0.01537  causal_eps=0.150  0.11s
  12500/20000  [1.206e-04, 1.051e-05]  kappa=0.47242  causal_eps=0.156  0.11s
  13000/20000  [2.770e-06, 1.096e-06]  kappa=0.02471  causal_eps=0.163  0.11s
  13500/20000  [1.365e-05, 8.932e-06]  kappa=0.11425  causal_eps=0.169  0.11s
  14000/20000  [1.316e-06, 7.417e-07]  kappa=0.03760  causal_eps=0.175  0.10s
  14500/20000  [4.555e-06, 1.258e-06]  kappa=0.16065  causal_eps=0.181  0.11s
  15000/20000  [5.430e-07, 2.647e-07]  kappa=0.01153  causal_eps=0.188  0.11s
  15500/20000  [8.365e-06, 9.010e-07]  kappa=0.18683  causal_eps=0.194  0.10s
  16000/20000  [5.685e-06, 1.914e-06]  kappa=0.24567  causal_eps=0.200  0.11s
  16500/20000  [8.010e-07, 2.926e-07]  kappa=0.03086  causal_eps=0.200  0.11s
  17000/20000  [9.151e-06, 1.446e-06]  kappa=0.09629  causal_eps=0.200  0.11s
  17500/20000  [8.288e-06, 2.507e-06]  kappa=0.18779  causal_eps=0.200  0.11s
  18000/20000  [3.911e-07, 3.344e-07]  kappa=0.01709  causal_eps=0.200  0.11s
  18500/20000  [1.565e-05, 5.200e-06]  kappa=0.11656  causal_eps=0.200  0.11s
  19000/20000  [2.552e-04, 1.526e-05]  kappa=0.35293  causal_eps=0.200  0.10s
  19500/20000  [9.051e-07, 6.263e-07]  kappa=0.01184  causal_eps=0.200  0.11s
  20000/20000  [7.630e-06, 2.406e-06]  kappa=0.26482  causal_eps=0.200  0.11s
Model saved → models/pade_pinn_poisson2d.pkl

=================================================================
Evaluation - 30 held-out kappa values
=================================================================

  [1/30]  kappa = 0.08723
  ============================================================
  Rel-L2 @ t=T   Pade=2.913e-03   Pade+PINN=6.173e-03
  Poisson steady-state Rel-L2 (Pade+PINN) = 3.747e-02
  ============================================================
  Metric             [Pade]     [Pade+PINN]
  ============================================================
  Avg L2          5.565e-04       2.748e-03
  Rel_MSE         1.463e-06       1.327e-05
  Rel_RMSE        1.209e-03       3.643e-03
  ============================================================

  [2/30]  kappa = 0.02129
  ============================================================
  Rel-L2 @ t=T   Pade=2.296e-06   Pade+PINN=9.806e-04
  Poisson steady-state Rel-L2 (Pade+PINN) = 4.315e-01
  ============================================================
  Metric             [Pade]     [Pade+PINN]
  ============================================================
  Avg L2          3.696e-07       1.007e-03
  Rel_MSE         1.068e-12       8.904e-07
  Rel_RMSE        1.033e-06       9.436e-04
  ============================================================

  [3/30]  kappa = 0.01523
  ============================================================
  Rel-L2 @ t=T   Pade=3.465e-07   Pade+PINN=9.087e-04
  Poisson steady-state Rel-L2 (Pade+PINN) = 5.481e-01
  ============================================================
  Metric             [Pade]     [Pade+PINN]
  ============================================================
  Avg L2          5.497e-08       9.625e-04
  Rel_MSE         2.499e-14       7.895e-07
  Rel_RMSE        1.581e-07       8.885e-04
  ============================================================

  [4/30]  kappa = 0.12302
  ============================================================
  Rel-L2 @ t=T   Pade=1.146e-02   Pade+PINN=9.082e-03
  Poisson steady-state Rel-L2 (Pade+PINN) = 1.627e-02
  ============================================================
  Metric             [Pade]     [Pade+PINN]
  ============================================================
  Avg L2          2.407e-03       4.095e-03
  Rel_MSE         2.262e-05       2.971e-05
  Rel_RMSE        4.756e-03       5.451e-03
  ============================================================

  [5/30]  kappa = 0.02892
  ============================================================
  Rel-L2 @ t=T   Pade=1.237e-05   Pade+PINN=1.189e-03
  Poisson steady-state Rel-L2 (Pade+PINN) = 3.196e-01
  ============================================================
  Metric             [Pade]     [Pade+PINN]
  ============================================================
  Avg L2          2.030e-06       1.089e-03
  Rel_MSE         3.004e-11       1.121e-06
  Rel_RMSE        5.481e-06       1.059e-03
  ============================================================

  [6/30]  kappa = 0.01316
  ============================================================
  Rel-L2 @ t=T   Pade=1.505e-07   Pade+PINN=8.976e-04
  Poisson steady-state Rel-L2 (Pade+PINN) = 5.947e-01
  ============================================================
  Metric             [Pade]     [Pade+PINN]
  ============================================================
  Avg L2          2.375e-08       9.501e-04
  Rel_MSE         4.758e-15       7.660e-07
  Rel_RMSE        6.898e-08       8.752e-04
  ============================================================

  [7/30]  kappa = 0.04062
  ============================================================
  Rel-L2 @ t=T   Pade=7.523e-05   Pade+PINN=1.803e-03
  Poisson steady-state Rel-L2 (Pade+PINN) = 2.022e-01
  ============================================================
  Metric             [Pade]     [Pade+PINN]
  ============================================================
  Avg L2          1.271e-05       1.284e-03
  Rel_MSE         1.065e-09       1.850e-06
  Rel_RMSE        3.264e-05       1.360e-03
  ============================================================

  [8/30]  kappa = 0.04419
  ============================================================
  Rel-L2 @ t=T   Pade=1.160e-04   Pade+PINN=2.054e-03
  Poisson steady-state Rel-L2 (Pade+PINN) = 1.761e-01
  ============================================================
  Metric             [Pade]     [Pade+PINN]
  ============================================================
  Avg L2          1.978e-05       1.360e-03
  Rel_MSE         2.506e-09       2.199e-06
  Rel_RMSE        5.006e-05       1.483e-03
  ============================================================

  [9/30]  kappa = 0.17245
  ============================================================
  Rel-L2 @ t=T   Pade=3.531e-02   Pade+PINN=1.160e-02
  Poisson steady-state Rel-L2 (Pade+PINN) = 1.243e-02
  ============================================================
  Metric             [Pade]     [Pade+PINN]
  ============================================================
  Avg L2          8.373e-03       5.652e-03
  Rel_MSE         2.256e-04       5.226e-05
  Rel_RMSE        1.502e-02       7.229e-03
  ============================================================

  [10/30]  kappa = 0.12983
  ============================================================
  Rel-L2 @ t=T   Pade=1.392e-02   Pade+PINN=9.488e-03
  Poisson steady-state Rel-L2 (Pade+PINN) = 1.487e-02
  ============================================================
  Metric             [Pade]     [Pade+PINN]
  ============================================================
  Avg L2          2.976e-03       4.333e-03
  Rel_MSE         3.353e-05       3.295e-05
  Rel_RMSE        5.791e-03       5.740e-03
  ============================================================

  [11/30]  kappa = 0.39220
  ============================================================
  Rel-L2 @ t=T   Pade=2.153e-01   Pade+PINN=5.059e-02
  Poisson steady-state Rel-L2 (Pade+PINN) = 5.059e-02
  ============================================================
  Metric             [Pade]     [Pade+PINN]
  ============================================================
  Avg L2          7.411e-02       1.870e-02
  Rel_MSE         1.148e-02       6.027e-04
  Rel_RMSE        1.071e-01       2.455e-02
  ============================================================

  [12/30]  kappa = 0.01608
  ============================================================
  Rel-L2 @ t=T   Pade=4.723e-07   Pade+PINN=9.149e-04
  Poisson steady-state Rel-L2 (Pade+PINN) = 5.300e-01
  ============================================================
  Metric             [Pade]     [Pade+PINN]
  ============================================================
  Avg L2          7.508e-08       9.679e-04
  Rel_MSE         4.624e-14       8.005e-07
  Rel_RMSE        2.150e-07       8.947e-04
  ============================================================

  [13/30]  kappa = 0.02811
  ============================================================
  Rel-L2 @ t=T   Pade=1.061e-05   Pade+PINN=1.159e-03
  Poisson steady-state Rel-L2 (Pade+PINN) = 3.300e-01
  ============================================================
  Metric             [Pade]     [Pade+PINN]
  ============================================================
  Avg L2          1.736e-06       1.079e-03
  Rel_MSE         2.215e-11       1.089e-06
  Rel_RMSE        4.706e-06       1.044e-03
  ============================================================

  [14/30]  kappa = 0.27394
  ============================================================
  Rel-L2 @ t=T   Pade=1.136e-01   Pade+PINN=2.271e-02
  Poisson steady-state Rel-L2 (Pade+PINN) = 2.272e-02
  ============================================================
  Metric             [Pade]     [Pade+PINN]
  ============================================================
  Avg L2          3.299e-02       9.229e-03
  Rel_MSE         2.716e-03       1.370e-04
  Rel_RMSE        5.211e-02       1.170e-02
  ============================================================

  [15/30]  kappa = 0.01620
  ============================================================
  Rel-L2 @ t=T   Pade=4.921e-07   Pade+PINN=9.158e-04
  Poisson steady-state Rel-L2 (Pade+PINN) = 5.276e-01
  ============================================================
  Metric             [Pade]     [Pade+PINN]
  ============================================================
  Avg L2          7.824e-08       9.687e-04
  Rel_MSE         5.016e-14       8.021e-07
  Rel_RMSE        2.240e-07       8.956e-04
  ============================================================

  [16/30]  kappa = 0.01181
  ============================================================
  Rel-L2 @ t=T   Pade=8.082e-08   Pade+PINN=8.929e-04
  Poisson steady-state Rel-L2 (Pade+PINN) = 6.272e-01
  ============================================================
  Metric             [Pade]     [Pade+PINN]
  ============================================================
  Avg L2          1.272e-08       9.427e-04
  Rel_MSE         1.381e-15       7.529e-07
  Rel_RMSE        3.717e-08       8.677e-04
  ============================================================

  [17/30]  kappa = 0.30816
  ============================================================
  Rel-L2 @ t=T   Pade=1.433e-01   Pade+PINN=2.985e-02
  Poisson steady-state Rel-L2 (Pade+PINN) = 2.985e-02
  ============================================================
  Metric             [Pade]     [Pade+PINN]
  ============================================================
  Avg L2          4.402e-02       1.124e-02
  Rel_MSE         4.550e-03       2.111e-04
  Rel_RMSE        6.746e-02       1.453e-02
  ============================================================

  [18/30]  kappa = 0.07626
  ============================================================
  Rel-L2 @ t=T   Pade=1.615e-03   Pade+PINN=5.067e-03
  Poisson steady-state Rel-L2 (Pade+PINN) = 5.368e-02
  ============================================================
  Metric             [Pade]     [Pade+PINN]
  ============================================================
  Avg L2          2.997e-04       2.337e-03
  Rel_MSE         4.546e-07       9.198e-06
  Rel_RMSE        6.742e-04       3.033e-03
  ============================================================

  [19/30]  kappa = 0.30780
  ============================================================
  Rel-L2 @ t=T   Pade=1.430e-01   Pade+PINN=2.976e-02
  Poisson steady-state Rel-L2 (Pade+PINN) = 2.977e-02
  ============================================================
  Metric             [Pade]     [Pade+PINN]
  ============================================================
  Avg L2          4.389e-02       1.122e-02
  Rel_MSE         4.527e-03       2.101e-04
  Rel_RMSE        6.729e-02       1.449e-02
  ============================================================

  [20/30]  kappa = 0.02137
  ============================================================
  Rel-L2 @ t=T   Pade=2.339e-06   Pade+PINN=9.819e-04
  Poisson steady-state Rel-L2 (Pade+PINN) = 4.303e-01
  ============================================================
  Metric             [Pade]     [Pade+PINN]
  ============================================================
  Avg L2          3.765e-07       1.008e-03
  Rel_MSE         1.107e-12       8.920e-07
  Rel_RMSE        1.052e-06       9.444e-04
  ============================================================

  [21/30]  kappa = 0.11272
  ============================================================
  Rel-L2 @ t=T   Pade=8.256e-03   Pade+PINN=8.382e-03
  Poisson steady-state Rel-L2 (Pade+PINN) = 1.944e-02
  ============================================================
  Metric             [Pade]     [Pade+PINN]
  ============================================================
  Avg L2          1.688e-03       3.720e-03
  Rel_MSE         1.169e-05       2.478e-05
  Rel_RMSE        3.419e-03       4.978e-03
  ============================================================

  [22/30]  kappa = 0.05554
  ============================================================
  Rel-L2 @ t=T   Pade=3.644e-04   Pade+PINN=3.004e-03
  Poisson steady-state Rel-L2 (Pade+PINN) = 1.139e-01
  ============================================================
  Metric             [Pade]     [Pade+PINN]
  ============================================================
  Avg L2          6.399e-05       1.653e-03
  Rel_MSE         2.398e-08       3.827e-06
  Rel_RMSE        1.549e-04       1.956e-03
  ============================================================

  [23/30]  kappa = 0.01100
  ============================================================
  Rel-L2 @ t=T   Pade=5.341e-08   Pade+PINN=8.909e-04
  Poisson steady-state Rel-L2 (Pade+PINN) = 6.478e-01
  ============================================================
  Metric             [Pade]     [Pade+PINN]
  ============================================================
  Avg L2          8.388e-09       9.383e-04
  Rel_MSE         6.057e-16       7.457e-07
  Rel_RMSE        2.461e-08       8.635e-04
  ============================================================

  [24/30]  kappa = 0.24158
  ============================================================
  Rel-L2 @ t=T   Pade=8.616e-02   Pade+PINN=1.765e-02
  Poisson steady-state Rel-L2 (Pade+PINN) = 1.770e-02
  ============================================================
  Metric             [Pade]     [Pade+PINN]
  ============================================================
  Avg L2          2.362e-02       7.818e-03
  Rel_MSE         1.488e-03       9.612e-05
  Rel_RMSE        3.857e-02       9.804e-03
  ============================================================

  [25/30]  kappa = 0.04543
  ============================================================
  Rel-L2 @ t=T   Pade=1.336e-04   Pade+PINN=2.147e-03
  Poisson steady-state Rel-L2 (Pade+PINN) = 1.678e-01
  ============================================================
  Metric             [Pade]     [Pade+PINN]
  ============================================================
  Avg L2          2.285e-05       1.389e-03
  Rel_MSE         3.310e-09       2.337e-06
  Rel_RMSE        5.753e-05       1.529e-03
  ============================================================

  [26/30]  kappa = 0.07720
  ============================================================
  Rel-L2 @ t=T   Pade=1.706e-03   Pade+PINN=5.163e-03
  Poisson steady-state Rel-L2 (Pade+PINN) = 5.198e-02
  ============================================================
  Metric             [Pade]     [Pade+PINN]
  ============================================================
  Avg L2          3.174e-04       2.372e-03
  Rel_MSE         5.067e-07       9.516e-06
  Rel_RMSE        7.118e-04       3.085e-03
  ============================================================

  [27/30]  kappa = 0.15619
  ============================================================
  Rel-L2 @ t=T   Pade=2.600e-02   Pade+PINN=1.080e-02
  Poisson steady-state Rel-L2 (Pade+PINN) = 1.251e-02
  ============================================================
  Metric             [Pade]     [Pade+PINN]
  ============================================================
  Avg L2          5.933e-03       5.177e-03
  Rel_MSE         1.199e-04       4.499e-05
  Rel_RMSE        1.095e-02       6.707e-03
  ============================================================

  [28/30]  kappa = 0.06883
  ============================================================
  Rel-L2 @ t=T   Pade=1.013e-03   Pade+PINN=4.306e-03
  Poisson steady-state Rel-L2 (Pade+PINN) = 6.969e-02
  ============================================================
  Metric             [Pade]     [Pade+PINN]
  ============================================================
  Avg L2          1.842e-04       2.075e-03
  Rel_MSE         1.805e-07       6.903e-06
  Rel_RMSE        4.248e-04       2.627e-03
  ============================================================

  [29/30]  kappa = 0.01907
  ============================================================
  Rel-L2 @ t=T   Pade=1.240e-06   Pade+PINN=9.462e-04
  Poisson steady-state Rel-L2 (Pade+PINN) = 4.709e-01
  ============================================================
  Metric             [Pade]     [Pade+PINN]
  ============================================================
  Avg L2          1.985e-07       9.892e-04
  Rel_MSE         3.142e-13       8.469e-07
  Rel_RMSE        5.605e-07       9.203e-04
  ============================================================

  [30/30]  kappa = 0.45786
  ============================================================
  Rel-L2 @ t=T   Pade=2.674e-01   Pade+PINN=6.051e-02
  Poisson steady-state Rel-L2 (Pade+PINN) = 6.051e-02
  ============================================================
  Metric             [Pade]     [Pade+PINN]
  ============================================================
  Avg L2          9.897e-02       2.523e-02
  Rel_MSE         1.910e-02       1.026e-03
  Rel_RMSE        1.382e-01       3.204e-02
  ============================================================

Error metrics saved -> models/pade_pinn_poisson2d_error_metrics.json

Best held-out kappa = 0.01100  (Padé+PINN Rel_MSE = 7.457e-07) - generating plots for this trial

=================================================================
Final Average Error Metrics - across 30 held-out kappa values
=================================================================
  Metric             [Pade]     [Pade+PINN]
  ============================================================
  Avg L2          1.135e-02       4.418e-03
  Rel_MSE         1.476e-03       8.422e-05
  Rel_RMSE        1.713e-02       5.538e-03
  ============================================================
