
==============================================================
  PINN training  -  single global network  (2D Poisson, pseudo-time relaxation)
  Epochs=20000  lr=0.001
  kappa in [(0.01, 0.5)]  log-uniform   plot kappa=0.01100 (Padé+PINN best)
==============================================================
    500/20000  [3.156e-02, 1.146e-02, 3.438e-03]  kappa=0.03223  causal_eps=0.006  0.00s
   1000/20000  [1.162e-02, 2.744e-03, 1.327e-03]  kappa=0.05968  causal_eps=0.013  0.00s
   1500/20000  [2.396e-02, 1.945e-03, 4.273e-04]  kappa=0.02483  causal_eps=0.019  0.00s
   2000/20000  [3.074e-03, 1.913e-03, 1.248e-03]  kappa=0.33892  causal_eps=0.025  0.00s
   2500/20000  [6.832e-03, 1.066e-03, 2.869e-04]  kappa=0.02631  causal_eps=0.031  0.00s
   3000/20000  [1.781e-03, 1.118e-03, 4.596e-04]  kappa=0.14716  causal_eps=0.038  0.00s
   3500/20000  [1.307e-03, 6.915e-04, 1.853e-04]  kappa=0.05811  causal_eps=0.044  0.00s
   4000/20000  [2.243e-03, 9.305e-04, 1.869e-04]  kappa=0.01483  causal_eps=0.050  0.00s
   4500/20000  [9.416e-04, 5.660e-04, 2.424e-04]  kappa=0.11944  causal_eps=0.056  0.00s
   5000/20000  [2.023e-03, 3.688e-04, 1.281e-04]  kappa=0.04511  causal_eps=0.062  0.00s
   5500/20000  [1.904e-03, 1.427e-03, 4.511e-04]  kappa=0.06357  causal_eps=0.069  0.00s
   6000/20000  [7.430e-04, 2.613e-04, 6.641e-05]  kappa=0.05495  causal_eps=0.075  0.00s
   6500/20000  [6.576e-04, 4.499e-04, 1.219e-04]  kappa=0.02576  causal_eps=0.081  0.00s
   7000/20000  [8.553e-04, 1.772e-04, 7.399e-05]  kappa=0.04697  causal_eps=0.088  0.00s
   7500/20000  [1.453e-03, 5.679e-04, 6.441e-04]  kappa=0.28327  causal_eps=0.094  0.00s
   8000/20000  [5.829e-04, 3.566e-04, 4.163e-04]  kappa=0.06747  causal_eps=0.100  0.00s
   8500/20000  [6.122e-04, 1.539e-04, 3.356e-04]  kappa=0.43860  causal_eps=0.106  0.00s
   9000/20000  [4.006e-04, 2.103e-04, 4.985e-05]  kappa=0.12603  causal_eps=0.113  0.00s
   9500/20000  [1.126e-03, 3.162e-04, 1.157e-04]  kappa=0.01707  causal_eps=0.119  0.00s
  10000/20000  [1.317e-02, 2.539e-03, 4.003e-04]  kappa=0.16277  causal_eps=0.125  8.37s
  10500/20000  [5.985e-04, 1.149e-04, 6.126e-05]  kappa=0.04074  causal_eps=0.131  0.00s
  11000/20000  [8.784e-04, 2.746e-04, 1.119e-04]  kappa=0.02903  causal_eps=0.138  0.00s
  11500/20000  [1.087e-03, 2.709e-04, 1.110e-04]  kappa=0.02617  causal_eps=0.144  0.00s
  12000/20000  [9.660e-04, 1.927e-04, 6.727e-05]  kappa=0.01213  causal_eps=0.150  0.00s
  12500/20000  [1.183e-03, 2.261e-04, 4.052e-05]  kappa=0.11721  causal_eps=0.156  0.00s
  13000/20000  [6.358e-04, 1.888e-04, 6.878e-05]  kappa=0.04564  causal_eps=0.163  0.00s
  13500/20000  [2.263e-03, 3.127e-04, 1.145e-04]  kappa=0.02165  causal_eps=0.169  0.00s
  14000/20000  [2.766e-04, 1.867e-04, 8.054e-05]  kappa=0.02996  causal_eps=0.175  0.00s
  14500/20000  [2.203e-03, 2.670e-04, 1.977e-04]  kappa=0.14181  causal_eps=0.181  0.00s
  15000/20000  [5.475e-04, 8.993e-05, 1.689e-04]  kappa=0.46759  causal_eps=0.188  0.00s
  15500/20000  [3.820e-03, 3.515e-04, 1.960e-04]  kappa=0.38824  causal_eps=0.194  0.00s
  16000/20000  [4.876e-04, 5.841e-05, 4.006e-05]  kappa=0.07047  causal_eps=0.200  0.00s
  16500/20000  [1.364e-03, 2.581e-04, 3.520e-04]  kappa=0.40722  causal_eps=0.200  0.00s
  17000/20000  [3.119e-04, 1.167e-04, 2.687e-05]  kappa=0.12583  causal_eps=0.200  0.00s
  17500/20000  [4.129e-03, 6.520e-04, 7.369e-05]  kappa=0.05192  causal_eps=0.200  0.00s
  18000/20000  [4.557e-04, 1.892e-04, 1.722e-04]  kappa=0.02290  causal_eps=0.200  0.00s
  18500/20000  [1.970e-04, 6.039e-05, 7.088e-05]  kappa=0.34974  causal_eps=0.200  0.00s
  19000/20000  [6.501e-04, 6.141e-05, 7.333e-05]  kappa=0.33813  causal_eps=0.200  0.00s
  19500/20000  [1.954e-04, 1.770e-04, 2.506e-05]  kappa=0.03917  causal_eps=0.200  0.00s
  20000/20000  [1.600e-03, 3.671e-04, 7.688e-05]  kappa=0.01940  causal_eps=0.200  0.00s
Model saved to models/pinn_poisson2d.pkl

=================================================================
Evaluation — 30 held-out κ values
=================================================================

  [1/30]  κ = 0.08723

==============================================================
Metric             [PINN]
==============================================================
Rel-L2@t=T      6.159e-02
L2              7.079e-02
Rel_MSE         4.123e-03
Rel_RMSE        6.421e-02
==============================================================

  [2/30]  κ = 0.02129

==============================================================
Metric             [PINN]
==============================================================
Rel-L2@t=T      3.087e-02
L2              5.191e-02
Rel_MSE         1.160e-03
Rel_RMSE        3.406e-02
==============================================================

  [3/30]  κ = 0.01523

==============================================================
Metric             [PINN]
==============================================================
Rel-L2@t=T      3.049e-02
L2              5.055e-02
Rel_MSE         1.024e-03
Rel_RMSE        3.199e-02
==============================================================

  [4/30]  κ = 0.12302

==============================================================
Metric             [PINN]
==============================================================
Rel-L2@t=T      6.438e-02
L2              7.362e-02
Rel_MSE         4.341e-03
Rel_RMSE        6.588e-02
==============================================================

  [5/30]  κ = 0.02892

==============================================================
Metric             [PINN]
==============================================================
Rel-L2@t=T      3.301e-02
L2              5.451e-02
Rel_MSE         1.453e-03
Rel_RMSE        3.812e-02
==============================================================

  [6/30]  κ = 0.01316

==============================================================
Metric             [PINN]
==============================================================
Rel-L2@t=T      3.155e-02
L2              5.041e-02
Rel_MSE         1.014e-03
Rel_RMSE        3.184e-02
==============================================================

  [7/30]  κ = 0.04062

==============================================================
Metric             [PINN]
==============================================================
Rel-L2@t=T      3.691e-02
L2              5.896e-02
Rel_MSE         2.043e-03
Rel_RMSE        4.520e-02
==============================================================

  [8/30]  κ = 0.04419

==============================================================
Metric             [PINN]
==============================================================
Rel-L2@t=T      3.857e-02
L2              6.030e-02
Rel_MSE         2.244e-03
Rel_RMSE        4.737e-02
==============================================================

  [9/30]  κ = 0.17245

==============================================================
Metric             [PINN]
==============================================================
Rel-L2@t=T      6.281e-02
L2              8.123e-02
Rel_MSE         4.879e-03
Rel_RMSE        6.985e-02
==============================================================

  [10/30]  κ = 0.12983

==============================================================
Metric             [PINN]
==============================================================
Rel-L2@t=T      6.402e-02
L2              7.422e-02
Rel_MSE         4.351e-03
Rel_RMSE        6.596e-02
==============================================================

  [11/30]  κ = 0.39220

==============================================================
Metric             [PINN]
==============================================================
Rel-L2@t=T      1.275e-01
L2              1.683e-01
Rel_MSE         2.519e-02
Rel_RMSE        1.587e-01
==============================================================

  [12/30]  κ = 0.01608

==============================================================
Metric             [PINN]
==============================================================
Rel-L2@t=T      3.031e-02
L2              5.067e-02
Rel_MSE         1.034e-03
Rel_RMSE        3.216e-02
==============================================================

  [13/30]  κ = 0.02811

==============================================================
Metric             [PINN]
==============================================================
Rel-L2@t=T      3.278e-02
L2              5.422e-02
Rel_MSE         1.418e-03
Rel_RMSE        3.765e-02
==============================================================

  [14/30]  κ = 0.27394

==============================================================
Metric             [PINN]
==============================================================
Rel-L2@t=T      8.550e-02
L2              1.199e-01
Rel_MSE         1.147e-02
Rel_RMSE        1.071e-01
==============================================================

  [15/30]  κ = 0.01620

==============================================================
Metric             [PINN]
==============================================================
Rel-L2@t=T      3.029e-02
L2              5.068e-02
Rel_MSE         1.036e-03
Rel_RMSE        3.219e-02
==============================================================

  [16/30]  κ = 0.01181

==============================================================
Metric             [PINN]
==============================================================
Rel-L2@t=T      3.286e-02
L2              5.045e-02
Rel_MSE         1.024e-03
Rel_RMSE        3.200e-02
==============================================================

  [17/30]  κ = 0.30816

==============================================================
Metric             [PINN]
==============================================================
Rel-L2@t=T      9.785e-02
L2              1.351e-01
Rel_MSE         1.511e-02
Rel_RMSE        1.229e-01
==============================================================

  [18/30]  κ = 0.07626

==============================================================
Metric             [PINN]
==============================================================
Rel-L2@t=T      5.753e-02
L2              6.926e-02
Rel_MSE         3.843e-03
Rel_RMSE        6.200e-02
==============================================================

  [19/30]  κ = 0.30780

==============================================================
Metric             [PINN]
==============================================================
Rel-L2@t=T      9.772e-02
L2              1.350e-01
Rel_MSE         1.507e-02
Rel_RMSE        1.228e-01
==============================================================

  [20/30]  κ = 0.02137

==============================================================
Metric             [PINN]
==============================================================
Rel-L2@t=T      3.089e-02
L2              5.193e-02
Rel_MSE         1.162e-03
Rel_RMSE        3.409e-02
==============================================================

  [21/30]  κ = 0.11272

==============================================================
Metric             [PINN]
==============================================================
Rel-L2@t=T      6.464e-02
L2              7.286e-02
Rel_MSE         4.330e-03
Rel_RMSE        6.580e-02
==============================================================

  [22/30]  κ = 0.05554

==============================================================
Metric             [PINN]
==============================================================
Rel-L2@t=T      4.529e-02
L2              6.423e-02
Rel_MSE         2.897e-03
Rel_RMSE        5.382e-02
==============================================================

  [23/30]  κ = 0.01100

==============================================================
Metric             [PINN]
==============================================================
Rel-L2@t=T      3.396e-02
L2              5.055e-02
Rel_MSE         1.037e-03
Rel_RMSE        3.221e-02
==============================================================

  [24/30]  κ = 0.24158

==============================================================
Metric             [PINN]
==============================================================
Rel-L2@t=T      7.496e-02
L2              1.056e-01
Rel_MSE         8.561e-03
Rel_RMSE        9.252e-02
==============================================================

  [25/30]  κ = 0.04543

==============================================================
Metric             [PINN]
==============================================================
Rel-L2@t=T      3.920e-02
L2              6.075e-02
Rel_MSE         2.315e-03
Rel_RMSE        4.812e-02
==============================================================

  [26/30]  κ = 0.07720

==============================================================
Metric             [PINN]
==============================================================
Rel-L2@t=T      5.796e-02
L2              6.942e-02
Rel_MSE         3.874e-03
Rel_RMSE        6.224e-02
==============================================================

  [27/30]  κ = 0.15619

==============================================================
Metric             [PINN]
==============================================================
Rel-L2@t=T      6.272e-02
L2              7.779e-02
Rel_MSE         4.550e-03
Rel_RMSE        6.746e-02
==============================================================

  [28/30]  κ = 0.06883

==============================================================
Metric             [PINN]
==============================================================
Rel-L2@t=T      5.368e-02
L2              6.781e-02
Rel_MSE         3.563e-03
Rel_RMSE        5.969e-02
==============================================================

  [29/30]  κ = 0.01907

==============================================================
Metric             [PINN]
==============================================================
Rel-L2@t=T      3.040e-02
L2              5.129e-02
Rel_MSE         1.096e-03
Rel_RMSE        3.311e-02
==============================================================

  [30/30]  κ = 0.45786

==============================================================
Metric             [PINN]
==============================================================
Rel-L2@t=T      1.491e-01
L2              1.897e-01
Rel_MSE         3.334e-02
Rel_RMSE        1.826e-01
==============================================================

Error metrics saved to models/pinn_poisson2d_error_metrics.json

Plotting held-out κ = 0.01100 (Padé+PINN's best)  —  PINN Rel_MSE there = 1.037e-03

=================================================================
Final Average Error Metrics — across 30 held-out κ values
=================================================================
Metric             [PINN]
==============================================================
Avg L2          7.740e-02
Rel_MSE         5.618e-03
Rel_RMSE        6.445e-02
==============================================================
