Computing [3/3] temporal Padé approximant for the heat equation...
 f0=cos(2*pi*x)
 f1=-4*pi**2*kappa*cos(2*pi*x)
 f2=16*pi**4*kappa**2*cos(2*pi*x)
 f3=-64*pi**6*kappa**3*cos(2*pi*x)
 f4=256*pi**8*kappa**4*cos(2*pi*x)
 f5=-1024*pi**10*kappa**5*cos(2*pi*x)
 f6=4096*pi**12*kappa**6*cos(2*pi*x)
 b0=1 (normalised)
 b1=2*pi**2*kappa
 b2=8*pi**4*kappa**2/5
 b3=8*pi**6*kappa**3/15
 a0=cos(2*pi*x)
 a1=-2*pi**2*kappa*cos(2*pi*x)
 a2=8*pi**4*kappa**2*cos(2*pi*x)/5
 a3=-8*pi**6*kappa**3*cos(2*pi*x)/15
 P[3/3](x,t) = (-8*pi**6*kappa**3*t**3*cos(2*pi*x)/15 + 8*pi**4*kappa**2*t**2*cos(2*pi*x)/5 - 2*pi**2*kappa*t*cos(2*pi*x) + cos(2*pi*x))/(8*pi**6*kappa**3*t**3/15 + 8*pi**4*kappa**2*t**2/5 + 2*pi**2*kappa*t + 1)

==============================================================
  Padé-PINN training -- (Heat)
  epochs=50000  lr=0.001
  time=2.0 nx=2000  min_x=-1.0 max_x=1.0
  $\kappa$ in [(0.01, 0.09)]  log-uniform
==============================================================
    500/50000  [6.753e-04, 2.377e-08]  kappa=0.07315  causal_eps=0.003  0.03s
   1000/50000  [3.746e-08, 1.105e-07]  kappa=0.01015  causal_eps=0.005  0.03s
   1500/50000  [3.117e-04, 5.268e-08]  kappa=0.06625  causal_eps=0.007  0.03s
   2000/50000  [3.086e-08, 1.299e-07]  kappa=0.01400  causal_eps=0.010  0.04s
   2500/50000  [3.087e-08, 2.332e-08]  kappa=0.01528  causal_eps=0.013  0.03s
   3000/50000  [2.955e-08, 1.211e-07]  kappa=0.01082  causal_eps=0.015  0.03s
   3500/50000  [4.319e-07, 3.875e-08]  kappa=0.02397  causal_eps=0.017  0.03s
   4000/50000  [2.304e-07, 1.328e-07]  kappa=0.01652  causal_eps=0.020  0.03s
   4500/50000  [2.795e-06, 2.498e-07]  kappa=0.01488  causal_eps=0.023  0.03s
   5000/50000  [1.466e-07, 1.090e-07]  kappa=0.02260  causal_eps=0.025  0.03s
   5500/50000  [8.044e-08, 5.855e-08]  kappa=0.01702  causal_eps=0.028  0.03s
   6000/50000  [2.705e-03, 7.844e-08]  kappa=0.08823  causal_eps=0.030  0.03s
   6500/50000  [2.369e-07, 1.111e-07]  kappa=0.03119  causal_eps=0.033  0.04s
   7000/50000  [2.771e-06, 1.420e-07]  kappa=0.03916  causal_eps=0.035  0.03s
   7500/50000  [3.840e-07, 2.225e-07]  kappa=0.01340  causal_eps=0.038  0.03s
   8000/50000  [1.985e-04, 1.766e-08]  kappa=0.06304  causal_eps=0.040  0.03s
   8500/50000  [5.284e-08, 9.014e-08]  kappa=0.01175  causal_eps=0.043  0.03s
   9000/50000  [1.331e-07, 2.922e-08]  kappa=0.02917  causal_eps=0.045  0.03s
   9500/50000  [4.166e-06, 1.468e-07]  kappa=0.04127  causal_eps=0.048  0.03s
  10000/50000  [2.487e-03, 6.907e-07]  kappa=0.07600  causal_eps=0.050  8.95s
  10500/50000  [1.203e-06, 5.232e-07]  kappa=0.02356  causal_eps=0.053  0.04s
  11000/50000  [1.769e-06, 1.103e-06]  kappa=0.03042  causal_eps=0.055  0.04s
  11500/50000  [6.197e-04, 1.757e-05]  kappa=0.06596  causal_eps=0.057  0.03s
  12000/50000  [4.347e-03, 1.800e-05]  kappa=0.08374  causal_eps=0.060  0.03s
  12500/50000  [6.038e-06, 5.096e-07]  kappa=0.03031  causal_eps=0.062  0.04s
  13000/50000  [6.422e-05, 1.271e-04]  kappa=0.01159  causal_eps=0.065  0.04s
  13500/50000  [3.686e-06, 6.533e-07]  kappa=0.01180  causal_eps=0.068  0.04s
  14000/50000  [8.203e-06, 1.113e-06]  kappa=0.01521  causal_eps=0.070  0.03s
  14500/50000  [1.568e-04, 2.904e-06]  kappa=0.05726  causal_eps=0.072  0.04s
  15000/50000  [8.999e-06, 6.254e-07]  kappa=0.01017  causal_eps=0.075  0.04s
  15500/50000  [1.636e-05, 8.232e-06]  kappa=0.01247  causal_eps=0.078  0.03s
  16000/50000  [5.530e-04, 5.880e-05]  kappa=0.01023  causal_eps=0.080  0.04s
  16500/50000  [2.604e-05, 2.930e-07]  kappa=0.03338  causal_eps=0.083  0.04s
  17000/50000  [2.053e-05, 8.838e-06]  kappa=0.05433  causal_eps=0.085  0.04s
  17500/50000  [5.606e-05, 4.516e-05]  kappa=0.01190  causal_eps=0.088  0.04s
  18000/50000  [2.504e-04, 4.661e-07]  kappa=0.06891  causal_eps=0.090  0.04s
  18500/50000  [1.755e-05, 8.756e-07]  kappa=0.03112  causal_eps=0.093  0.04s
  19000/50000  [4.389e-06, 2.438e-07]  kappa=0.01033  causal_eps=0.095  0.04s
  19500/50000  [7.626e-06, 7.122e-07]  kappa=0.02015  causal_eps=0.098  0.04s
  20000/50000  [1.478e-05, 6.229e-06]  kappa=0.03719  causal_eps=0.100  0.04s
  20500/50000  [6.632e-06, 1.050e-05]  kappa=0.01809  causal_eps=0.102  0.04s
  21000/50000  [8.863e-06, 3.232e-07]  kappa=0.02967  causal_eps=0.105  0.04s
  21500/50000  [3.612e-06, 1.989e-06]  kappa=0.03873  causal_eps=0.107  0.04s
  22000/50000  [6.218e-06, 2.422e-07]  kappa=0.02272  causal_eps=0.110  0.03s
  22500/50000  [3.578e-06, 9.256e-07]  kappa=0.01898  causal_eps=0.113  0.04s
  23000/50000  [3.078e-06, 3.297e-08]  kappa=0.03450  causal_eps=0.115  0.04s
  23500/50000  [3.190e-06, 1.178e-06]  kappa=0.04594  causal_eps=0.118  0.04s
  24000/50000  [1.567e-04, 5.516e-06]  kappa=0.05810  causal_eps=0.120  0.04s
  24500/50000  [1.122e-06, 1.095e-07]  kappa=0.02574  causal_eps=0.123  0.04s
  25000/50000  [1.211e-06, 1.238e-07]  kappa=0.01528  causal_eps=0.125  0.04s
  25500/50000  [1.419e-04, 4.502e-06]  kappa=0.08213  causal_eps=0.128  0.04s
  26000/50000  [1.023e-05, 3.518e-07]  kappa=0.05442  causal_eps=0.130  0.03s
  26500/50000  [2.199e-06, 5.453e-08]  kappa=0.03034  causal_eps=0.133  0.04s
  27000/50000  [5.486e-07, 1.048e-08]  kappa=0.01512  causal_eps=0.135  0.04s
  27500/50000  [1.034e-04, 2.060e-06]  kappa=0.06715  causal_eps=0.138  0.04s
  28000/50000  [1.834e-04, 1.992e-07]  kappa=0.05478  causal_eps=0.140  0.04s
  28500/50000  [6.711e-05, 4.000e-06]  kappa=0.05926  causal_eps=0.143  0.04s
  29000/50000  [2.070e-05, 1.123e-07]  kappa=0.01447  causal_eps=0.145  0.04s
  29500/50000  [6.678e-05, 1.904e-06]  kappa=0.06825  causal_eps=0.148  0.04s
  30000/50000  [1.165e-05, 3.865e-07]  kappa=0.02073  causal_eps=0.150  0.04s
  30500/50000  [1.643e-05, 5.117e-07]  kappa=0.05222  causal_eps=0.152  0.03s
  31000/50000  [3.507e-05, 9.946e-06]  kappa=0.06400  causal_eps=0.155  0.04s
  31500/50000  [8.694e-06, 9.713e-09]  kappa=0.04370  causal_eps=0.158  0.04s
  32000/50000  [3.148e-06, 8.572e-07]  kappa=0.03268  causal_eps=0.160  0.04s
  32500/50000  [4.008e-05, 7.662e-06]  kappa=0.04128  causal_eps=0.163  0.04s
  33000/50000  [5.160e-07, 8.112e-07]  kappa=0.01288  causal_eps=0.165  0.03s
  33500/50000  [1.533e-04, 1.941e-05]  kappa=0.07754  causal_eps=0.168  0.04s
  34000/50000  [4.292e-05, 6.436e-07]  kappa=0.05302  causal_eps=0.170  0.03s
  34500/50000  [3.677e-06, 6.526e-07]  kappa=0.01008  causal_eps=0.173  0.04s
  35000/50000  [3.400e-05, 1.074e-05]  kappa=0.07146  causal_eps=0.175  0.04s
  35500/50000  [2.002e-06, 2.676e-08]  kappa=0.01711  causal_eps=0.177  0.04s
  36000/50000  [9.442e-07, 2.790e-07]  kappa=0.02308  causal_eps=0.180  0.04s
  36500/50000  [2.218e-05, 1.242e-06]  kappa=0.06562  causal_eps=0.182  0.04s
  37000/50000  [1.104e-04, 5.399e-05]  kappa=0.08657  causal_eps=0.185  0.04s
  37500/50000  [1.764e-05, 7.758e-07]  kappa=0.07145  causal_eps=0.188  0.04s
  38000/50000  [1.344e-06, 2.924e-07]  kappa=0.01953  causal_eps=0.190  0.04s
  38500/50000  [3.809e-04, 2.004e-05]  kappa=0.07300  causal_eps=0.193  0.04s
  39000/50000  [2.632e-05, 1.067e-05]  kappa=0.06358  causal_eps=0.195  0.04s
  39500/50000  [2.268e-06, 1.063e-07]  kappa=0.02887  causal_eps=0.198  0.04s
  40000/50000  [6.583e-05, 5.419e-06]  kappa=0.06959  causal_eps=0.200  0.03s
  40500/50000  [1.039e-05, 2.322e-07]  kappa=0.06076  causal_eps=0.200  0.04s
  41000/50000  [5.927e-07, 1.284e-06]  kappa=0.04426  causal_eps=0.200  0.04s
  41500/50000  [3.873e-06, 4.356e-08]  kappa=0.04374  causal_eps=0.200  0.04s
  42000/50000  [2.168e-06, 1.650e-07]  kappa=0.02630  causal_eps=0.200  0.04s
  42500/50000  [2.113e-06, 7.471e-07]  kappa=0.03959  causal_eps=0.200  0.04s
  43000/50000  [9.056e-07, 9.709e-08]  kappa=0.02227  causal_eps=0.200  0.04s
  43500/50000  [3.653e-06, 1.158e-06]  kappa=0.05786  causal_eps=0.200  0.04s
  44000/50000  [1.328e-06, 2.798e-07]  kappa=0.03749  causal_eps=0.200  0.04s
  44500/50000  [4.570e-07, 2.789e-08]  kappa=0.01035  causal_eps=0.200  0.04s
  45000/50000  [9.891e-06, 2.367e-06]  kappa=0.06259  causal_eps=0.200  0.04s
  45500/50000  [1.146e-05, 3.269e-06]  kappa=0.02004  causal_eps=0.200  0.04s
  46000/50000  [3.082e-05, 4.556e-06]  kappa=0.04838  causal_eps=0.200  0.04s
  46500/50000  [3.488e-06, 2.778e-07]  kappa=0.05139  causal_eps=0.200  0.04s
  47000/50000  [1.728e-05, 1.223e-06]  kappa=0.07134  causal_eps=0.200  0.04s
  47500/50000  [1.208e-05, 3.017e-07]  kappa=0.01616  causal_eps=0.200  0.04s
  48000/50000  [9.039e-07, 1.251e-08]  kappa=0.01151  causal_eps=0.200  0.04s
  48500/50000  [1.775e-05, 3.362e-07]  kappa=0.06538  causal_eps=0.200  0.04s
  49000/50000  [2.637e-06, 7.738e-08]  kappa=0.01425  causal_eps=0.200  0.04s
  49500/50000  [2.683e-05, 1.519e-05]  kappa=0.06331  causal_eps=0.200  0.04s
  50000/50000  [7.401e-07, 1.530e-08]  kappa=0.02350  causal_eps=0.200  0.04s
Model saved → models/pade_pinn_heat.pkl

=================================================================
Evaluation — 30 held-out κ values
=================================================================

  [1/30]  κ = 0.07169
  ============================================================
  Rel-L2 @ t=T   Padé=5.616e+00   Padé+PINN=1.370e+00
  ============================================================
  Metric             [Padé]     [Padé+PINN]
 ============================================================
  Avg L2          5.867e-01       1.639e-01
  Rel_MSE         5.233e-04       4.191e-05
  Rel_RMSE        2.287e-02       6.474e-03
  ============================================================

  [2/30]  κ = 0.02789
  ============================================================
  Rel-L2 @ t=T   Padé=3.440e-03   Padé+PINN=8.477e-03
  ============================================================
  Metric             [Padé]     [Padé+PINN]
 ============================================================
  Avg L2          5.884e-04       1.699e-03
  Rel_MSE         8.614e-08       7.042e-07
  Rel_RMSE        2.935e-04       8.391e-04
  ============================================================

  [3/30]  κ = 0.03230
  ============================================================
  Rel-L2 @ t=T   Padé=9.410e-03   Padé+PINN=1.163e-02
  ============================================================
  Metric             [Padé]     [Padé+PINN]
 ============================================================
  Avg L2          1.332e-03       2.250e-03
  Rel_MSE         3.000e-07       8.050e-07
  Rel_RMSE        5.477e-04       8.972e-04
  ============================================================

  [4/30]  κ = 0.03677
  ============================================================
  Rel-L2 @ t=T   Padé=2.421e-02   Padé+PINN=1.458e-02
  ============================================================
  Metric             [Padé]     [Padé+PINN]
 ============================================================
  Avg L2          3.109e-03       2.801e-03
  Rel_MSE         1.046e-06       7.994e-07
  Rel_RMSE        1.023e-03       8.941e-04
  ============================================================

  [5/30]  κ = 0.02431
  ============================================================
  Rel-L2 @ t=T   Padé=1.485e-03   Padé+PINN=6.196e-03
  ============================================================
  Metric             [Padé]     [Padé+PINN]
 ============================================================
  Avg L2          3.292e-04       1.311e-03
  Rel_MSE         3.621e-08       5.807e-07
  Rel_RMSE        1.903e-04       7.620e-04
  ============================================================

  [6/30]  κ = 0.02259
  ============================================================
  Rel-L2 @ t=T   Padé=1.004e-03   Padé+PINN=5.256e-03
  ============================================================
  Metric             [Padé]     [Padé+PINN]
 ============================================================
  Avg L2          2.600e-04       1.151e-03
  Rel_MSE         2.602e-08       5.189e-07
  Rel_RMSE        1.613e-04       7.204e-04
  ============================================================

  [7/30]  κ = 0.02580
  ============================================================
  Rel-L2 @ t=T   Padé=2.101e-03   Padé+PINN=7.092e-03
  ============================================================
  Metric             [Padé]     [Padé+PINN]
 ============================================================
  Avg L2          4.132e-04       1.463e-03
  Rel_MSE         5.050e-08       6.338e-07
  Rel_RMSE        2.247e-04       7.961e-04
  ============================================================

  [8/30]  κ = 0.03144
  ============================================================
  Rel-L2 @ t=T   Padé=7.767e-03   Padé+PINN=1.101e-02
  ============================================================
  Metric             [Padé]     [Padé+PINN]
 ============================================================
  Avg L2          1.130e-03       2.139e-03
  Rel_MSE         2.340e-07       7.925e-07
  Rel_RMSE        4.837e-04       8.902e-04
  ============================================================

  [9/30]  κ = 0.03116
  ============================================================
  Rel-L2 @ t=T   Padé=7.290e-03   Padé+PINN=1.080e-02
  ============================================================
  Metric             [Padé]     [Padé+PINN]
 ============================================================
  Avg L2          1.071e-03       2.103e-03
  Rel_MSE         2.157e-07       7.875e-07
  Rel_RMSE        4.644e-04       8.874e-04
  ============================================================

  [10/30]  κ = 0.02620
  ============================================================
  Rel-L2 @ t=T   Padé=2.313e-03   Padé+PINN=7.352e-03
  ============================================================
  Metric             [Padé]     [Padé+PINN]
 ============================================================
  Avg L2          4.415e-04       1.507e-03
  Rel_MSE         5.575e-08       6.481e-07
  Rel_RMSE        2.361e-04       8.050e-04
  ============================================================

  [11/30]  κ = 0.07500
  ============================================================
  Rel-L2 @ t=T   Padé=8.485e+00   Padé+PINN=1.866e+00
  ============================================================
  Metric             [Padé]     [Padé+PINN]
 ============================================================
  Avg L2          8.734e-01       2.220e-01
  Rel_MSE         7.555e-04       5.054e-05
  Rel_RMSE        2.749e-02       7.109e-03
  ============================================================

  [12/30]  κ = 0.01586
  ============================================================
  Rel-L2 @ t=T   Padé=3.041e-04   Padé+PINN=2.639e-03
  ============================================================
  Metric             [Padé]     [Padé+PINN]
 ============================================================
  Avg L2          1.330e-04       6.918e-04
  Rel_MSE         1.105e-08       3.130e-07
  Rel_RMSE        1.051e-04       5.594e-04
  ============================================================

  [13/30]  κ = 0.02578
  ============================================================
  Rel-L2 @ t=T   Padé=2.093e-03   Padé+PINN=7.083e-03
  ============================================================
  Metric             [Padé]     [Padé+PINN]
 ============================================================
  Avg L2          4.123e-04       1.462e-03
  Rel_MSE         5.032e-08       6.332e-07
  Rel_RMSE        2.243e-04       7.958e-04
  ============================================================

  [14/30]  κ = 0.04231
  ============================================================
  Rel-L2 @ t=T   Padé=7.019e-02   Padé+PINN=1.999e-02
  ============================================================
  Metric             [Padé]     [Padé+PINN]
 ============================================================
  Avg L2          8.481e-03       3.539e-03
  Rel_MSE         4.205e-06       7.304e-07
  Rel_RMSE        2.051e-03       8.546e-04
  ============================================================

  [15/30]  κ = 0.08715
  ============================================================
  Rel-L2 @ t=T   Padé=3.541e+01   Padé+PINN=7.146e+00
  ============================================================
  Metric             [Padé]     [Padé+PINN]
 ============================================================
  Avg L2          3.448e+00       6.705e-01
  Rel_MSE         2.412e-03       9.173e-05
  Rel_RMSE        4.911e-02       9.578e-03
  ============================================================

  [16/30]  κ = 0.05972
  ============================================================
  Rel-L2 @ t=T   Padé=1.136e+00   Padé+PINN=3.485e-01
  ============================================================
  Metric             [Padé]     [Padé+PINN]
 ============================================================
  Avg L2          1.251e-01       4.082e-02
  Rel_MSE         1.095e-04       1.169e-05
  Rel_RMSE        1.046e-02       3.419e-03
  ============================================================

  [17/30]  κ = 0.01637
  ============================================================
  Rel-L2 @ t=T   Padé=3.252e-04   Padé+PINN=2.784e-03
  ============================================================
  Metric             [Padé]     [Padé+PINN]
 ============================================================
  Avg L2          1.387e-04       7.183e-04
  Rel_MSE         1.165e-08       3.258e-07
  Rel_RMSE        1.079e-04       5.708e-04
  ============================================================

  [18/30]  κ = 0.03535
  ============================================================
  Rel-L2 @ t=T   Padé=1.810e-02   Padé+PINN=1.370e-02
  ============================================================
  Metric             [Padé]     [Padé+PINN]
 ============================================================
  Avg L2          2.381e-03       2.633e-03
  Rel_MSE         7.114e-07       8.136e-07
  Rel_RMSE        8.434e-04       9.020e-04
  ============================================================

  [19/30]  κ = 0.02091
  ============================================================
  Rel-L2 @ t=T   Padé=7.022e-04   Padé+PINN=4.449e-03
  ============================================================
  Metric             [Padé]     [Padé+PINN]
 ============================================================
  Avg L2          2.127e-04       1.012e-03
  Rel_MSE         1.994e-08       4.608e-07
  Rel_RMSE        1.412e-04       6.788e-04
  ============================================================

  [20/30]  κ = 0.05724
  ============================================================
  Rel-L2 @ t=T   Padé=7.954e-01   Padé+PINN=2.444e-01
  ============================================================
  Metric             [Padé]     [Padé+PINN]
 ============================================================
  Avg L2          8.857e-02       2.859e-02
  Rel_MSE         7.486e-05       7.808e-06
  Rel_RMSE        8.652e-03       2.794e-03
  ============================================================

  [21/30]  κ = 0.01032
  ============================================================
  Rel-L2 @ t=T   Padé=1.673e-04   Padé+PINN=1.497e-03
  ============================================================
  Metric             [Padé]     [Padé+PINN]
 ============================================================
  Avg L2          8.275e-05       4.710e-04
  Rel_MSE         5.750e-09       2.032e-07
  Rel_RMSE        7.583e-05       4.508e-04
  ============================================================

  [22/30]  κ = 0.08744
  ============================================================
  Rel-L2 @ t=T   Padé=3.659e+01   Padé+PINN=7.448e+00
  ============================================================
  Metric             [Padé]     [Padé+PINN]
 ============================================================
  Avg L2          3.558e+00       6.931e-01
  Rel_MSE         2.472e-03       9.413e-05
  Rel_RMSE        4.972e-02       9.702e-03
  ============================================================

  [23/30]  κ = 0.02889
  ============================================================
  Rel-L2 @ t=T   Padé=4.341e-03   Padé+PINN=9.174e-03
  ============================================================
  Metric             [Padé]     [Padé+PINN]
 ============================================================
  Avg L2          7.032e-04       1.819e-03
  Rel_MSE         1.132e-07       7.340e-07
  Rel_RMSE        3.365e-04       8.567e-04
  ============================================================

  [24/30]  κ = 0.02219
  ============================================================
  Rel-L2 @ t=T   Padé=9.204e-04   Padé+PINN=5.055e-03
  ============================================================
  Metric             [Padé]     [Padé+PINN]
 ============================================================
  Avg L2          2.472e-04       1.117e-03
  Rel_MSE         2.432e-08       5.049e-07
  Rel_RMSE        1.559e-04       7.105e-04
  ============================================================

  [25/30]  κ = 0.04545
  ============================================================
  Rel-L2 @ t=T   Padé=1.228e-01   Padé+PINN=3.104e-02
  ============================================================
  Metric             [Padé]     [Padé+PINN]
 ============================================================
  Avg L2          1.451e-02       4.629e-03
  Rel_MSE         8.512e-06       8.654e-07
  Rel_RMSE        2.918e-03       9.303e-04
  ============================================================

  [26/30]  κ = 0.03242
  ============================================================
  Rel-L2 @ t=T   Padé=9.653e-03   Padé+PINN=1.171e-02
  ============================================================
  Metric             [Padé]     [Padé+PINN]
 ============================================================
  Avg L2          1.361e-03       2.265e-03
  Rel_MSE         3.102e-07       8.064e-07
  Rel_RMSE        5.569e-04       8.980e-04
  ============================================================

  [27/30]  κ = 0.07416
  ============================================================
  Rel-L2 @ t=T   Padé=7.643e+00   Padé+PINN=1.726e+00
  ============================================================
  Metric             [Padé]     [Padé+PINN]
 ============================================================
  Avg L2          7.898e-01       2.059e-01
  Rel_MSE         6.894e-04       4.844e-05
  Rel_RMSE        2.626e-02       6.960e-03
  ============================================================

  [28/30]  κ = 0.03629
  ============================================================
  Rel-L2 @ t=T   Padé=2.196e-02   Padé+PINN=1.429e-02
  ============================================================
  Metric             [Padé]     [Padé+PINN]
 ============================================================
  Avg L2          2.842e-03       2.745e-03
  Rel_MSE         9.196e-07       8.053e-07
  Rel_RMSE        9.590e-04       8.974e-04
  ============================================================

  [29/30]  κ = 0.01704
  ============================================================
  Rel-L2 @ t=T   Padé=3.573e-04   Padé+PINN=2.988e-03
  ============================================================
  Metric             [Padé]     [Padé+PINN]
 ============================================================
  Avg L2          1.468e-04       7.553e-04
  Rel_MSE         1.250e-08       3.435e-07
  Rel_RMSE        1.118e-04       5.861e-04
  ============================================================

  [30/30]  κ = 0.06412
  ============================================================
  Rel-L2 @ t=T   Padé=2.092e+00   Padé+PINN=6.129e-01
  ============================================================
  Metric             [Padé]     [Padé+PINN]
 ============================================================
  Avg L2          2.260e-01       7.239e-02
  Rel_MSE         2.045e-04       2.116e-05
  Rel_RMSE        1.430e-02       4.600e-03
  ============================================================

Error metrics saved → models/pade_pinn_heat_error_metrics.json

Best held-out κ = 0.01032  (Padé+PINN Rel_MSE = 2.032e-07) — generating plots for this trial

=================================================================
Final Average Error Metrics — across 30 held-out κ values
=================================================================
  Metric             [Padé]     [Padé+PINN]
  ============================================================
  Avg L2          3.245e-01       7.125e-02
  Rel_MSE         2.420e-04       1.271e-05
  Rel_RMSE        7.369e-03       2.261e-03
  ============================================================
