
==============================================================
  PINN training  -  single global network  (Heat equation)
  Epochs=50000  lr=0.001
  kappa in [(0.01, 0.09)]  log-uniform   plot kappa=0.01032 (Padé+PINN best)
==============================================================
    500/50000  [2.879e-04, 5.948e-04, 4.915e-01]  kappa=0.01663  causal_eps=0.003  0.00s
   1000/50000  [8.075e-02, 2.607e-02, 2.054e-02]  kappa=0.01290  causal_eps=0.005  0.00s
   1500/50000  [1.490e-02, 6.725e-03, 1.389e-02]  kappa=0.03499  causal_eps=0.007  0.00s
   2000/50000  [7.088e-02, 2.009e-03, 8.837e-03]  kappa=0.06445  causal_eps=0.010  0.00s
   2500/50000  [5.213e-02, 2.777e-03, 8.164e-03]  kappa=0.06952  causal_eps=0.013  0.00s
   3000/50000  [1.399e-02, 1.168e-03, 8.909e-03]  kappa=0.05433  causal_eps=0.015  0.00s
   3500/50000  [4.845e-02, 1.484e-03, 9.508e-03]  kappa=0.01968  causal_eps=0.017  0.00s
   4000/50000  [1.000e-02, 2.345e-03, 6.972e-03]  kappa=0.05709  causal_eps=0.020  0.00s
   4500/50000  [5.070e-02, 8.557e-03, 1.282e-02]  kappa=0.01960  causal_eps=0.023  0.00s
   5000/50000  [2.481e-02, 1.103e-03, 1.589e-03]  kappa=0.05913  causal_eps=0.025  0.00s
   5500/50000  [1.639e-02, 2.966e-03, 3.021e-03]  kappa=0.01756  causal_eps=0.028  0.00s
   6000/50000  [8.192e-03, 3.352e-03, 1.575e-03]  kappa=0.02069  causal_eps=0.030  0.00s
   6500/50000  [2.175e-02, 3.672e-04, 3.462e-03]  kappa=0.01025  causal_eps=0.033  0.00s
   7000/50000  [5.790e-03, 4.405e-03, 2.184e-03]  kappa=0.01320  causal_eps=0.035  0.00s
   7500/50000  [7.479e-03, 1.019e-04, 2.108e-03]  kappa=0.01447  causal_eps=0.038  0.00s
   8000/50000  [3.347e-03, 1.821e-03, 1.536e-03]  kappa=0.03931  causal_eps=0.040  0.00s
   8500/50000  [2.254e-03, 6.002e-04, 8.582e-04]  kappa=0.02231  causal_eps=0.043  0.00s
   9000/50000  [8.785e-03, 1.060e-02, 4.077e-03]  kappa=0.08330  causal_eps=0.045  0.00s
   9500/50000  [1.027e-02, 1.064e-04, 2.906e-03]  kappa=0.01344  causal_eps=0.048  0.00s
  10000/50000  [5.997e-03, 3.477e-03, 6.249e-04]  kappa=0.04163  causal_eps=0.050  8.42s
  10500/50000  [6.899e-03, 5.113e-03, 3.348e-03]  kappa=0.01205  causal_eps=0.053  0.01s
  11000/50000  [3.473e-03, 4.345e-04, 8.520e-04]  kappa=0.05372  causal_eps=0.055  0.00s
  11500/50000  [2.036e-03, 5.445e-04, 5.836e-04]  kappa=0.01603  causal_eps=0.057  0.00s
  12000/50000  [9.610e-03, 2.726e-03, 5.421e-03]  kappa=0.04980  causal_eps=0.060  0.01s
  12500/50000  [2.796e-03, 1.546e-03, 3.454e-04]  kappa=0.03892  causal_eps=0.062  0.01s
  13000/50000  [2.056e-03, 1.053e-02, 8.664e-04]  kappa=0.07261  causal_eps=0.065  0.01s
  13500/50000  [3.178e-03, 2.127e-03, 1.067e-03]  kappa=0.04433  causal_eps=0.068  0.00s
  14000/50000  [1.951e-03, 2.295e-04, 4.943e-04]  kappa=0.03328  causal_eps=0.070  0.00s
  14500/50000  [9.737e-04, 1.556e-02, 5.367e-04]  kappa=0.04071  causal_eps=0.072  0.00s
  15000/50000  [3.298e-03, 3.132e-03, 9.717e-04]  kappa=0.04550  causal_eps=0.075  0.00s
  15500/50000  [2.514e-03, 5.881e-04, 1.018e-03]  kappa=0.02760  causal_eps=0.078  0.00s
  16000/50000  [1.903e-03, 4.779e-02, 1.669e-03]  kappa=0.01383  causal_eps=0.080  0.00s
  16500/50000  [5.706e-03, 3.836e-03, 2.552e-03]  kappa=0.04696  causal_eps=0.083  0.00s
  17000/50000  [3.134e-03, 1.894e-02, 2.276e-03]  kappa=0.01806  causal_eps=0.085  0.00s
  17500/50000  [2.754e-03, 1.356e-02, 1.079e-03]  kappa=0.05750  causal_eps=0.088  0.01s
  18000/50000  [1.657e-03, 3.980e-03, 2.996e-04]  kappa=0.01383  causal_eps=0.090  0.00s
  18500/50000  [2.337e-03, 8.861e-05, 7.241e-04]  kappa=0.01041  causal_eps=0.093  0.01s
  19000/50000  [1.566e-03, 3.649e-02, 1.006e-03]  kappa=0.04512  causal_eps=0.095  0.00s
  19500/50000  [2.541e-03, 5.740e-04, 7.138e-04]  kappa=0.02692  causal_eps=0.098  0.00s
  20000/50000  [4.936e-03, 7.196e-04, 1.351e-03]  kappa=0.02851  causal_eps=0.100  0.00s
  20500/50000  [2.363e-03, 4.681e-04, 2.413e-03]  kappa=0.01808  causal_eps=0.102  0.00s
  21000/50000  [2.196e-03, 8.281e-05, 7.660e-04]  kappa=0.02874  causal_eps=0.105  0.00s
  21500/50000  [1.819e-03, 5.469e-04, 2.517e-04]  kappa=0.07930  causal_eps=0.107  0.01s
  22000/50000  [1.187e-03, 3.486e-04, 2.297e-04]  kappa=0.06497  causal_eps=0.110  0.00s
  22500/50000  [1.031e-03, 2.941e-03, 2.951e-04]  kappa=0.03962  causal_eps=0.113  0.00s
  23000/50000  [1.255e-03, 1.486e-04, 2.274e-04]  kappa=0.05835  causal_eps=0.115  0.01s
  23500/50000  [1.159e-03, 4.609e-05, 2.861e-04]  kappa=0.04470  causal_eps=0.118  0.00s
  24000/50000  [3.165e-03, 1.568e-03, 1.687e-03]  kappa=0.01599  causal_eps=0.120  0.00s
  24500/50000  [9.690e-04, 5.924e-03, 4.109e-04]  kappa=0.02023  causal_eps=0.123  0.01s
  25000/50000  [1.169e-03, 1.246e-03, 4.591e-04]  kappa=0.01778  causal_eps=0.125  0.01s
  25500/50000  [9.664e-04, 8.405e-04, 1.936e-04]  kappa=0.05200  causal_eps=0.128  0.01s
  26000/50000  [1.264e-03, 5.522e-05, 5.003e-04]  kappa=0.02723  causal_eps=0.130  0.00s
  26500/50000  [3.246e-03, 5.883e-04, 9.903e-04]  kappa=0.01106  causal_eps=0.133  0.01s
  27000/50000  [4.378e-03, 1.036e-02, 2.258e-03]  kappa=0.01014  causal_eps=0.135  0.00s
  27500/50000  [8.840e-04, 1.835e-04, 2.600e-04]  kappa=0.01034  causal_eps=0.138  0.00s
  28000/50000  [1.052e-03, 3.676e-04, 4.163e-04]  kappa=0.01699  causal_eps=0.140  0.01s
  28500/50000  [2.233e-03, 6.465e-03, 3.925e-04]  kappa=0.07656  causal_eps=0.143  0.00s
  29000/50000  [9.305e-04, 6.428e-04, 2.415e-04]  kappa=0.02461  causal_eps=0.145  0.00s
  29500/50000  [7.197e-04, 1.000e-03, 2.046e-04]  kappa=0.06833  causal_eps=0.148  0.00s
  30000/50000  [1.924e-03, 7.470e-05, 1.750e-04]  kappa=0.06415  causal_eps=0.150  0.00s
  30500/50000  [6.859e-04, 1.299e-03, 1.966e-04]  kappa=0.03078  causal_eps=0.152  0.00s
  31000/50000  [1.258e-03, 6.882e-04, 2.209e-04]  kappa=0.05866  causal_eps=0.155  0.00s
  31500/50000  [6.725e-04, 1.339e-03, 1.835e-04]  kappa=0.06917  causal_eps=0.158  0.00s
  32000/50000  [1.036e-03, 3.571e-03, 3.244e-04]  kappa=0.06921  causal_eps=0.160  0.00s
  32500/50000  [1.241e-03, 1.507e-03, 2.844e-04]  kappa=0.05059  causal_eps=0.163  0.00s
  33000/50000  [1.487e-03, 5.681e-04, 4.695e-04]  kappa=0.01191  causal_eps=0.165  0.00s
  33500/50000  [9.624e-04, 5.836e-04, 6.114e-04]  kappa=0.06987  causal_eps=0.168  0.00s
  34000/50000  [1.298e-03, 1.322e-04, 2.455e-04]  kappa=0.06163  causal_eps=0.170  0.01s
  34500/50000  [1.021e-03, 2.312e-03, 4.242e-04]  kappa=0.01351  causal_eps=0.173  0.00s
  35000/50000  [1.211e-03, 1.887e-04, 4.947e-04]  kappa=0.03056  causal_eps=0.175  0.00s
  35500/50000  [5.985e-04, 2.695e-05, 1.421e-04]  kappa=0.03024  causal_eps=0.177  0.01s
  36000/50000  [7.258e-04, 4.626e-04, 2.806e-04]  kappa=0.01362  causal_eps=0.180  0.00s
  36500/50000  [6.146e-04, 3.241e-05, 1.030e-04]  kappa=0.06619  causal_eps=0.182  0.00s
  37000/50000  [1.288e-03, 9.245e-04, 4.227e-04]  kappa=0.02550  causal_eps=0.185  0.01s
  37500/50000  [5.882e-04, 2.335e-04, 1.997e-04]  kappa=0.05143  causal_eps=0.188  0.01s
  38000/50000  [6.958e-04, 1.334e-04, 2.387e-04]  kappa=0.02511  causal_eps=0.190  0.00s
  38500/50000  [4.717e-04, 2.456e-05, 1.033e-04]  kappa=0.06399  causal_eps=0.193  0.00s
  39000/50000  [1.417e-03, 5.364e-05, 4.726e-04]  kappa=0.01297  causal_eps=0.195  0.01s
  39500/50000  [5.809e-04, 3.864e-03, 2.280e-04]  kappa=0.04994  causal_eps=0.198  0.01s
  40000/50000  [2.750e-03, 2.779e-03, 3.958e-04]  kappa=0.01557  causal_eps=0.200  0.00s
  40500/50000  [1.923e-03, 7.846e-04, 1.503e-03]  kappa=0.05340  causal_eps=0.200  0.00s
  41000/50000  [9.742e-04, 7.060e-05, 1.926e-04]  kappa=0.02243  causal_eps=0.200  0.01s
  41500/50000  [1.126e-03, 4.961e-04, 3.503e-04]  kappa=0.02304  causal_eps=0.200  0.01s
  42000/50000  [1.038e-03, 7.102e-04, 2.313e-04]  kappa=0.01176  causal_eps=0.200  0.00s
  42500/50000  [7.914e-04, 9.265e-04, 2.109e-04]  kappa=0.05198  causal_eps=0.200  0.01s
  43000/50000  [1.124e-03, 2.701e-04, 5.244e-04]  kappa=0.01145  causal_eps=0.200  0.00s
  43500/50000  [5.070e-04, 9.708e-05, 8.761e-05]  kappa=0.04251  causal_eps=0.200  0.00s
  44000/50000  [9.709e-04, 9.376e-04, 4.513e-04]  kappa=0.02106  causal_eps=0.200  0.00s
  44500/50000  [4.963e-04, 3.630e-03, 2.054e-04]  kappa=0.03467  causal_eps=0.200  0.01s
  45000/50000  [3.106e-03, 1.048e-03, 6.119e-04]  kappa=0.03513  causal_eps=0.200  0.00s
  45500/50000  [2.163e-03, 4.867e-03, 9.401e-04]  kappa=0.04793  causal_eps=0.200  0.00s
  46000/50000  [9.347e-04, 4.408e-04, 2.222e-04]  kappa=0.01539  causal_eps=0.200  0.00s
  46500/50000  [9.040e-04, 6.332e-04, 3.481e-04]  kappa=0.01389  causal_eps=0.200  0.00s
  47000/50000  [3.517e-04, 6.233e-05, 8.183e-05]  kappa=0.07300  causal_eps=0.200  0.00s
  47500/50000  [1.034e-03, 7.718e-05, 3.440e-04]  kappa=0.01311  causal_eps=0.200  0.00s
  48000/50000  [3.280e-03, 2.126e-04, 2.157e-03]  kappa=0.01072  causal_eps=0.200  0.01s
  48500/50000  [1.242e-03, 7.924e-04, 5.754e-04]  kappa=0.02225  causal_eps=0.200  0.00s
  49000/50000  [3.790e-04, 4.154e-03, 7.662e-05]  kappa=0.05932  causal_eps=0.200  0.00s
  49500/50000  [5.539e-04, 6.642e-04, 1.644e-04]  kappa=0.04204  causal_eps=0.200  0.00s
  50000/50000  [2.203e-03, 1.560e-03, 8.956e-04]  kappa=0.01001  causal_eps=0.200  0.01s
Model saved to models/pinn_heat.pkl

=================================================================
Evaluation — 30 held-out κ values
=================================================================

  [1/30]  κ = 0.07169

==============================================================
Metric             [PINN]
==============================================================
Rel-L2@t=T      2.061e+00
L2              4.009e-01
Rel_MSE         1.693e-03
Rel_RMSE        4.115e-02
==============================================================

  [2/30]  κ = 0.02789

==============================================================
Metric             [PINN]
==============================================================
Rel-L2@t=T      2.290e-01
L2              9.069e-02
Rel_MSE         2.466e-03
Rel_RMSE        4.966e-02
==============================================================

  [3/30]  κ = 0.03230

==============================================================
Metric             [PINN]
==============================================================
Rel-L2@t=T      2.737e-01
L2              1.019e-01
Rel_MSE         2.343e-03
Rel_RMSE        4.840e-02
==============================================================

  [4/30]  κ = 0.03677

==============================================================
Metric             [PINN]
==============================================================
Rel-L2@t=T      3.263e-01
L2              1.134e-01
Rel_MSE         2.165e-03
Rel_RMSE        4.653e-02
==============================================================

  [5/30]  κ = 0.02431

==============================================================
Metric             [PINN]
==============================================================
Rel-L2@t=T      1.949e-01
L2              8.104e-02
Rel_MSE         2.476e-03
Rel_RMSE        4.976e-02
==============================================================

  [6/30]  κ = 0.02259

==============================================================
Metric             [PINN]
==============================================================
Rel-L2@t=T      1.785e-01
L2              7.614e-02
Rel_MSE         2.438e-03
Rel_RMSE        4.938e-02
==============================================================

  [7/30]  κ = 0.02580

==============================================================
Metric             [PINN]
==============================================================
Rel-L2@t=T      2.090e-01
L2              8.512e-02
Rel_MSE         2.485e-03
Rel_RMSE        4.985e-02
==============================================================

  [8/30]  κ = 0.03144

==============================================================
Metric             [PINN]
==============================================================
Rel-L2@t=T      2.645e-01
L2              9.974e-02
Rel_MSE         2.373e-03
Rel_RMSE        4.871e-02
==============================================================

  [9/30]  κ = 0.03116

==============================================================
Metric             [PINN]
==============================================================
Rel-L2@t=T      2.616e-01
L2              9.902e-02
Rel_MSE         2.382e-03
Rel_RMSE        4.881e-02
==============================================================

  [10/30]  κ = 0.02620

==============================================================
Metric             [PINN]
==============================================================
Rel-L2@t=T      2.129e-01
L2              8.623e-02
Rel_MSE         2.484e-03
Rel_RMSE        4.984e-02
==============================================================

  [11/30]  κ = 0.07500

==============================================================
Metric             [PINN]
==============================================================
Rel-L2@t=T      2.614e+00
L2              4.750e-01
Rel_MSE         1.779e-03
Rel_RMSE        4.218e-02
==============================================================

  [12/30]  κ = 0.01586

==============================================================
Metric             [PINN]
==============================================================
Rel-L2@t=T      1.124e-01
L2              5.627e-02
Rel_MSE         2.006e-03
Rel_RMSE        4.479e-02
==============================================================

  [13/30]  κ = 0.02578

==============================================================
Metric             [PINN]
==============================================================
Rel-L2@t=T      2.089e-01
L2              8.508e-02
Rel_MSE         2.485e-03
Rel_RMSE        4.985e-02
==============================================================

  [14/30]  κ = 0.04231

==============================================================
Metric             [PINN]
==============================================================
Rel-L2@t=T      4.100e-01
L2              1.299e-01
Rel_MSE         1.946e-03
Rel_RMSE        4.411e-02
==============================================================

  [15/30]  κ = 0.08715

==============================================================
Metric             [PINN]
==============================================================
Rel-L2@t=T      6.822e+00
L2              9.531e-01
Rel_MSE         2.397e-03
Rel_RMSE        4.896e-02
==============================================================

  [16/30]  κ = 0.05972

==============================================================
Metric             [PINN]
==============================================================
Rel-L2@t=T      9.738e-01
L2              2.327e-01
Rel_MSE         1.591e-03
Rel_RMSE        3.989e-02
==============================================================

  [17/30]  κ = 0.01637

==============================================================
Metric             [PINN]
==============================================================
Rel-L2@t=T      1.173e-01
L2              5.767e-02
Rel_MSE         2.046e-03
Rel_RMSE        4.524e-02
==============================================================

  [18/30]  κ = 0.03535

==============================================================
Metric             [PINN]
==============================================================
Rel-L2@t=T      3.085e-01
L2              1.097e-01
Rel_MSE         2.224e-03
Rel_RMSE        4.716e-02
==============================================================

  [19/30]  κ = 0.02091

==============================================================
Metric             [PINN]
==============================================================
Rel-L2@t=T      1.622e-01
L2              7.119e-02
Rel_MSE         2.369e-03
Rel_RMSE        4.868e-02
==============================================================

  [20/30]  κ = 0.05724

==============================================================
Metric             [PINN]
==============================================================
Rel-L2@t=T      8.490e-01
L2              2.107e-01
Rel_MSE         1.606e-03
Rel_RMSE        4.007e-02
==============================================================

  [21/30]  κ = 0.01032

==============================================================
Metric             [PINN]
==============================================================
Rel-L2@t=T      8.841e-02
L2              5.228e-02
Rel_MSE         2.236e-03
Rel_RMSE        4.728e-02
==============================================================

  [22/30]  κ = 0.08744

==============================================================
Metric             [PINN]
==============================================================
Rel-L2@t=T      6.989e+00
L2              9.704e-01
Rel_MSE         2.419e-03
Rel_RMSE        4.919e-02
==============================================================

  [23/30]  κ = 0.02889

==============================================================
Metric             [PINN]
==============================================================
Rel-L2@t=T      2.388e-01
L2              9.327e-02
Rel_MSE         2.446e-03
Rel_RMSE        4.946e-02
==============================================================

  [24/30]  κ = 0.02219

==============================================================
Metric             [PINN]
==============================================================
Rel-L2@t=T      1.747e-01
L2              7.498e-02
Rel_MSE         2.425e-03
Rel_RMSE        4.924e-02
==============================================================

  [25/30]  κ = 0.04545

==============================================================
Metric             [PINN]
==============================================================
Rel-L2@t=T      4.713e-01
L2              1.415e-01
Rel_MSE         1.839e-03
Rel_RMSE        4.288e-02
==============================================================

  [26/30]  κ = 0.03242

==============================================================
Metric             [PINN]
==============================================================
Rel-L2@t=T      2.750e-01
L2              1.022e-01
Rel_MSE         2.338e-03
Rel_RMSE        4.836e-02
==============================================================

  [27/30]  κ = 0.07416

==============================================================
Metric             [PINN]
==============================================================
Rel-L2@t=T      2.456e+00
L2              4.544e-01
Rel_MSE         1.754e-03
Rel_RMSE        4.189e-02
==============================================================

  [28/30]  κ = 0.03629

==============================================================
Metric             [PINN]
==============================================================
Rel-L2@t=T      3.201e-01
L2              1.122e-01
Rel_MSE         2.185e-03
Rel_RMSE        4.674e-02
==============================================================

  [29/30]  κ = 0.01704

==============================================================
Metric             [PINN]
==============================================================
Rel-L2@t=T      1.239e-01
L2              5.959e-02
Rel_MSE         2.101e-03
Rel_RMSE        4.584e-02
==============================================================

  [30/30]  κ = 0.06412

==============================================================
Metric             [PINN]
==============================================================
Rel-L2@t=T      1.260e+00
L2              2.809e-01
Rel_MSE         1.594e-03
Rel_RMSE        3.993e-02
==============================================================

Error metrics saved to models/pinn_heat_error_metrics.json

Plotting held-out κ = 0.01032 (Padé+PINN's best)  —  PINN Rel_MSE there = 2.236e-03

=================================================================
Final Average Error Metrics — across 30 held-out κ values
=================================================================
Metric             [PINN]
==============================================================
Avg L2          1.986e-01
Rel_MSE         2.170e-03
Rel_RMSE        4.646e-02
==============================================================
