
==============================================================
  PINN training  -  single global network  (2D Allen-Cahn equation)
  Epochs=50000  lr=0.001
  kappa in [0.01, 0.1]  log-uniform   plot kappa=0.01500 (Padé+PINN best)
==============================================================
    500/50000  [2.096e-02, 2.725e-04, 1.047e-01]  kappa=0.01285  causal_eps=0.050  0.00s
   1000/50000  [2.053e-02, 3.016e-04, 8.812e-02]  kappa=0.05521  causal_eps=0.100  0.00s
   1500/50000  [1.916e-02, 2.009e-04, 9.914e-02]  kappa=0.01029  causal_eps=0.150  0.00s
   2000/50000  [1.999e-02, 2.334e-04, 8.428e-02]  kappa=0.03566  causal_eps=0.200  0.00s
   2500/50000  [2.681e-02, 1.724e-04, 8.233e-02]  kappa=0.02430  causal_eps=0.250  0.00s
   3000/50000  [1.950e-02, 1.880e-04, 8.687e-02]  kappa=0.03556  causal_eps=0.300  0.00s
   3500/50000  [2.858e-02, 1.718e-04, 7.591e-02]  kappa=0.03568  causal_eps=0.350  0.00s
   4000/50000  [1.701e-02, 1.953e-04, 8.510e-02]  kappa=0.05295  causal_eps=0.400  0.00s
   4500/50000  [2.560e-02, 3.240e-04, 7.748e-02]  kappa=0.05526  causal_eps=0.450  0.00s
   5000/50000  [2.414e-02, 1.602e-04, 7.485e-02]  kappa=0.01889  causal_eps=0.500  0.00s
   5500/50000  [2.479e-02, 2.091e-04, 8.662e-02]  kappa=0.01451  causal_eps=0.550  0.00s
   6000/50000  [2.575e-02, 3.643e-04, 8.020e-02]  kappa=0.01306  causal_eps=0.600  0.00s
   6500/50000  [2.662e-02, 6.918e-04, 8.359e-02]  kappa=0.01066  causal_eps=0.650  0.00s
   7000/50000  [2.900e-02, 1.470e-03, 5.365e-02]  kappa=0.04853  causal_eps=0.700  0.00s
   7500/50000  [2.355e-02, 2.065e-03, 6.492e-02]  kappa=0.06293  causal_eps=0.750  0.00s
   8000/50000  [2.261e-02, 2.875e-03, 5.793e-02]  kappa=0.06567  causal_eps=0.800  0.00s
   8500/50000  [2.479e-02, 1.281e-03, 6.859e-02]  kappa=0.02668  causal_eps=0.850  0.00s
   9000/50000  [2.103e-02, 3.759e-03, 4.952e-02]  kappa=0.07744  causal_eps=0.900  0.00s
   9500/50000  [1.963e-02, 1.216e-03, 8.322e-02]  kappa=0.01229  causal_eps=0.950  0.00s
  10000/50000  [3.938e-02, 3.113e-03, 4.398e-02]  kappa=0.07501  causal_eps=1.000  8.49s
  10500/50000  [1.867e-02, 3.548e-03, 7.296e-02]  kappa=0.07028  causal_eps=1.000  0.00s
  11000/50000  [1.529e-02, 2.450e-03, 8.501e-02]  kappa=0.01524  causal_eps=1.000  0.00s
  11500/50000  [1.547e-02, 2.047e-03, 8.312e-02]  kappa=0.02850  causal_eps=1.000  0.00s
  12000/50000  [1.264e-02, 3.569e-03, 7.790e-02]  kappa=0.04728  causal_eps=1.000  0.00s
  12500/50000  [1.314e-02, 1.214e-03, 1.077e-01]  kappa=0.01313  causal_eps=1.000  0.00s
  13000/50000  [1.547e-02, 1.888e-03, 1.068e-01]  kappa=0.02119  causal_eps=1.000  0.00s
  13500/50000  [1.483e-02, 4.245e-03, 6.921e-02]  kappa=0.05313  causal_eps=1.000  0.00s
  14000/50000  [1.606e-02, 3.931e-03, 7.073e-02]  kappa=0.03692  causal_eps=1.000  0.00s
  14500/50000  [1.665e-02, 2.331e-03, 8.033e-02]  kappa=0.02797  causal_eps=1.000  0.00s
  15000/50000  [1.545e-02, 3.824e-03, 7.341e-02]  kappa=0.04872  causal_eps=1.000  0.00s
  15500/50000  [1.515e-02, 6.235e-03, 6.754e-02]  kappa=0.06780  causal_eps=1.000  0.00s
  16000/50000  [1.672e-02, 3.361e-03, 7.309e-02]  kappa=0.04042  causal_eps=1.000  0.00s
  16500/50000  [1.529e-02, 2.929e-03, 8.659e-02]  kappa=0.01642  causal_eps=1.000  0.00s
  17000/50000  [1.506e-02, 4.771e-03, 6.939e-02]  kappa=0.06604  causal_eps=1.000  0.00s
  17500/50000  [1.819e-02, 7.219e-03, 6.453e-02]  kappa=0.07373  causal_eps=1.000  0.00s
  18000/50000  [1.393e-02, 2.334e-03, 9.565e-02]  kappa=0.01122  causal_eps=1.000  0.00s
  18500/50000  [1.411e-02, 2.132e-03, 9.146e-02]  kappa=0.01541  causal_eps=1.000  0.00s
  19000/50000  [1.378e-02, 1.836e-03, 9.297e-02]  kappa=0.02278  causal_eps=1.000  0.00s
  19500/50000  [1.455e-02, 2.189e-03, 8.731e-02]  kappa=0.01989  causal_eps=1.000  0.00s
  20000/50000  [2.075e-02, 4.859e-03, 9.042e-02]  kappa=0.02485  causal_eps=1.000  0.00s
  20500/50000  [1.696e-02, 6.207e-03, 4.909e-02]  kappa=0.08074  causal_eps=1.000  0.00s
  21000/50000  [1.494e-02, 2.753e-03, 9.472e-02]  kappa=0.01930  causal_eps=1.000  0.00s
  21500/50000  [1.525e-02, 1.445e-03, 1.022e-01]  kappa=0.01504  causal_eps=1.000  0.00s
  22000/50000  [1.575e-02, 2.720e-03, 8.858e-02]  kappa=0.03678  causal_eps=1.000  0.00s
  22500/50000  [1.330e-02, 3.989e-04, 1.162e-01]  kappa=0.01640  causal_eps=1.000  0.00s
  23000/50000  [1.427e-02, 9.469e-04, 9.304e-02]  kappa=0.01502  causal_eps=1.000  0.00s
  23500/50000  [1.489e-02, 1.941e-03, 8.765e-02]  kappa=0.02129  causal_eps=1.000  0.00s
  24000/50000  [1.803e-02, 4.183e-03, 8.373e-02]  kappa=0.04446  causal_eps=1.000  0.00s
  24500/50000  [1.594e-02, 4.775e-03, 6.163e-02]  kappa=0.06147  causal_eps=1.000  0.00s
  25000/50000  [1.413e-02, 4.475e-03, 7.456e-02]  kappa=0.05051  causal_eps=1.000  0.00s
  25500/50000  [1.939e-02, 1.938e-03, 8.721e-02]  kappa=0.01086  causal_eps=1.000  0.00s
  26000/50000  [1.561e-02, 3.776e-03, 7.948e-02]  kappa=0.03592  causal_eps=1.000  0.00s
  26500/50000  [1.439e-02, 1.757e-03, 1.004e-01]  kappa=0.01249  causal_eps=1.000  0.00s
  27000/50000  [1.477e-02, 2.676e-03, 8.273e-02]  kappa=0.02304  causal_eps=1.000  0.00s
  27500/50000  [1.790e-02, 6.062e-03, 7.001e-02]  kappa=0.05908  causal_eps=1.000  0.00s
  28000/50000  [1.527e-02, 1.670e-03, 1.023e-01]  kappa=0.01474  causal_eps=1.000  0.00s
  28500/50000  [1.535e-02, 6.206e-03, 4.877e-02]  kappa=0.07851  causal_eps=1.000  0.00s
  29000/50000  [1.587e-02, 3.375e-03, 8.502e-02]  kappa=0.03185  causal_eps=1.000  0.00s
  29500/50000  [1.576e-02, 6.288e-03, 6.388e-02]  kappa=0.05640  causal_eps=1.000  0.00s
  30000/50000  [1.638e-02, 3.605e-03, 8.838e-02]  kappa=0.02015  causal_eps=1.000  0.00s
  30500/50000  [1.496e-02, 3.571e-03, 9.043e-02]  kappa=0.02164  causal_eps=1.000  0.00s
  31000/50000  [1.916e-02, 3.139e-03, 9.239e-02]  kappa=0.01076  causal_eps=1.000  0.00s
  31500/50000  [1.455e-02, 6.072e-03, 7.223e-02]  kappa=0.04992  causal_eps=1.000  0.00s
  32000/50000  [1.495e-02, 2.181e-03, 9.289e-02]  kappa=0.01281  causal_eps=1.000  0.00s
  32500/50000  [1.403e-02, 2.538e-03, 1.005e-01]  kappa=0.01755  causal_eps=1.000  0.00s
  33000/50000  [1.509e-02, 2.527e-03, 1.101e-01]  kappa=0.01094  causal_eps=1.000  0.00s
  33500/50000  [1.551e-02, 1.927e-03, 8.826e-02]  kappa=0.01610  causal_eps=1.000  0.00s
  34000/50000  [1.509e-02, 4.493e-03, 7.087e-02]  kappa=0.03502  causal_eps=1.000  0.00s
  34500/50000  [1.391e-02, 3.055e-03, 7.893e-02]  kappa=0.02612  causal_eps=1.000  0.00s
  35000/50000  [1.413e-02, 4.354e-03, 8.127e-02]  kappa=0.02810  causal_eps=1.000  0.00s
  35500/50000  [1.557e-02, 6.176e-03, 5.180e-02]  kappa=0.06988  causal_eps=1.000  0.00s
  36000/50000  [1.814e-02, 6.908e-03, 4.448e-02]  kappa=0.09892  causal_eps=1.000  0.00s
  36500/50000  [1.388e-02, 6.627e-03, 6.032e-02]  kappa=0.05800  causal_eps=1.000  0.00s
  37000/50000  [1.540e-02, 1.663e-03, 9.304e-02]  kappa=0.01148  causal_eps=1.000  0.00s
  37500/50000  [1.461e-02, 3.446e-03, 8.236e-02]  kappa=0.02510  causal_eps=1.000  0.00s
  38000/50000  [1.417e-02, 3.849e-03, 8.378e-02]  kappa=0.02667  causal_eps=1.000  0.00s
  38500/50000  [1.366e-02, 7.541e-03, 5.566e-02]  kappa=0.07936  causal_eps=1.000  0.00s
  39000/50000  [1.572e-02, 1.693e-03, 1.030e-01]  kappa=0.01135  causal_eps=1.000  0.00s
  39500/50000  [1.531e-02, 4.873e-03, 5.974e-02]  kappa=0.02995  causal_eps=1.000  0.00s
  40000/50000  [1.931e-02, 4.491e-03, 8.745e-02]  kappa=0.02101  causal_eps=1.000  0.00s
  40500/50000  [1.567e-02, 1.720e-03, 9.818e-02]  kappa=0.01116  causal_eps=1.000  0.00s
  41000/50000  [1.661e-02, 2.899e-03, 7.790e-02]  kappa=0.02678  causal_eps=1.000  0.00s
  41500/50000  [1.432e-02, 4.609e-03, 9.175e-02]  kappa=0.03377  causal_eps=1.000  0.00s
  42000/50000  [1.459e-02, 1.672e-03, 8.671e-02]  kappa=0.01557  causal_eps=1.000  0.00s
  42500/50000  [1.816e-02, 7.511e-03, 4.363e-02]  kappa=0.08664  causal_eps=1.000  0.00s
  43000/50000  [1.205e-02, 1.896e-03, 1.089e-01]  kappa=0.01604  causal_eps=1.000  0.00s
  43500/50000  [1.208e-02, 2.010e-03, 8.882e-02]  kappa=0.01278  causal_eps=1.000  0.00s
  44000/50000  [1.530e-02, 6.138e-03, 6.335e-02]  kappa=0.05603  causal_eps=1.000  0.00s
  44500/50000  [1.546e-02, 7.294e-03, 5.268e-02]  kappa=0.06695  causal_eps=1.000  0.00s
  45000/50000  [1.839e-02, 4.935e-03, 6.558e-02]  kappa=0.04765  causal_eps=1.000  0.00s
  45500/50000  [1.480e-02, 7.431e-03, 4.974e-02]  kappa=0.09598  causal_eps=1.000  0.00s
  46000/50000  [1.286e-02, 2.480e-03, 8.960e-02]  kappa=0.02022  causal_eps=1.000  0.00s
  46500/50000  [1.812e-02, 1.546e-03, 1.010e-01]  kappa=0.01009  causal_eps=1.000  0.00s
  47000/50000  [1.400e-02, 3.664e-03, 8.641e-02]  kappa=0.01624  causal_eps=1.000  0.00s
  47500/50000  [1.408e-02, 7.231e-03, 6.349e-02]  kappa=0.07093  causal_eps=1.000  0.00s
  48000/50000  [1.593e-02, 8.529e-03, 5.172e-02]  kappa=0.07002  causal_eps=1.000  0.00s
  48500/50000  [1.529e-02, 1.099e-03, 1.050e-01]  kappa=0.01024  causal_eps=1.000  0.00s
  49000/50000  [1.500e-02, 2.776e-03, 7.992e-02]  kappa=0.01736  causal_eps=1.000  0.00s
  49500/50000  [1.237e-02, 2.339e-03, 9.359e-02]  kappa=0.01174  causal_eps=1.000  0.00s
  50000/50000  [1.711e-02, 2.104e-03, 8.320e-02]  kappa=0.01532  causal_eps=1.000  0.00s
Model saved to models/pinn_allencahn2d.pkl

=================================================================
Evaluation — 30 held-out κ values
=================================================================

  [1/30]  κ = 0.01409

==============================================================
Metric             [PINN]
==============================================================
Rel-L2@t=T      9.996e-01
L2              9.836e-01
Rel_MSE         9.849e-01
Rel_RMSE        9.924e-01
==============================================================

  [2/30]  κ = 0.03591

==============================================================
Metric             [PINN]
==============================================================
Rel-L2@t=T      1.001e+00
L2              9.780e-01
Rel_MSE         9.802e-01
Rel_RMSE        9.901e-01
==============================================================

  [3/30]  κ = 0.03760

==============================================================
Metric             [PINN]
==============================================================
Rel-L2@t=T      1.001e+00
L2              9.776e-01
Rel_MSE         9.799e-01
Rel_RMSE        9.899e-01
==============================================================

  [4/30]  κ = 0.03391

==============================================================
Metric             [PINN]
==============================================================
Rel-L2@t=T      1.001e+00
L2              9.785e-01
Rel_MSE         9.806e-01
Rel_RMSE        9.903e-01
==============================================================

  [5/30]  κ = 0.01426

==============================================================
Metric             [PINN]
==============================================================
Rel-L2@t=T      9.996e-01
L2              9.836e-01
Rel_MSE         9.849e-01
Rel_RMSE        9.924e-01
==============================================================

  [6/30]  κ = 0.03601

==============================================================
Metric             [PINN]
==============================================================
Rel-L2@t=T      1.001e+00
L2              9.780e-01
Rel_MSE         9.802e-01
Rel_RMSE        9.901e-01
==============================================================

  [7/30]  κ = 0.06468

==============================================================
Metric             [PINN]
==============================================================
Rel-L2@t=T      1.001e+00
L2              9.678e-01
Rel_MSE         9.686e-01
Rel_RMSE        9.841e-01
==============================================================

  [8/30]  κ = 0.02336

==============================================================
Metric             [PINN]
==============================================================
Rel-L2@t=T      1.000e+00
L2              9.811e-01
Rel_MSE         9.828e-01
Rel_RMSE        9.914e-01
==============================================================

  [9/30]  κ = 0.06663

==============================================================
Metric             [PINN]
==============================================================
Rel-L2@t=T      1.001e+00
L2              9.668e-01
Rel_MSE         9.671e-01
Rel_RMSE        9.834e-01
==============================================================

  [10/30]  κ = 0.07492

==============================================================
Metric             [PINN]
==============================================================
Rel-L2@t=T      1.001e+00
L2              9.618e-01
Rel_MSE         9.600e-01
Rel_RMSE        9.798e-01
==============================================================

  [11/30]  κ = 0.04983

==============================================================
Metric             [PINN]
==============================================================
Rel-L2@t=T      1.001e+00
L2              9.741e-01
Rel_MSE         9.764e-01
Rel_RMSE        9.881e-01
==============================================================

  [12/30]  κ = 0.07237

==============================================================
Metric             [PINN]
==============================================================
Rel-L2@t=T      1.001e+00
L2              9.634e-01
Rel_MSE         9.624e-01
Rel_RMSE        9.810e-01
==============================================================

  [13/30]  κ = 0.09254

==============================================================
Metric             [PINN]
==============================================================
Rel-L2@t=T      9.997e-01
L2              9.477e-01
Rel_MSE         9.385e-01
Rel_RMSE        9.687e-01
==============================================================

  [14/30]  κ = 0.04183

==============================================================
Metric             [PINN]
==============================================================
Rel-L2@t=T      1.001e+00
L2              9.765e-01
Rel_MSE         9.789e-01
Rel_RMSE        9.894e-01
==============================================================

  [15/30]  κ = 0.01467

==============================================================
Metric             [PINN]
==============================================================
Rel-L2@t=T      9.996e-01
L2              9.834e-01
Rel_MSE         9.848e-01
Rel_RMSE        9.924e-01
==============================================================

  [16/30]  κ = 0.06992

==============================================================
Metric             [PINN]
==============================================================
Rel-L2@t=T      1.001e+00
L2              9.649e-01
Rel_MSE         9.645e-01
Rel_RMSE        9.821e-01
==============================================================

  [17/30]  κ = 0.07348

==============================================================
Metric             [PINN]
==============================================================
Rel-L2@t=T      1.001e+00
L2              9.627e-01
Rel_MSE         9.614e-01
Rel_RMSE        9.805e-01
==============================================================

  [18/30]  κ = 0.03369

==============================================================
Metric             [PINN]
==============================================================
Rel-L2@t=T      1.001e+00
L2              9.786e-01
Rel_MSE         9.807e-01
Rel_RMSE        9.903e-01
==============================================================

  [19/30]  κ = 0.04531

==============================================================
Metric             [PINN]
==============================================================
Rel-L2@t=T      1.001e+00
L2              9.755e-01
Rel_MSE         9.779e-01
Rel_RMSE        9.889e-01
==============================================================

  [20/30]  κ = 0.01146

==============================================================
Metric             [PINN]
==============================================================
Rel-L2@t=T      9.995e-01
L2              9.843e-01
Rel_MSE         9.855e-01
Rel_RMSE        9.927e-01
==============================================================

  [21/30]  κ = 0.03148

==============================================================
Metric             [PINN]
==============================================================
Rel-L2@t=T      1.001e+00
L2              9.791e-01
Rel_MSE         9.811e-01
Rel_RMSE        9.905e-01
==============================================================

  [22/30]  κ = 0.01412

==============================================================
Metric             [PINN]
==============================================================
Rel-L2@t=T      9.996e-01
L2              9.836e-01
Rel_MSE         9.849e-01
Rel_RMSE        9.924e-01
==============================================================

  [23/30]  κ = 0.04332

==============================================================
Metric             [PINN]
==============================================================
Rel-L2@t=T      1.001e+00
L2              9.761e-01
Rel_MSE         9.785e-01
Rel_RMSE        9.892e-01
==============================================================

  [24/30]  κ = 0.02024

==============================================================
Metric             [PINN]
==============================================================
Rel-L2@t=T      9.999e-01
L2              9.820e-01
Rel_MSE         9.835e-01
Rel_RMSE        9.917e-01
==============================================================

  [25/30]  κ = 0.09584

==============================================================
Metric             [PINN]
==============================================================
Rel-L2@t=T      9.994e-01
L2              9.445e-01
Rel_MSE         9.334e-01
Rel_RMSE        9.661e-01
==============================================================

  [26/30]  κ = 0.01004

==============================================================
Metric             [PINN]
==============================================================
Rel-L2@t=T      9.994e-01
L2              9.846e-01
Rel_MSE         9.858e-01
Rel_RMSE        9.929e-01
==============================================================

  [27/30]  κ = 0.01048

==============================================================
Metric             [PINN]
==============================================================
Rel-L2@t=T      9.995e-01
L2              9.845e-01
Rel_MSE         9.857e-01
Rel_RMSE        9.928e-01
==============================================================

  [28/30]  κ = 0.01500

==============================================================
Metric             [PINN]
==============================================================
Rel-L2@t=T      9.996e-01
L2              9.834e-01
Rel_MSE         9.847e-01
Rel_RMSE        9.923e-01
==============================================================

  [29/30]  κ = 0.07677

==============================================================
Metric             [PINN]
==============================================================
Rel-L2@t=T      1.001e+00
L2              9.605e-01
Rel_MSE         9.582e-01
Rel_RMSE        9.789e-01
==============================================================

  [30/30]  κ = 0.01769

==============================================================
Metric             [PINN]
==============================================================
Rel-L2@t=T      9.998e-01
L2              9.827e-01
Rel_MSE         9.841e-01
Rel_RMSE        9.920e-01
==============================================================

Error metrics saved to models/pinn_allencahn2d_error_metrics.json

Plotting held-out κ = 0.01500 (Padé+PINN's best)  —  PINN Rel_MSE there = 9.847e-01

=================================================================
Final Average Error Metrics — across 30 held-out κ values
=================================================================
Metric             [PINN]
==============================================================
Avg L2          9.743e-01
Rel_MSE         9.747e-01
Rel_RMSE        9.872e-01
==============================================================
