
==============================================================
  PINN training  -  single global network  (2D Heat equation)
  Epochs=20000  lr=0.001
  kappa in [(0.01, 0.1)]  log-uniform   plot kappa=0.01462 (Padé+PINN best)
==============================================================
    500/20000  [3.409e-02, 4.308e-03, 3.496e-03]  kappa=0.08636  causal_eps=0.006  0.00s
   1000/20000  [1.472e-02, 5.756e-04, 1.374e-03]  kappa=0.01002  causal_eps=0.013  0.00s
   1500/20000  [3.229e-03, 1.602e-03, 1.997e-03]  kappa=0.05819  causal_eps=0.019  0.00s
   2000/20000  [3.853e-03, 8.345e-04, 8.025e-04]  kappa=0.02855  causal_eps=0.025  0.00s
   2500/20000  [6.269e-03, 1.453e-03, 1.063e-03]  kappa=0.01012  causal_eps=0.031  0.00s
   3000/20000  [2.915e-03, 8.768e-04, 1.392e-03]  kappa=0.05223  causal_eps=0.038  0.00s
   3500/20000  [1.668e-03, 3.011e-04, 3.623e-04]  kappa=0.05267  causal_eps=0.044  0.00s
   4000/20000  [1.121e-03, 1.945e-04, 2.190e-04]  kappa=0.04522  causal_eps=0.050  0.00s
   4500/20000  [1.778e-03, 2.632e-04, 2.890e-04]  kappa=0.01336  causal_eps=0.056  0.00s
   5000/20000  [6.430e-04, 1.381e-04, 1.462e-04]  kappa=0.01626  causal_eps=0.062  0.00s
   5500/20000  [4.125e-04, 7.584e-05, 5.289e-05]  kappa=0.03171  causal_eps=0.069  0.00s
   6000/20000  [4.334e-04, 1.609e-04, 2.876e-04]  kappa=0.03786  causal_eps=0.075  0.00s
   6500/20000  [4.110e-04, 1.018e-04, 1.393e-04]  kappa=0.02774  causal_eps=0.081  0.00s
   7000/20000  [6.242e-04, 1.775e-04, 1.098e-04]  kappa=0.06035  causal_eps=0.088  0.00s
   7500/20000  [2.993e-04, 2.004e-04, 3.152e-04]  kappa=0.02710  causal_eps=0.094  0.00s
   8000/20000  [5.799e-04, 6.009e-04, 1.402e-03]  kappa=0.08870  causal_eps=0.100  0.00s
   8500/20000  [2.328e-04, 6.573e-05, 8.447e-05]  kappa=0.05400  causal_eps=0.106  0.00s
   9000/20000  [2.931e-04, 7.790e-05, 4.611e-05]  kappa=0.06132  causal_eps=0.113  0.00s
   9500/20000  [1.689e-04, 5.039e-05, 3.282e-05]  kappa=0.03770  causal_eps=0.119  0.00s
  10000/20000  [4.047e-04, 1.535e-04, 3.386e-04]  kappa=0.05801  causal_eps=0.125  8.44s
  10500/20000  [1.760e-04, 1.338e-04, 1.588e-04]  kappa=0.01264  causal_eps=0.131  0.00s
  11000/20000  [1.664e-04, 6.428e-05, 4.014e-05]  kappa=0.01805  causal_eps=0.138  0.00s
  11500/20000  [2.318e-04, 9.073e-05, 4.700e-05]  kappa=0.07457  causal_eps=0.144  0.00s
  12000/20000  [1.915e-04, 1.496e-03, 1.993e-03]  kappa=0.01372  causal_eps=0.150  0.00s
  12500/20000  [6.799e-05, 4.359e-05, 2.081e-05]  kappa=0.01931  causal_eps=0.156  0.00s
  13000/20000  [1.688e-04, 1.250e-04, 1.835e-04]  kappa=0.04222  causal_eps=0.163  0.00s
  13500/20000  [1.273e-04, 5.266e-05, 3.388e-05]  kappa=0.01814  causal_eps=0.169  0.00s
  14000/20000  [1.238e-04, 3.769e-05, 2.197e-05]  kappa=0.05156  causal_eps=0.175  0.00s
  14500/20000  [9.898e-05, 3.811e-05, 2.294e-05]  kappa=0.02933  causal_eps=0.181  0.00s
  15000/20000  [4.888e-04, 7.606e-04, 7.883e-04]  kappa=0.02889  causal_eps=0.188  0.00s
  15500/20000  [9.701e-05, 4.828e-05, 1.947e-05]  kappa=0.01803  causal_eps=0.194  0.00s
  16000/20000  [1.224e-04, 4.993e-05, 5.989e-05]  kappa=0.07511  causal_eps=0.200  0.00s
  16500/20000  [2.796e-04, 9.101e-04, 1.422e-03]  kappa=0.03105  causal_eps=0.200  0.00s
  17000/20000  [5.734e-05, 7.545e-05, 4.092e-05]  kappa=0.01628  causal_eps=0.200  0.00s
  17500/20000  [8.957e-05, 3.858e-05, 4.920e-05]  kappa=0.05819  causal_eps=0.200  0.00s
  18000/20000  [1.304e-04, 2.116e-04, 3.878e-04]  kappa=0.02987  causal_eps=0.200  0.00s
  18500/20000  [3.003e-04, 8.148e-05, 1.322e-04]  kappa=0.09948  causal_eps=0.200  0.00s
  19000/20000  [4.421e-05, 1.259e-05, 1.002e-05]  kappa=0.02336  causal_eps=0.200  0.00s
  19500/20000  [1.739e-04, 1.002e-04, 2.669e-04]  kappa=0.07252  causal_eps=0.200  0.00s
  20000/20000  [8.513e-05, 1.365e-05, 1.173e-05]  kappa=0.04113  causal_eps=0.200  0.00s
Model saved to models/pinn_heat2d.pkl

=================================================================
Evaluation — 30 held-out κ values
=================================================================

  [1/30]  κ = 0.03578

==============================================================
Metric             [PINN]
==============================================================
Rel-L2@t=T      4.820e-02
L2              2.121e-02
Rel_MSE         2.514e-04
Rel_RMSE        1.586e-02
==============================================================

  [2/30]  κ = 0.01560

==============================================================
Metric             [PINN]
==============================================================
Rel-L2@t=T      3.629e-02
L2              1.774e-02
Rel_MSE         2.845e-04
Rel_RMSE        1.687e-02
==============================================================

  [3/30]  κ = 0.01281

==============================================================
Metric             [PINN]
==============================================================
Rel-L2@t=T      4.641e-02
L2              2.050e-02
Rel_MSE         4.156e-04
Rel_RMSE        2.039e-02
==============================================================

  [4/30]  κ = 0.04381

==============================================================
Metric             [PINN]
==============================================================
Rel-L2@t=T      5.932e-02
L2              2.319e-02
Rel_MSE         2.409e-04
Rel_RMSE        1.552e-02
==============================================================

  [5/30]  κ = 0.01868

==============================================================
Metric             [PINN]
==============================================================
Rel-L2@t=T      3.313e-02
L2              1.733e-02
Rel_MSE         2.529e-04
Rel_RMSE        1.590e-02
==============================================================

  [6/30]  κ = 0.01176

==============================================================
Metric             [PINN]
==============================================================
Rel-L2@t=T      5.271e-02
L2              2.250e-02
Rel_MSE         5.212e-04
Rel_RMSE        2.283e-02
==============================================================

  [7/30]  κ = 0.02282

==============================================================
Metric             [PINN]
==============================================================
Rel-L2@t=T      3.493e-02
L2              1.838e-02
Rel_MSE         2.607e-04
Rel_RMSE        1.615e-02
==============================================================

  [8/30]  κ = 0.02398

==============================================================
Metric             [PINN]
==============================================================
Rel-L2@t=T      3.596e-02
L2              1.875e-02
Rel_MSE         2.643e-04
Rel_RMSE        1.626e-02
==============================================================

  [9/30]  κ = 0.05344

==============================================================
Metric             [PINN]
==============================================================
Rel-L2@t=T      8.173e-02
L2              2.839e-02
Rel_MSE         2.649e-04
Rel_RMSE        1.627e-02
==============================================================

  [10/30]  κ = 0.04522

==============================================================
Metric             [PINN]
==============================================================
Rel-L2@t=T      6.192e-02
L2              2.374e-02
Rel_MSE         2.422e-04
Rel_RMSE        1.556e-02
==============================================================

  [11/30]  κ = 0.08668

==============================================================
Metric             [PINN]
==============================================================
Rel-L2@t=T      2.735e-01
L2              6.157e-02
Rel_MSE         3.748e-04
Rel_RMSE        1.936e-02
==============================================================

  [12/30]  κ = 0.01323

==============================================================
Metric             [PINN]
==============================================================
Rel-L2@t=T      4.432e-02
L2              1.988e-02
Rel_MSE         3.847e-04
Rel_RMSE        1.961e-02
==============================================================

  [13/30]  κ = 0.01837

==============================================================
Metric             [PINN]
==============================================================
Rel-L2@t=T      3.320e-02
L2              1.730e-02
Rel_MSE         2.536e-04
Rel_RMSE        1.593e-02
==============================================================

  [14/30]  κ = 0.07018

==============================================================
Metric             [PINN]
==============================================================
Rel-L2@t=T      1.460e-01
L2              4.289e-02
Rel_MSE         3.321e-04
Rel_RMSE        1.822e-02
==============================================================

  [15/30]  κ = 0.01328

==============================================================
Metric             [PINN]
==============================================================
Rel-L2@t=T      4.406e-02
L2              1.980e-02
Rel_MSE         3.809e-04
Rel_RMSE        1.952e-02
==============================================================

  [16/30]  κ = 0.01103

==============================================================
Metric             [PINN]
==============================================================
Rel-L2@t=T      5.789e-02
L2              2.425e-02
Rel_MSE         6.230e-04
Rel_RMSE        2.496e-02
==============================================================

  [17/30]  κ = 0.07521

==============================================================
Metric             [PINN]
==============================================================
Rel-L2@t=T      1.741e-01
L2              4.781e-02
Rel_MSE         3.451e-04
Rel_RMSE        1.858e-02
==============================================================

  [18/30]  κ = 0.03306

==============================================================
Metric             [PINN]
==============================================================
Rel-L2@t=T      4.532e-02
L2              2.080e-02
Rel_MSE         2.597e-04
Rel_RMSE        1.612e-02
==============================================================

  [19/30]  κ = 0.07516

==============================================================
Metric             [PINN]
==============================================================
Rel-L2@t=T      1.737e-01
L2              4.776e-02
Rel_MSE         3.450e-04
Rel_RMSE        1.857e-02
==============================================================

  [20/30]  κ = 0.01563

==============================================================
Metric             [PINN]
==============================================================
Rel-L2@t=T      3.623e-02
L2              1.773e-02
Rel_MSE         2.838e-04
Rel_RMSE        1.685e-02
==============================================================

  [21/30]  κ = 0.04161

==============================================================
Metric             [PINN]
==============================================================
Rel-L2@t=T      5.571e-02
L2              2.247e-02
Rel_MSE         2.408e-04
Rel_RMSE        1.552e-02
==============================================================

  [22/30]  κ = 0.02743

==============================================================
Metric             [PINN]
==============================================================
Rel-L2@t=T      3.948e-02
L2              1.974e-02
Rel_MSE         2.699e-04
Rel_RMSE        1.643e-02
==============================================================

  [23/30]  κ = 0.01057

==============================================================
Metric             [PINN]
==============================================================
Rel-L2@t=T      6.152e-02
L2              2.552e-02
Rel_MSE         7.024e-04
Rel_RMSE        2.650e-02
==============================================================

  [24/30]  κ = 0.06517

==============================================================
Metric             [PINN]
==============================================================
Rel-L2@t=T      1.231e-01
L2              3.816e-02
Rel_MSE         3.146e-04
Rel_RMSE        1.774e-02
==============================================================

  [25/30]  κ = 0.02437

==============================================================
Metric             [PINN]
==============================================================
Rel-L2@t=T      3.634e-02
L2              1.887e-02
Rel_MSE         2.654e-04
Rel_RMSE        1.629e-02
==============================================================

  [26/30]  κ = 0.03330

==============================================================
Metric             [PINN]
==============================================================
Rel-L2@t=T      4.557e-02
L2              2.084e-02
Rel_MSE         2.590e-04
Rel_RMSE        1.609e-02
==============================================================

  [27/30]  κ = 0.05042

==============================================================
Metric             [PINN]
==============================================================
Rel-L2@t=T      7.352e-02
L2              2.641e-02
Rel_MSE         2.541e-04
Rel_RMSE        1.594e-02
==============================================================

  [28/30]  κ = 0.03112

==============================================================
Metric             [PINN]
==============================================================
Rel-L2@t=T      4.333e-02
L2              2.050e-02
Rel_MSE         2.651e-04
Rel_RMSE        1.628e-02
==============================================================

  [29/30]  κ = 0.01462

==============================================================
Metric             [PINN]
==============================================================
Rel-L2@t=T      3.886e-02
L2              1.836e-02
Rel_MSE         3.133e-04
Rel_RMSE        1.770e-02
==============================================================

  [30/30]  κ = 0.09495

==============================================================
Metric             [PINN]
==============================================================
Rel-L2@t=T      4.025e-01
L2              7.960e-02
Rel_MSE         4.461e-04
Rel_RMSE        2.112e-02
==============================================================

Error metrics saved to models/pinn_heat2d_error_metrics.json

Plotting held-out κ = 0.01462 (Padé+PINN's best)  —  PINN Rel_MSE there = 3.133e-04

=================================================================
Final Average Error Metrics — across 30 held-out κ values
=================================================================
Metric             [PINN]
==============================================================
Avg L2          2.740e-02
Rel_MSE         3.304e-04
Rel_RMSE        1.796e-02
==============================================================
