
==============================================================
  PINN training  -  single global network  (Allen-Cahn equation, 1D)
  Epochs=50000  lr=0.001
  kappa in [0.01, 0.1]  log-uniform  |  IC: u(x,0)=cos(pi*x)  plot kappa=0.05344 (Padé+PINN best)
==============================================================
    500/50000  [7.526e-02, 2.008e-04, 3.141e-01]  kappa=0.03509  causal_eps=0.013  0.00s
   1000/50000  [6.924e-02, 1.567e-04, 3.418e-01]  kappa=0.06509  causal_eps=0.025  0.00s
   1500/50000  [8.029e-02, 2.677e-04, 3.294e-01]  kappa=0.07613  causal_eps=0.037  0.00s
   2000/50000  [7.123e-02, 7.786e-05, 3.460e-01]  kappa=0.05523  causal_eps=0.050  0.00s
   2500/50000  [7.335e-02, 1.336e-04, 3.182e-01]  kappa=0.02116  causal_eps=0.062  0.00s
   3000/50000  [7.974e-02, 1.425e-04, 3.180e-01]  kappa=0.05042  causal_eps=0.075  0.00s
   3500/50000  [8.555e-02, 4.250e-05, 3.274e-01]  kappa=0.03175  causal_eps=0.087  0.00s
   4000/50000  [7.033e-02, 1.448e-04, 3.256e-01]  kappa=0.01213  causal_eps=0.100  0.00s
   4500/50000  [8.442e-02, 9.056e-05, 3.315e-01]  kappa=0.09514  causal_eps=0.113  0.00s
   5000/50000  [7.179e-02, 1.240e-04, 3.209e-01]  kappa=0.02899  causal_eps=0.125  0.00s
   5500/50000  [7.994e-02, 5.360e-05, 3.165e-01]  kappa=0.08541  causal_eps=0.138  0.00s
   6000/50000  [9.402e-02, 7.088e-05, 3.400e-01]  kappa=0.07018  causal_eps=0.150  0.00s
   6500/50000  [8.087e-02, 9.370e-05, 3.339e-01]  kappa=0.05206  causal_eps=0.163  0.00s
   7000/50000  [9.875e-02, 3.463e-04, 3.153e-01]  kappa=0.07322  causal_eps=0.175  0.00s
   7500/50000  [7.752e-02, 1.593e-04, 2.993e-01]  kappa=0.04922  causal_eps=0.188  0.00s
   8000/50000  [8.277e-02, 1.065e-04, 3.245e-01]  kappa=0.03521  causal_eps=0.200  0.00s
   8500/50000  [8.478e-02, 2.010e-04, 3.161e-01]  kappa=0.02746  causal_eps=0.212  0.00s
   9000/50000  [7.097e-02, 1.989e-05, 3.306e-01]  kappa=0.01016  causal_eps=0.225  0.00s
   9500/50000  [7.820e-02, 1.251e-04, 3.216e-01]  kappa=0.03676  causal_eps=0.237  0.00s
  10000/50000  [1.397e-01, 1.943e-04, 3.317e-01]  kappa=0.06799  causal_eps=0.250  8.81s
  10500/50000  [4.487e-02, 1.019e-04, 4.153e-01]  kappa=0.02865  causal_eps=0.263  0.02s
  11000/50000  [4.657e-02, 7.198e-05, 3.967e-01]  kappa=0.03112  causal_eps=0.275  0.02s
  11500/50000  [4.642e-02, 5.491e-05, 4.506e-01]  kappa=0.01373  causal_eps=0.287  0.02s
  12000/50000  [4.653e-02, 1.186e-04, 3.894e-01]  kappa=0.02491  causal_eps=0.300  0.02s
  12500/50000  [4.810e-02, 9.145e-05, 4.062e-01]  kappa=0.04098  causal_eps=0.312  0.02s
  13000/50000  [5.079e-02, 1.702e-04, 3.673e-01]  kappa=0.08143  causal_eps=0.325  0.02s
  13500/50000  [4.882e-02, 6.172e-05, 4.220e-01]  kappa=0.01721  causal_eps=0.338  0.02s
  14000/50000  [4.441e-02, 1.045e-04, 4.219e-01]  kappa=0.02091  causal_eps=0.350  0.02s
  14500/50000  [4.998e-02, 4.293e-05, 3.698e-01]  kappa=0.02386  causal_eps=0.362  0.02s
  15000/50000  [4.499e-02, 6.029e-05, 3.987e-01]  kappa=0.01651  causal_eps=0.375  0.02s
  15500/50000  [4.554e-02, 6.379e-05, 3.802e-01]  kappa=0.01144  causal_eps=0.388  0.02s
  16000/50000  [5.016e-02, 5.172e-04, 3.784e-01]  kappa=0.06343  causal_eps=0.400  0.02s
  16500/50000  [5.317e-02, 2.746e-04, 4.015e-01]  kappa=0.05080  causal_eps=0.412  0.02s
  17000/50000  [5.100e-02, 2.982e-05, 4.141e-01]  kappa=0.02149  causal_eps=0.425  0.02s
  17500/50000  [5.751e-02, 7.508e-05, 3.963e-01]  kappa=0.04065  causal_eps=0.438  0.02s
  18000/50000  [5.557e-02, 1.327e-04, 4.018e-01]  kappa=0.05318  causal_eps=0.450  0.02s
  18500/50000  [5.127e-02, 1.196e-04, 3.715e-01]  kappa=0.01241  causal_eps=0.463  0.02s
  19000/50000  [6.034e-02, 1.929e-04, 3.789e-01]  kappa=0.08300  causal_eps=0.475  0.02s
  19500/50000  [4.861e-02, 6.957e-05, 4.410e-01]  kappa=0.01399  causal_eps=0.487  0.02s
  20000/50000  [6.989e-02, 1.386e-03, 3.493e-01]  kappa=0.07852  causal_eps=0.500  0.00s
  20500/50000  [5.836e-02, 1.708e-04, 3.684e-01]  kappa=0.03120  causal_eps=0.512  0.02s
  21000/50000  [6.248e-02, 3.372e-04, 3.946e-01]  kappa=0.01190  causal_eps=0.525  0.02s
  21500/50000  [6.061e-02, 3.209e-04, 3.529e-01]  kappa=0.03702  causal_eps=0.537  0.02s
  22000/50000  [6.423e-02, 3.863e-04, 3.591e-01]  kappa=0.02392  causal_eps=0.550  0.02s
  22500/50000  [7.202e-02, 4.617e-04, 3.183e-01]  kappa=0.09267  causal_eps=0.562  0.02s
  23000/50000  [6.422e-02, 4.089e-04, 3.684e-01]  kappa=0.02229  causal_eps=0.575  0.02s
  23500/50000  [5.775e-02, 4.848e-04, 3.184e-01]  kappa=0.02077  causal_eps=0.588  0.02s
  24000/50000  [6.425e-02, 2.910e-04, 3.435e-01]  kappa=0.02985  causal_eps=0.600  0.02s
  24500/50000  [6.672e-02, 3.291e-04, 3.528e-01]  kappa=0.01576  causal_eps=0.613  0.02s
  25000/50000  [7.223e-02, 5.245e-04, 3.232e-01]  kappa=0.07374  causal_eps=0.625  0.02s
  25500/50000  [7.505e-02, 8.575e-04, 3.306e-01]  kappa=0.07285  causal_eps=0.637  0.02s
  26000/50000  [6.416e-02, 4.098e-04, 3.506e-01]  kappa=0.01928  causal_eps=0.650  0.02s
  26500/50000  [6.580e-02, 4.700e-04, 3.775e-01]  kappa=0.02280  causal_eps=0.662  0.02s
  27000/50000  [6.957e-02, 5.807e-04, 3.310e-01]  kappa=0.05888  causal_eps=0.675  0.02s
  27500/50000  [7.633e-02, 3.717e-04, 3.158e-01]  kappa=0.05295  causal_eps=0.688  0.02s
  28000/50000  [7.058e-02, 7.053e-04, 3.406e-01]  kappa=0.06262  causal_eps=0.700  0.02s
  28500/50000  [6.330e-02, 3.540e-04, 3.567e-01]  kappa=0.02026  causal_eps=0.713  0.02s
  29000/50000  [7.795e-02, 5.371e-04, 3.072e-01]  kappa=0.04520  causal_eps=0.725  0.02s
  29500/50000  [8.129e-02, 8.720e-04, 3.250e-01]  kappa=0.07955  causal_eps=0.738  0.02s
  30000/50000  [1.107e-01, 9.204e-04, 2.974e-01]  kappa=0.09328  causal_eps=0.750  0.00s
  30500/50000  [7.231e-02, 3.578e-04, 3.458e-01]  kappa=0.05129  causal_eps=0.762  0.02s
  31000/50000  [7.285e-02, 9.309e-04, 3.246e-01]  kappa=0.07465  causal_eps=0.775  0.01s
  31500/50000  [7.435e-02, 4.013e-04, 3.711e-01]  kappa=0.04256  causal_eps=0.787  0.02s
  32000/50000  [7.065e-02, 5.147e-04, 3.597e-01]  kappa=0.04439  causal_eps=0.800  0.02s
  32500/50000  [6.601e-02, 2.738e-04, 3.736e-01]  kappa=0.01386  causal_eps=0.812  0.02s
  33000/50000  [6.426e-02, 2.189e-04, 3.716e-01]  kappa=0.01302  causal_eps=0.825  0.02s
  33500/50000  [6.493e-02, 2.615e-04, 3.430e-01]  kappa=0.02033  causal_eps=0.838  0.02s
  34000/50000  [8.131e-02, 5.221e-04, 3.397e-01]  kappa=0.05608  causal_eps=0.850  0.02s
  34500/50000  [8.303e-02, 2.201e-04, 2.982e-01]  kappa=0.08208  causal_eps=0.863  0.02s
  35000/50000  [7.819e-02, 2.143e-04, 3.142e-01]  kappa=0.08719  causal_eps=0.875  0.01s
  35500/50000  [7.414e-02, 2.700e-04, 3.492e-01]  kappa=0.01511  causal_eps=0.887  0.02s
  36000/50000  [7.363e-02, 5.156e-04, 3.305e-01]  kappa=0.03509  causal_eps=0.900  0.02s
  36500/50000  [7.723e-02, 8.599e-04, 3.370e-01]  kappa=0.05902  causal_eps=0.912  0.02s
  37000/50000  [6.931e-02, 2.173e-04, 3.362e-01]  kappa=0.02173  causal_eps=0.925  0.02s
  37500/50000  [7.272e-02, 2.492e-04, 3.722e-01]  kappa=0.02072  causal_eps=0.938  0.02s
  38000/50000  [7.919e-02, 5.060e-04, 3.499e-01]  kappa=0.09228  causal_eps=0.950  0.02s
  38500/50000  [7.206e-02, 2.940e-04, 3.166e-01]  kappa=0.01315  causal_eps=0.963  0.02s
  39000/50000  [8.212e-02, 3.516e-04, 2.963e-01]  kappa=0.06671  causal_eps=0.975  0.02s
  39500/50000  [7.947e-02, 2.916e-04, 3.765e-01]  kappa=0.04767  causal_eps=0.988  0.02s
  40000/50000  [9.944e-02, 3.158e-04, 3.524e-01]  kappa=0.01096  causal_eps=1.000  0.00s
  40500/50000  [7.100e-02, 1.194e-04, 3.349e-01]  kappa=0.02495  causal_eps=1.000  0.02s
  41000/50000  [6.784e-02, 2.248e-04, 3.228e-01]  kappa=0.02249  causal_eps=1.000  0.02s
  41500/50000  [8.737e-02, 9.554e-04, 3.256e-01]  kappa=0.09061  causal_eps=1.000  0.02s
  42000/50000  [7.993e-02, 7.747e-04, 3.228e-01]  kappa=0.06978  causal_eps=1.000  0.02s
  42500/50000  [6.901e-02, 3.527e-04, 3.616e-01]  kappa=0.01191  causal_eps=1.000  0.02s
  43000/50000  [7.990e-02, 3.711e-04, 3.112e-01]  kappa=0.03899  causal_eps=1.000  0.01s
  43500/50000  [7.206e-02, 2.351e-04, 3.620e-01]  kappa=0.01158  causal_eps=1.000  0.02s
  44000/50000  [7.450e-02, 2.612e-04, 3.524e-01]  kappa=0.02712  causal_eps=1.000  0.02s
  44500/50000  [8.041e-02, 2.125e-04, 3.449e-01]  kappa=0.02935  causal_eps=1.000  0.02s
  45000/50000  [9.048e-02, 6.185e-04, 2.970e-01]  kappa=0.07924  causal_eps=1.000  0.02s
  45500/50000  [8.000e-02, 3.324e-04, 3.605e-01]  kappa=0.01406  causal_eps=1.000  0.02s
  46000/50000  [8.007e-02, 2.987e-04, 3.648e-01]  kappa=0.01970  causal_eps=1.000  0.02s
  46500/50000  [8.859e-02, 4.117e-04, 3.061e-01]  kappa=0.06019  causal_eps=1.000  0.02s
  47000/50000  [8.823e-02, 2.988e-04, 3.211e-01]  kappa=0.09150  causal_eps=1.000  0.02s
  47500/50000  [8.653e-02, 4.125e-04, 3.226e-01]  kappa=0.08314  causal_eps=1.000  0.02s
  48000/50000  [8.376e-02, 3.161e-04, 2.936e-01]  kappa=0.07679  causal_eps=1.000  0.02s
  48500/50000  [7.961e-02, 1.694e-04, 3.572e-01]  kappa=0.02685  causal_eps=1.000  0.02s
  49000/50000  [7.908e-02, 2.049e-04, 3.711e-01]  kappa=0.02203  causal_eps=1.000  0.02s
  49500/50000  [8.085e-02, 1.721e-04, 3.035e-01]  kappa=0.01846  causal_eps=1.000  0.02s
  50000/50000  [7.863e-02, 2.647e-04, 3.271e-01]  kappa=0.02942  causal_eps=1.000  0.02s
Model saved to models/pinn_allencahn.pkl

=================================================================
Evaluation — 30 held-out κ values
=================================================================

  [1/30]  κ = 0.03578

==============================================================
Metric             [PINN]
==============================================================
Rel-L2@t=T      9.999e-01
L2              9.691e-01
Rel_MSE         9.485e-01
Rel_RMSE        9.739e-01
==============================================================

  [2/30]  κ = 0.01560

==============================================================
Metric             [PINN]
==============================================================
Rel-L2@t=T      1.000e+00
L2              9.730e-01
Rel_MSE         9.567e-01
Rel_RMSE        9.781e-01
==============================================================

  [3/30]  κ = 0.01281

==============================================================
Metric             [PINN]
==============================================================
Rel-L2@t=T      1.000e+00
L2              9.735e-01
Rel_MSE         9.579e-01
Rel_RMSE        9.787e-01
==============================================================

  [4/30]  κ = 0.04381

==============================================================
Metric             [PINN]
==============================================================
Rel-L2@t=T      9.998e-01
L2              9.674e-01
Rel_MSE         9.452e-01
Rel_RMSE        9.722e-01
==============================================================

  [5/30]  κ = 0.01868

==============================================================
Metric             [PINN]
==============================================================
Rel-L2@t=T      1.000e+00
L2              9.724e-01
Rel_MSE         9.555e-01
Rel_RMSE        9.775e-01
==============================================================

  [6/30]  κ = 0.01176

==============================================================
Metric             [PINN]
==============================================================
Rel-L2@t=T      1.000e+00
L2              9.737e-01
Rel_MSE         9.583e-01
Rel_RMSE        9.789e-01
==============================================================

  [7/30]  κ = 0.02282

==============================================================
Metric             [PINN]
==============================================================
Rel-L2@t=T      1.000e+00
L2              9.716e-01
Rel_MSE         9.538e-01
Rel_RMSE        9.766e-01
==============================================================

  [8/30]  κ = 0.02398

==============================================================
Metric             [PINN]
==============================================================
Rel-L2@t=T      1.000e+00
L2              9.714e-01
Rel_MSE         9.533e-01
Rel_RMSE        9.764e-01
==============================================================

  [9/30]  κ = 0.05344

==============================================================
Metric             [PINN]
==============================================================
Rel-L2@t=T      9.997e-01
L2              9.654e-01
Rel_MSE         9.410e-01
Rel_RMSE        9.701e-01
==============================================================

  [10/30]  κ = 0.04522

==============================================================
Metric             [PINN]
==============================================================
Rel-L2@t=T      9.998e-01
L2              9.671e-01
Rel_MSE         9.446e-01
Rel_RMSE        9.719e-01
==============================================================

  [11/30]  κ = 0.08668

==============================================================
Metric             [PINN]
==============================================================
Rel-L2@t=T      9.993e-01
L2              9.579e-01
Rel_MSE         9.259e-01
Rel_RMSE        9.622e-01
==============================================================

  [12/30]  κ = 0.01323

==============================================================
Metric             [PINN]
==============================================================
Rel-L2@t=T      1.000e+00
L2              9.734e-01
Rel_MSE         9.577e-01
Rel_RMSE        9.786e-01
==============================================================

  [13/30]  κ = 0.01837

==============================================================
Metric             [PINN]
==============================================================
Rel-L2@t=T      1.000e+00
L2              9.725e-01
Rel_MSE         9.556e-01
Rel_RMSE        9.775e-01
==============================================================

  [14/30]  κ = 0.07018

==============================================================
Metric             [PINN]
==============================================================
Rel-L2@t=T      9.995e-01
L2              9.616e-01
Rel_MSE         9.336e-01
Rel_RMSE        9.662e-01
==============================================================

  [15/30]  κ = 0.01328

==============================================================
Metric             [PINN]
==============================================================
Rel-L2@t=T      1.000e+00
L2              9.734e-01
Rel_MSE         9.577e-01
Rel_RMSE        9.786e-01
==============================================================

  [16/30]  κ = 0.01103

==============================================================
Metric             [PINN]
==============================================================
Rel-L2@t=T      1.000e+00
L2              9.738e-01
Rel_MSE         9.586e-01
Rel_RMSE        9.791e-01
==============================================================

  [17/30]  κ = 0.07521

==============================================================
Metric             [PINN]
==============================================================
Rel-L2@t=T      9.994e-01
L2              9.605e-01
Rel_MSE         9.313e-01
Rel_RMSE        9.650e-01
==============================================================

  [18/30]  κ = 0.03306

==============================================================
Metric             [PINN]
==============================================================
Rel-L2@t=T      9.999e-01
L2              9.696e-01
Rel_MSE         9.497e-01
Rel_RMSE        9.745e-01
==============================================================

  [19/30]  κ = 0.07516

==============================================================
Metric             [PINN]
==============================================================
Rel-L2@t=T      9.994e-01
L2              9.605e-01
Rel_MSE         9.313e-01
Rel_RMSE        9.650e-01
==============================================================

  [20/30]  κ = 0.01563

==============================================================
Metric             [PINN]
==============================================================
Rel-L2@t=T      1.000e+00
L2              9.730e-01
Rel_MSE         9.567e-01
Rel_RMSE        9.781e-01
==============================================================

  [21/30]  κ = 0.04161

==============================================================
Metric             [PINN]
==============================================================
Rel-L2@t=T      9.998e-01
L2              9.679e-01
Rel_MSE         9.461e-01
Rel_RMSE        9.727e-01
==============================================================

  [22/30]  κ = 0.02743

==============================================================
Metric             [PINN]
==============================================================
Rel-L2@t=T      1.000e+00
L2              9.707e-01
Rel_MSE         9.520e-01
Rel_RMSE        9.757e-01
==============================================================

  [23/30]  κ = 0.01057

==============================================================
Metric             [PINN]
==============================================================
Rel-L2@t=T      1.000e+00
L2              9.739e-01
Rel_MSE         9.588e-01
Rel_RMSE        9.792e-01
==============================================================

  [24/30]  κ = 0.06517

==============================================================
Metric             [PINN]
==============================================================
Rel-L2@t=T      9.996e-01
L2              9.628e-01
Rel_MSE         9.358e-01
Rel_RMSE        9.674e-01
==============================================================

  [25/30]  κ = 0.02437

==============================================================
Metric             [PINN]
==============================================================
Rel-L2@t=T      1.000e+00
L2              9.713e-01
Rel_MSE         9.532e-01
Rel_RMSE        9.763e-01
==============================================================

  [26/30]  κ = 0.03330

==============================================================
Metric             [PINN]
==============================================================
Rel-L2@t=T      9.999e-01
L2              9.696e-01
Rel_MSE         9.496e-01
Rel_RMSE        9.745e-01
==============================================================

  [27/30]  κ = 0.05042

==============================================================
Metric             [PINN]
==============================================================
Rel-L2@t=T      9.997e-01
L2              9.660e-01
Rel_MSE         9.423e-01
Rel_RMSE        9.707e-01
==============================================================

  [28/30]  κ = 0.03112

==============================================================
Metric             [PINN]
==============================================================
Rel-L2@t=T      9.999e-01
L2              9.700e-01
Rel_MSE         9.504e-01
Rel_RMSE        9.749e-01
==============================================================

  [29/30]  κ = 0.01462

==============================================================
Metric             [PINN]
==============================================================
Rel-L2@t=T      1.000e+00
L2              9.732e-01
Rel_MSE         9.571e-01
Rel_RMSE        9.783e-01
==============================================================

  [30/30]  κ = 0.09495

==============================================================
Metric             [PINN]
==============================================================
Rel-L2@t=T      9.991e-01
L2              9.559e-01
Rel_MSE         9.220e-01
Rel_RMSE        9.602e-01
==============================================================

Error metrics saved to models/pinn_allencahn_error_metrics.json

Plotting held-out κ = 0.05344 (Padé+PINN's best)  —  PINN Rel_MSE there = 9.410e-01

=================================================================
Final Average Error Metrics — across 30 held-out κ values
=================================================================
Metric             [PINN]
==============================================================
Avg L2          9.687e-01
Rel_MSE         9.480e-01
Rel_RMSE        9.736e-01
==============================================================
