
==============================================================
  PINN training  -  single global network  (Fokker-Planck)
  Epochs=20000  lr=0.001
  time=2.0  nx=2000  min_x=-8.0 max_x=8.0
  theta=0.5  x0=2.0  s0=1.5
  kappa in [0.8, 1.05]  log-uniform   plot kappa=0.94021 (Padé+PINN best)
==============================================================
    500/20000  [4.211e-05, 1.004e-05, 1.530e-05]  kappa=0.85200  0.00s
   1000/20000  [3.233e-05, 4.356e-07, 2.228e-05]  kappa=0.82563  0.00s
   1500/20000  [5.454e-06, 7.601e-07, 3.224e-06]  kappa=0.93414  0.00s
   2000/20000  [1.212e-05, 7.730e-06, 4.894e-06]  kappa=1.00749  0.00s
   2500/20000  [8.409e-06, 6.978e-07, 9.952e-06]  kappa=1.01698  0.00s
   3000/20000  [1.314e-05, 6.990e-06, 5.097e-06]  kappa=0.98642  0.00s
   3500/20000  [1.074e-05, 9.633e-07, 2.498e-06]  kappa=0.86990  0.00s
   4000/20000  [2.256e-06, 1.488e-06, 1.433e-06]  kappa=0.99249  0.00s
   4500/20000  [2.027e-06, 4.317e-06, 3.194e-06]  kappa=0.86950  0.00s
   5000/20000  [1.321e-06, 8.874e-07, 1.522e-06]  kappa=0.99681  0.00s
   5500/20000  [6.789e-07, 2.715e-07, 3.961e-07]  kappa=0.85775  0.00s
   6000/20000  [1.382e-06, 5.829e-08, 1.390e-07]  kappa=0.87534  0.00s
   6500/20000  [1.177e-06, 4.996e-07, 3.848e-07]  kappa=0.80248  0.00s
   7000/20000  [6.691e-07, 2.650e-08, 2.726e-07]  kappa=0.82797  0.00s
   7500/20000  [1.053e-06, 5.299e-07, 3.389e-06]  kappa=0.83744  0.00s
   8000/20000  [4.160e-07, 4.813e-07, 5.189e-07]  kappa=0.94768  0.00s
   8500/20000  [1.669e-07, 9.035e-09, 9.055e-08]  kappa=0.88351  0.00s
   9000/20000  [6.276e-07, 1.393e-07, 3.483e-07]  kappa=1.04000  0.00s
   9500/20000  [2.433e-07, 2.364e-08, 2.412e-07]  kappa=0.82981  0.00s
  10000/20000  [2.480e-06, 3.139e-06, 6.230e-06]  kappa=0.95445  7.86s
  10500/20000  [1.360e-06, 2.055e-08, 8.524e-07]  kappa=0.81870  0.00s
  11000/20000  [7.955e-07, 2.566e-06, 2.454e-06]  kappa=0.98504  0.00s
  11500/20000  [1.446e-06, 2.142e-06, 1.266e-06]  kappa=0.84812  0.00s
  12000/20000  [1.106e-07, 5.446e-08, 1.789e-07]  kappa=0.97585  0.00s
  12500/20000  [2.055e-06, 3.717e-08, 2.454e-06]  kappa=0.94653  0.00s
  13000/20000  [2.689e-06, 2.304e-08, 1.981e-06]  kappa=1.02247  0.00s
  13500/20000  [6.699e-07, 3.506e-06, 2.571e-06]  kappa=0.96189  0.00s
  14000/20000  [2.868e-07, 5.181e-07, 5.973e-07]  kappa=0.92837  0.00s
  14500/20000  [2.371e-07, 1.347e-06, 9.146e-07]  kappa=0.95179  0.00s
  15000/20000  [4.506e-07, 4.251e-06, 3.494e-06]  kappa=0.96500  0.00s
  15500/20000  [1.420e-07, 2.400e-08, 6.522e-08]  kappa=0.90709  0.00s
  16000/20000  [2.621e-07, 1.613e-08, 1.342e-07]  kappa=0.83276  0.00s
  16500/20000  [5.376e-08, 2.257e-08, 2.954e-08]  kappa=0.96878  0.00s
  17000/20000  [1.336e-07, 1.662e-08, 7.170e-08]  kappa=0.86074  0.00s
  17500/20000  [8.373e-08, 6.581e-08, 1.562e-07]  kappa=0.99337  0.00s
  18000/20000  [3.524e-07, 2.606e-07, 2.622e-07]  kappa=0.83276  0.00s
  18500/20000  [2.010e-06, 6.022e-08, 2.106e-06]  kappa=0.80401  0.00s
  19000/20000  [2.308e-07, 4.452e-09, 1.495e-07]  kappa=0.96400  0.00s
  19500/20000  [2.015e-07, 1.533e-09, 1.168e-07]  kappa=0.90433  0.00s
  20000/20000  [1.584e-07, 4.200e-07, 3.637e-07]  kappa=0.91076  0.00s
Model saved to models/pinn_fokkerplanck.pkl

=================================================================
Evaluation — 40 held-out κ values
=================================================================

  [1/40]  κ = 0.88114

==============================================================
Metric             [PINN]
==============================================================
Rel-L2@t=T      3.645e-03
L2              2.849e-03
Rel_MSE         8.551e-06
Rel_RMSE        2.924e-03
Mass err        2.040e-03
Min p          -3.498e-04
==============================================================

  [2/40]  κ = 0.96532

==============================================================
Metric             [PINN]
==============================================================
Rel-L2@t=T      4.575e-03
L2              3.557e-03
Rel_MSE         1.326e-05
Rel_RMSE        3.642e-03
Mass err        2.689e-03
Min p          -3.866e-04
==============================================================

  [3/40]  κ = 0.84498

==============================================================
Metric             [PINN]
==============================================================
Rel-L2@t=T      3.219e-03
L2              2.590e-03
Rel_MSE         6.846e-06
Rel_RMSE        2.616e-03
Mass err        1.933e-03
Min p          -3.489e-04
==============================================================

  [4/40]  κ = 0.89077

==============================================================
Metric             [PINN]
==============================================================
Rel-L2@t=T      3.777e-03
L2              2.972e-03
Rel_MSE         9.324e-06
Rel_RMSE        3.054e-03
Mass err        2.081e-03
Min p          -3.501e-04
==============================================================

  [5/40]  κ = 0.99852

==============================================================
Metric             [PINN]
==============================================================
Rel-L2@t=T      4.851e-03
L2              3.753e-03
Rel_MSE         1.469e-05
Rel_RMSE        3.833e-03
Mass err        3.341e-03
Min p          -4.254e-04
==============================================================

  [6/40]  κ = 0.86047

==============================================================
Metric             [PINN]
==============================================================
Rel-L2@t=T      3.375e-03
L2              2.627e-03
Rel_MSE         7.180e-06
Rel_RMSE        2.680e-03
Mass err        1.969e-03
Min p          -3.492e-04
==============================================================

  [7/40]  κ = 0.87639

==============================================================
Metric             [PINN]
==============================================================
Rel-L2@t=T      3.580e-03
L2              2.790e-03
Rel_MSE         8.185e-06
Rel_RMSE        2.861e-03
Mass err        2.021e-03
Min p          -3.496e-04
==============================================================

  [8/40]  κ = 0.94355

==============================================================
Metric             [PINN]
==============================================================
Rel-L2@t=T      4.392e-03
L2              3.461e-03
Rel_MSE         1.259e-05
Rel_RMSE        3.549e-03
Mass err        2.379e-03
Min p          -3.657e-04
==============================================================

  [9/40]  κ = 0.97472

==============================================================
Metric             [PINN]
==============================================================
Rel-L2@t=T      4.648e-03
L2              3.597e-03
Rel_MSE         1.354e-05
Rel_RMSE        3.680e-03
Mass err        2.857e-03
Min p          -3.967e-04
==============================================================

  [10/40]  κ = 0.92728

==============================================================
Metric             [PINN]
==============================================================
Rel-L2@t=T      4.230e-03
L2              3.356e-03
Rel_MSE         1.187e-05
Rel_RMSE        3.446e-03
Mass err        2.276e-03
Min p          -3.530e-04
==============================================================

  [11/40]  κ = 0.96863

==============================================================
Metric             [PINN]
==============================================================
Rel-L2@t=T      4.601e-03
L2              3.571e-03
Rel_MSE         1.336e-05
Rel_RMSE        3.654e-03
Mass err        2.747e-03
Min p          -3.901e-04
==============================================================

  [12/40]  κ = 0.80806

==============================================================
Metric             [PINN]
==============================================================
Rel-L2@t=T      3.282e-03
L2              3.459e-03
Rel_MSE         1.181e-05
Rel_RMSE        3.436e-03
Mass err        1.929e-03
Min p          -3.487e-04
==============================================================

  [13/40]  κ = 0.83019

==============================================================
Metric             [PINN]
==============================================================
Rel-L2@t=T      3.149e-03
L2              2.753e-03
Rel_MSE         7.582e-06
Rel_RMSE        2.754e-03
Mass err        1.915e-03
Min p          -3.487e-04
==============================================================

  [14/40]  κ = 1.03325

==============================================================
Metric             [PINN]
==============================================================
Rel-L2@t=T      5.338e-03
L2              4.328e-03
Rel_MSE         1.953e-05
Rel_RMSE        4.419e-03
Mass err        4.608e-03
Min p          -4.747e-04
==============================================================

  [15/40]  κ = 1.01206

==============================================================
Metric             [PINN]
==============================================================
Rel-L2@t=T      5.002e-03
L2              3.913e-03
Rel_MSE         1.596e-05
Rel_RMSE        3.994e-03
Mass err        3.654e-03
Min p          -4.436e-04
==============================================================

  [16/40]  κ = 1.02227

==============================================================
Metric             [PINN]
==============================================================
Rel-L2@t=T      5.145e-03
L2              4.085e-03
Rel_MSE         1.739e-05
Rel_RMSE        4.170e-03
Mass err        4.085e-03
Min p          -4.581e-04
==============================================================

  [17/40]  κ = 0.99581

==============================================================
Metric             [PINN]
==============================================================
Rel-L2@t=T      4.825e-03
L2              3.728e-03
Rel_MSE         1.450e-05
Rel_RMSE        3.809e-03
Mass err        3.281e-03
Min p          -4.219e-04
==============================================================

  [18/40]  κ = 0.83740

==============================================================
Metric             [PINN]
==============================================================
Rel-L2@t=T      3.171e-03
L2              2.644e-03
Rel_MSE         7.062e-06
Rel_RMSE        2.657e-03
Mass err        1.922e-03
Min p          -3.488e-04
==============================================================

  [19/40]  κ = 0.83348

==============================================================
Metric             [PINN]
==============================================================
Rel-L2@t=T      3.155e-03
L2              2.696e-03
Rel_MSE         7.302e-06
Rel_RMSE        2.702e-03
Mass err        1.918e-03
Min p          -3.488e-04
==============================================================

  [20/40]  κ = 0.82750

==============================================================
Metric             [PINN]
==============================================================
Rel-L2@t=T      3.148e-03
L2              2.808e-03
Rel_MSE         7.867e-06
Rel_RMSE        2.805e-03
Mass err        1.914e-03
Min p          -3.487e-04
==============================================================

  [21/40]  κ = 0.91323

==============================================================
Metric             [PINN]
==============================================================
Rel-L2@t=T      4.069e-03
L2              3.232e-03
Rel_MSE         1.103e-05
Rel_RMSE        3.321e-03
Mass err        2.195e-03
Min p          -3.512e-04
==============================================================

  [22/40]  κ = 0.96671

==============================================================
Metric             [PINN]
==============================================================
Rel-L2@t=T      4.586e-03
L2              3.563e-03
Rel_MSE         1.330e-05
Rel_RMSE        3.647e-03
Mass err        2.713e-03
Min p          -3.880e-04
==============================================================

  [23/40]  κ = 0.89810

==============================================================
Metric             [PINN]
==============================================================
Rel-L2@t=T      3.876e-03
L2              3.063e-03
Rel_MSE         9.911e-06
Rel_RMSE        3.148e-03
Mass err        2.116e-03
Min p          -3.505e-04
==============================================================

  [24/40]  κ = 0.98097

==============================================================
Metric             [PINN]
==============================================================
Rel-L2@t=T      4.697e-03
L2              3.628e-03
Rel_MSE         1.376e-05
Rel_RMSE        3.709e-03
Mass err        2.976e-03
Min p          -4.039e-04
==============================================================

  [25/40]  κ = 0.94021

==============================================================
Metric             [PINN]
==============================================================
Rel-L2@t=T      4.361e-03
L2              3.442e-03
Rel_MSE         1.247e-05
Rel_RMSE        3.531e-03
Mass err        2.357e-03
Min p          -3.629e-04
==============================================================

  [26/40]  κ = 0.89160

==============================================================
Metric             [PINN]
==============================================================
Rel-L2@t=T      3.788e-03
L2              2.982e-03
Rel_MSE         9.391e-06
Rel_RMSE        3.065e-03
Mass err        2.085e-03
Min p          -3.502e-04
==============================================================

  [27/40]  κ = 0.96657

==============================================================
Metric             [PINN]
==============================================================
Rel-L2@t=T      4.585e-03
L2              3.562e-03
Rel_MSE         1.330e-05
Rel_RMSE        3.646e-03
Mass err        2.711e-03
Min p          -3.879e-04
==============================================================

  [28/40]  κ = 0.88258

==============================================================
Metric             [PINN]
==============================================================
Rel-L2@t=T      3.665e-03
L2              2.867e-03
Rel_MSE         8.664e-06
Rel_RMSE        2.943e-03
Mass err        2.046e-03
Min p          -3.498e-04
==============================================================

  [29/40]  κ = 0.90651

==============================================================
Metric             [PINN]
==============================================================
Rel-L2@t=T      3.986e-03
L2              3.161e-03
Rel_MSE         1.055e-05
Rel_RMSE        3.249e-03
Mass err        2.159e-03
Min p          -3.509e-04
==============================================================

  [30/40]  κ = 0.83175

==============================================================
Metric             [PINN]
==============================================================
Rel-L2@t=T      3.151e-03
L2              2.724e-03
Rel_MSE         7.440e-06
Rel_RMSE        2.728e-03
Mass err        1.917e-03
Min p          -3.487e-04
==============================================================

  [31/40]  κ = 0.90233

==============================================================
Metric             [PINN]
==============================================================
Rel-L2@t=T      3.932e-03
L2              3.113e-03
Rel_MSE         1.024e-05
Rel_RMSE        3.200e-03
Mass err        2.137e-03
Min p          -3.507e-04
==============================================================

  [32/40]  κ = 0.94437

==============================================================
Metric             [PINN]
==============================================================
Rel-L2@t=T      4.399e-03
L2              3.465e-03
Rel_MSE         1.262e-05
Rel_RMSE        3.553e-03
Mass err        2.384e-03
Min p          -3.664e-04
==============================================================

  [33/40]  κ = 1.04065

==============================================================
Metric             [PINN]
==============================================================
Rel-L2@t=T      5.495e-03
L2              4.529e-03
Rel_MSE         2.140e-05
Rel_RMSE        4.626e-03
Mass err        4.970e-03
Min p          -4.862e-04
==============================================================

  [34/40]  κ = 0.87396

==============================================================
Metric             [PINN]
==============================================================
Rel-L2@t=T      3.547e-03
L2              2.761e-03
Rel_MSE         8.006e-06
Rel_RMSE        2.829e-03
Mass err        2.012e-03
Min p          -3.496e-04
==============================================================

  [35/40]  κ = 0.91770

==============================================================
Metric             [PINN]
==============================================================
Rel-L2@t=T      4.123e-03
L2              3.275e-03
Rel_MSE         1.132e-05
Rel_RMSE        3.364e-03
Mass err        2.220e-03
Min p          -3.514e-04
==============================================================

  [36/40]  κ = 0.80077

==============================================================
Metric             [PINN]
==============================================================
Rel-L2@t=T      3.409e-03
L2              3.811e-03
Rel_MSE         1.434e-05
Rel_RMSE        3.786e-03
Mass err        1.952e-03
Min p          -3.488e-04
==============================================================

  [37/40]  κ = 1.02230

==============================================================
Metric             [PINN]
==============================================================
Rel-L2@t=T      5.146e-03
L2              4.086e-03
Rel_MSE         1.739e-05
Rel_RMSE        4.170e-03
Mass err        4.086e-03
Min p          -4.582e-04
==============================================================

  [38/40]  κ = 0.90934

==============================================================
Metric             [PINN]
==============================================================
Rel-L2@t=T      4.021e-03
L2              3.191e-03
Rel_MSE         1.076e-05
Rel_RMSE        3.280e-03
Mass err        2.174e-03
Min p          -3.510e-04
==============================================================

  [39/40]  κ = 0.81362

==============================================================
Metric             [PINN]
==============================================================
Rel-L2@t=T      3.215e-03
L2              3.229e-03
Rel_MSE         1.030e-05
Rel_RMSE        3.210e-03
Mass err        1.919e-03
Min p          -3.487e-04
==============================================================

  [40/40]  κ = 0.97443

==============================================================
Metric             [PINN]
==============================================================
Rel-L2@t=T      4.646e-03
L2              3.596e-03
Rel_MSE         1.353e-05
Rel_RMSE        3.679e-03
Mass err        2.852e-03
Min p          -3.964e-04
==============================================================

Error metrics saved to models/pinn_fokkerplanck_error_metrics.json

Plotting held-out κ = 0.94021 (Padé+PINN's best)  —  PINN Rel_MSE there = 1.247e-05

=================================================================
Final Average Error Metrics — across 40 held-out κ values
=================================================================
Metric             [PINN]
==============================================================
Avg L2          3.320e-03
Rel_MSE         1.170e-05
Rel_RMSE        3.384e-03
Mass err        2.538e-03
==============================================================
==============================================================
  PINN training  -  single global network  (Fokker-Planck)
  Epochs=20000  lr=0.001
  time=2.0  nx=2000  min_x=-8.0 max_x=8.0
  theta=0.5  x0=2.0  s0=1.5
  kappa in [0.8, 1.05]  log-uniform   plot kappa=0.91323 (Padé+PINN best)
==============================================================
    500/20000  [4.211e-05, 1.003e-05, 1.530e-05]  kappa=0.85200  causal_eps=0.006  0.00s
   1000/20000  [3.233e-05, 4.356e-07, 2.228e-05]  kappa=0.82563  causal_eps=0.013  0.00s
   1500/20000  [5.454e-06, 7.601e-07, 3.224e-06]  kappa=0.93414  causal_eps=0.019  0.00s
   2000/20000  [1.212e-05, 7.730e-06, 4.894e-06]  kappa=1.00749  causal_eps=0.025  0.00s
   2500/20000  [8.409e-06, 6.978e-07, 9.952e-06]  kappa=1.01698  causal_eps=0.031  0.00s
   3000/20000  [1.314e-05, 6.990e-06, 5.097e-06]  kappa=0.98642  causal_eps=0.038  0.00s
   3500/20000  [1.074e-05, 9.634e-07, 2.498e-06]  kappa=0.86990  causal_eps=0.044  0.00s
   4000/20000  [2.256e-06, 1.488e-06, 1.433e-06]  kappa=0.99249  causal_eps=0.050  0.00s
   4500/20000  [2.027e-06, 4.317e-06, 3.194e-06]  kappa=0.86950  causal_eps=0.056  0.00s
   5000/20000  [1.321e-06, 8.830e-07, 1.518e-06]  kappa=0.99681  causal_eps=0.062  0.00s
   5500/20000  [7.019e-07, 3.984e-07, 4.977e-07]  kappa=0.85775  causal_eps=0.069  0.00s
   6000/20000  [1.228e-06, 2.050e-06, 1.656e-06]  kappa=0.87534  causal_eps=0.075  0.00s
   6500/20000  [1.382e-06, 1.436e-06, 1.618e-06]  kappa=0.80248  causal_eps=0.081  0.00s
   7000/20000  [9.712e-07, 1.479e-06, 1.356e-06]  kappa=0.82797  causal_eps=0.088  0.00s
   7500/20000  [3.692e-06, 1.557e-05, 1.450e-05]  kappa=0.83744  causal_eps=0.094  0.00s
   8000/20000  [3.656e-07, 1.189e-08, 2.322e-07]  kappa=0.94768  causal_eps=0.100  0.00s
   8500/20000  [3.325e-07, 9.971e-07, 1.104e-06]  kappa=0.88351  causal_eps=0.106  0.00s
   9000/20000  [9.703e-07, 1.035e-07, 1.498e-06]  kappa=1.04000  causal_eps=0.113  0.00s
   9500/20000  [3.563e-07, 5.210e-07, 2.914e-07]  kappa=0.82981  causal_eps=0.119  0.00s
  10000/20000  [8.130e-07, 7.261e-07, 5.469e-07]  kappa=0.95445  causal_eps=0.125  8.39s
  10500/20000  [1.106e-06, 1.891e-06, 1.626e-06]  kappa=0.81870  causal_eps=0.131  0.01s
  11000/20000  [4.650e-07, 1.005e-06, 7.975e-07]  kappa=0.98504  causal_eps=0.138  0.01s
  11500/20000  [7.305e-07, 3.212e-06, 2.645e-06]  kappa=0.84812  causal_eps=0.144  0.00s
  12000/20000  [9.875e-08, 1.028e-08, 4.094e-08]  kappa=0.97585  causal_eps=0.150  0.00s
  12500/20000  [3.205e-06, 2.506e-07, 7.158e-06]  kappa=0.94653  causal_eps=0.156  0.01s
  13000/20000  [4.837e-07, 3.715e-07, 3.755e-07]  kappa=1.02247  causal_eps=0.163  0.01s
  13500/20000  [4.797e-07, 1.252e-06, 1.166e-06]  kappa=0.96189  causal_eps=0.169  0.00s
  14000/20000  [1.280e-07, 5.657e-09, 1.515e-07]  kappa=0.92837  causal_eps=0.175  0.01s
  14500/20000  [3.784e-07, 3.458e-07, 5.429e-07]  kappa=0.95179  causal_eps=0.181  0.00s
  15000/20000  [1.587e-07, 3.921e-08, 3.985e-07]  kappa=0.96500  causal_eps=0.188  0.00s
  15500/20000  [1.868e-07, 2.181e-09, 2.107e-07]  kappa=0.90709  causal_eps=0.194  0.00s
  16000/20000  [2.560e-07, 6.982e-07, 5.864e-07]  kappa=0.83276  causal_eps=0.200  0.01s
  16500/20000  [7.593e-08, 1.865e-08, 2.875e-08]  kappa=0.96878  causal_eps=0.200  0.00s
  17000/20000  [1.535e-07, 6.978e-09, 2.656e-08]  kappa=0.86074  causal_eps=0.200  0.00s
  17500/20000  [6.705e-08, 1.418e-07, 1.447e-07]  kappa=0.99337  causal_eps=0.200  0.01s
  18000/20000  [9.883e-08, 6.952e-09, 3.279e-07]  kappa=0.83276  causal_eps=0.200  0.00s
  18500/20000  [1.163e-06, 4.902e-07, 2.093e-06]  kappa=0.80401  causal_eps=0.200  0.01s
  19000/20000  [1.714e-07, 4.429e-07, 1.250e-07]  kappa=0.96400  causal_eps=0.200  0.00s
  19500/20000  [2.394e-06, 3.167e-08, 7.254e-08]  kappa=0.90433  causal_eps=0.200  0.00s
  20000/20000  [1.076e-07, 2.042e-07, 1.565e-07]  kappa=0.91076  causal_eps=0.200  0.01s
Model saved to models/pinn_fokkerplanck.pkl

=================================================================
Evaluation — 40 held-out κ values
=================================================================

  [1/40]  κ = 0.88114

==============================================================
Metric             [PINN]
==============================================================
Rel-L2@t=T      6.141e-03
L2              6.560e-03
Rel_MSE         4.269e-05
Rel_RMSE        6.533e-03
Mass err        5.429e-03
Min p          -9.776e-04
==============================================================

  [2/40]  κ = 0.96532

==============================================================
Metric             [PINN]
==============================================================
Rel-L2@t=T      6.200e-03
L2              6.437e-03
Rel_MSE         4.128e-05
Rel_RMSE        6.425e-03
Mass err        6.336e-03
Min p          -9.183e-04
==============================================================

  [3/40]  κ = 0.84498

==============================================================
Metric             [PINN]
==============================================================
Rel-L2@t=T      6.097e-03
L2              6.548e-03
Rel_MSE         4.246e-05
Rel_RMSE        6.516e-03
Mass err        4.928e-03
Min p          -1.002e-03
==============================================================

  [4/40]  κ = 0.89077

==============================================================
Metric             [PINN]
==============================================================
Rel-L2@t=T      6.158e-03
L2              6.570e-03
Rel_MSE         4.284e-05
Rel_RMSE        6.545e-03
Mass err        5.548e-03
Min p          -9.710e-04
==============================================================

  [5/40]  κ = 0.99852

==============================================================
Metric             [PINN]
==============================================================
Rel-L2@t=T      6.258e-03
L2              6.439e-03
Rel_MSE         4.137e-05
Rel_RMSE        6.432e-03
Mass err        6.642e-03
Min p          -8.941e-04
==============================================================

  [6/40]  κ = 0.86047

==============================================================
Metric             [PINN]
==============================================================
Rel-L2@t=T      6.107e-03
L2              6.538e-03
Rel_MSE         4.235e-05
Rel_RMSE        6.508e-03
Mass err        5.153e-03
Min p          -9.917e-04
==============================================================

  [7/40]  κ = 0.87639

==============================================================
Metric             [PINN]
==============================================================
Rel-L2@t=T      6.132e-03
L2              6.554e-03
Rel_MSE         4.260e-05
Rel_RMSE        6.527e-03
Mass err        5.368e-03
Min p          -9.809e-04
==============================================================

  [8/40]  κ = 0.94355

==============================================================
Metric             [PINN]
==============================================================
Rel-L2@t=T      6.202e-03
L2              6.503e-03
Rel_MSE         4.210e-05
Rel_RMSE        6.488e-03
Mass err        6.126e-03
Min p          -9.339e-04
==============================================================

  [9/40]  κ = 0.97472

==============================================================
Metric             [PINN]
==============================================================
Rel-L2@t=T      6.204e-03
L2              6.417e-03
Rel_MSE         4.104e-05
Rel_RMSE        6.406e-03
Mass err        6.424e-03
Min p          -9.115e-04
==============================================================

  [10/40]  κ = 0.92728

==============================================================
Metric             [PINN]
==============================================================
Rel-L2@t=T      6.200e-03
L2              6.547e-03
Rel_MSE         4.264e-05
Rel_RMSE        6.530e-03
Mass err        5.960e-03
Min p          -9.455e-04
==============================================================

  [11/40]  κ = 0.96863

==============================================================
Metric             [PINN]
==============================================================
Rel-L2@t=T      6.200e-03
L2              6.429e-03
Rel_MSE         4.118e-05
Rel_RMSE        6.417e-03
Mass err        6.367e-03
Min p          -9.159e-04
==============================================================

  [12/40]  κ = 0.80806

==============================================================
Metric             [PINN]
==============================================================
Rel-L2@t=T      6.240e-03
L2              6.881e-03
Rel_MSE         4.696e-05
Rel_RMSE        6.853e-03
Mass err        4.319e-03
Min p          -1.026e-03
==============================================================

  [13/40]  κ = 0.83019

==============================================================
Metric             [PINN]
==============================================================
Rel-L2@t=T      6.117e-03
L2              6.612e-03
Rel_MSE         4.329e-05
Rel_RMSE        6.579e-03
Mass err        4.697e-03
Min p          -1.012e-03
==============================================================

  [14/40]  κ = 1.03325

==============================================================
Metric             [PINN]
==============================================================
Rel-L2@t=T      6.599e-03
L2              6.838e-03
Rel_MSE         4.681e-05
Rel_RMSE        6.842e-03
Mass err        6.957e-03
Min p          -8.821e-04
==============================================================

  [15/40]  κ = 1.01206

==============================================================
Metric             [PINN]
==============================================================
Rel-L2@t=T      6.342e-03
L2              6.529e-03
Rel_MSE         4.258e-05
Rel_RMSE        6.525e-03
Mass err        6.764e-03
Min p          -8.842e-04
==============================================================

  [16/40]  κ = 1.02227

==============================================================
Metric             [PINN]
==============================================================
Rel-L2@t=T      6.444e-03
L2              6.649e-03
Rel_MSE         4.420e-05
Rel_RMSE        6.648e-03
Mass err        6.857e-03
Min p          -8.801e-04
==============================================================

  [17/40]  κ = 0.99581

==============================================================
Metric             [PINN]
==============================================================
Rel-L2@t=T      6.247e-03
L2              6.429e-03
Rel_MSE         4.124e-05
Rel_RMSE        6.422e-03
Mass err        6.617e-03
Min p          -8.961e-04
==============================================================

  [18/40]  κ = 0.83740

==============================================================
Metric             [PINN]
==============================================================
Rel-L2@t=T      6.103e-03
L2              6.572e-03
Rel_MSE         4.276e-05
Rel_RMSE        6.539e-03
Mass err        4.812e-03
Min p          -1.007e-03
==============================================================

  [19/40]  κ = 0.83348

==============================================================
Metric             [PINN]
==============================================================
Rel-L2@t=T      6.109e-03
L2              6.591e-03
Rel_MSE         4.301e-05
Rel_RMSE        6.559e-03
Mass err        4.750e-03
Min p          -1.010e-03
==============================================================

  [20/40]  κ = 0.82750

==============================================================
Metric             [PINN]
==============================================================
Rel-L2@t=T      6.125e-03
L2              6.632e-03
Rel_MSE         4.355e-05
Rel_RMSE        6.599e-03
Mass err        4.654e-03
Min p          -1.014e-03
==============================================================

  [21/40]  κ = 0.91323

==============================================================
Metric             [PINN]
==============================================================
Rel-L2@t=T      6.190e-03
L2              6.570e-03
Rel_MSE         4.290e-05
Rel_RMSE        6.549e-03
Mass err        5.809e-03
Min p          -9.554e-04
==============================================================

  [22/40]  κ = 0.96671

==============================================================
Metric             [PINN]
==============================================================
Rel-L2@t=T      6.200e-03
L2              6.433e-03
Rel_MSE         4.124e-05
Rel_RMSE        6.422e-03
Mass err        6.349e-03
Min p          -9.173e-04
==============================================================

  [23/40]  κ = 0.89810

==============================================================
Metric             [PINN]
==============================================================
Rel-L2@t=T      6.170e-03
L2              6.575e-03
Rel_MSE         4.292e-05
Rel_RMSE        6.551e-03
Mass err        5.636e-03
Min p          -9.659e-04
==============================================================

  [24/40]  κ = 0.98097

==============================================================
Metric             [PINN]
==============================================================
Rel-L2@t=T      6.210e-03
L2              6.410e-03
Rel_MSE         4.097e-05
Rel_RMSE        6.401e-03
Mass err        6.482e-03
Min p          -9.069e-04
==============================================================

  [25/40]  κ = 0.94021

==============================================================
Metric             [PINN]
==============================================================
Rel-L2@t=T      6.202e-03
L2              6.513e-03
Rel_MSE         4.222e-05
Rel_RMSE        6.498e-03
Mass err        6.092e-03
Min p          -9.363e-04
==============================================================

  [26/40]  κ = 0.89160

==============================================================
Metric             [PINN]
==============================================================
Rel-L2@t=T      6.160e-03
L2              6.571e-03
Rel_MSE         4.285e-05
Rel_RMSE        6.546e-03
Mass err        5.558e-03
Min p          -9.704e-04
==============================================================

  [27/40]  κ = 0.96657

==============================================================
Metric             [PINN]
==============================================================
Rel-L2@t=T      6.200e-03
L2              6.434e-03
Rel_MSE         4.124e-05
Rel_RMSE        6.422e-03
Mass err        6.348e-03
Min p          -9.174e-04
==============================================================

  [28/40]  κ = 0.88258

==============================================================
Metric             [PINN]
==============================================================
Rel-L2@t=T      6.143e-03
L2              6.562e-03
Rel_MSE         4.271e-05
Rel_RMSE        6.535e-03
Mass err        5.447e-03
Min p          -9.767e-04
==============================================================

  [29/40]  κ = 0.90651

==============================================================
Metric             [PINN]
==============================================================
Rel-L2@t=T      6.182e-03
L2              6.574e-03
Rel_MSE         4.294e-05
Rel_RMSE        6.553e-03
Mass err        5.733e-03
Min p          -9.601e-04
==============================================================

  [30/40]  κ = 0.83175

==============================================================
Metric             [PINN]
==============================================================
Rel-L2@t=T      6.113e-03
L2              6.601e-03
Rel_MSE         4.315e-05
Rel_RMSE        6.569e-03
Mass err        4.723e-03
Min p          -1.011e-03
==============================================================

  [31/40]  κ = 0.90233

==============================================================
Metric             [PINN]
==============================================================
Rel-L2@t=T      6.177e-03
L2              6.575e-03
Rel_MSE         4.294e-05
Rel_RMSE        6.553e-03
Mass err        5.685e-03
Min p          -9.630e-04
==============================================================

  [32/40]  κ = 0.94437

==============================================================
Metric             [PINN]
==============================================================
Rel-L2@t=T      6.202e-03
L2              6.501e-03
Rel_MSE         4.207e-05
Rel_RMSE        6.486e-03
Mass err        6.134e-03
Min p          -9.333e-04
==============================================================

  [33/40]  κ = 1.04065

==============================================================
Metric             [PINN]
==============================================================
Rel-L2@t=T      6.735e-03
L2              7.004e-03
Rel_MSE         4.916e-05
Rel_RMSE        7.011e-03
Mass err        7.026e-03
Min p          -8.841e-04
==============================================================

  [34/40]  κ = 0.87396

==============================================================
Metric             [PINN]
==============================================================
Rel-L2@t=T      6.128e-03
L2              6.551e-03
Rel_MSE         4.255e-05
Rel_RMSE        6.523e-03
Mass err        5.336e-03
Min p          -9.826e-04
==============================================================

  [35/40]  κ = 0.91770

==============================================================
Metric             [PINN]
==============================================================
Rel-L2@t=T      6.194e-03
L2              6.564e-03
Rel_MSE         4.284e-05
Rel_RMSE        6.545e-03
Mass err        5.858e-03
Min p          -9.522e-04
==============================================================

  [36/40]  κ = 0.80077

==============================================================
Metric             [PINN]
==============================================================
Rel-L2@t=T      6.318e-03
L2              7.032e-03
Rel_MSE         4.911e-05
Rel_RMSE        7.008e-03
Mass err        4.186e-03
Min p          -1.031e-03
==============================================================

  [37/40]  κ = 1.02230

==============================================================
Metric             [PINN]
==============================================================
Rel-L2@t=T      6.444e-03
L2              6.649e-03
Rel_MSE         4.421e-05
Rel_RMSE        6.649e-03
Mass err        6.857e-03
Min p          -8.801e-04
==============================================================

  [38/40]  κ = 0.90934

==============================================================
Metric             [PINN]
==============================================================
Rel-L2@t=T      6.186e-03
L2              6.573e-03
Rel_MSE         4.293e-05
Rel_RMSE        6.552e-03
Mass err        5.765e-03
Min p          -9.581e-04
==============================================================

  [39/40]  κ = 0.81362

==============================================================
Metric             [PINN]
==============================================================
Rel-L2@t=T      6.195e-03
L2              6.788e-03
Rel_MSE         4.568e-05
Rel_RMSE        6.758e-03
Mass err        4.418e-03
Min p          -1.023e-03
==============================================================

  [40/40]  κ = 0.97443

==============================================================
Metric             [PINN]
==============================================================
Rel-L2@t=T      6.203e-03
L2              6.417e-03
Rel_MSE         4.105e-05
Rel_RMSE        6.407e-03
Mass err        6.421e-03
Min p          -9.117e-04
==============================================================

Error metrics saved to models/pinn_fokkerplanck_error_metrics.json

Plotting held-out κ = 0.91323 (Padé+PINN's best)  —  PINN Rel_MSE there = 4.290e-05

=================================================================
Final Average Error Metrics — across 40 held-out κ values
=================================================================
Metric             [PINN]
==============================================================
Avg L2          6.579e-03
Rel_MSE         4.306e-05
Rel_RMSE        6.561e-03
Mass err        5.764e-03
==============================================================
