Computing [2/2] temporal Padé approximants for the linearized Schrodinger equation...
 f0_u = 0.8*cos(0.266666666666667*pi*x)   f0_v = 0
 f1_u = 0   f1_v = -0.0568888888888889*pi**2*kappa*cos(0.266666666666667*pi*x)
 f2_u = -0.00404543209876543*pi**4*kappa**2*cos(0.266666666666667*pi*x)   f2_v = 0
 f3_u = 0   f3_v = 0.000287675171467764*pi**6*kappa**3*cos(0.266666666666667*pi*x)
 f4_u = 2.04569010821521e-5*pi**8*kappa**4*cos(0.266666666666667*pi*x)   f4_v = 0
 b0_u = 1  (normalised)
 b1_u = 0
 b2_u = 0.000421399176954733*pi**4*kappa**2
 b0_v = 1  (normalised)
 b1_v = 0
 b2_v = 0.000842798353909465*pi**4*kappa**2
 P[2/2](x,t) = (-0.00168559670781893*pi**4*kappa**2*t**2*cos(0.266666666666667*pi*x) + 0.8*cos(0.266666666666667*pi*x))/(0.000421399176954733*pi**4*kappa**2*t**2 + 1)
 P[2/2](x,t) = -0.0568888888888889*pi**2*kappa*t*cos(0.266666666666667*pi*x)/(0.000842798353909465*pi**4*kappa**2*t**2 + 1)

==============================================================
  Padé-PINN training -- (Schrodinger)
  epochs=50000  lr=0.001
  time=2.0 nx=6400  min_x=-7.5 max_x=7.5
  $\kappa$ in [(0.1, 1.0)]  log-uniform
==============================================================
    500/50000  [1.688e-02, 1.317e-03]  kappa=0.89305  causal_eps=0.003  0.10s
   1000/50000  [6.870e-03, 5.584e-04]  kappa=0.59362  causal_eps=0.005  0.10s
   1500/50000  [4.663e-03, 7.120e-05]  kappa=0.51189  causal_eps=0.007  0.10s
   2000/50000  [3.486e-03, 2.188e-04]  kappa=0.45654  causal_eps=0.010  0.10s
   2500/50000  [2.824e-03, 1.021e-04]  kappa=0.30619  causal_eps=0.013  0.10s
   3000/50000  [2.786e-03, 2.540e-04]  kappa=0.37210  causal_eps=0.015  0.10s
   3500/50000  [3.577e-03, 5.210e-03]  kappa=0.86567  causal_eps=0.017  0.10s
   4000/50000  [2.860e-03, 1.202e-03]  kappa=0.77911  causal_eps=0.020  0.10s
   4500/50000  [2.409e-03, 3.739e-04]  kappa=0.11055  causal_eps=0.023  0.10s
   5000/50000  [1.598e-03, 1.317e-05]  kappa=0.37043  causal_eps=0.025  0.10s
   5500/50000  [1.790e-03, 4.494e-04]  kappa=0.54820  causal_eps=0.028  0.10s
   6000/50000  [1.620e-03, 4.912e-05]  kappa=0.17506  causal_eps=0.030  0.10s
   6500/50000  [1.411e-03, 1.336e-04]  kappa=0.25161  causal_eps=0.033  0.10s
   7000/50000  [2.253e-03, 4.292e-04]  kappa=0.90593  causal_eps=0.035  0.09s
   7500/50000  [1.420e-03, 1.107e-03]  kappa=0.15126  causal_eps=0.038  0.10s
   8000/50000  [1.369e-03, 7.138e-04]  kappa=0.15513  causal_eps=0.040  0.10s
   8500/50000  [1.159e-03, 2.526e-05]  kappa=0.25027  causal_eps=0.043  0.10s
   9000/50000  [1.412e-03, 8.442e-05]  kappa=0.81268  causal_eps=0.045  0.10s
   9500/50000  [1.514e-03, 4.875e-05]  kappa=0.47297  causal_eps=0.048  0.10s
  10000/50000  [2.230e-03, 7.467e-04]  kappa=0.82743  causal_eps=0.050  8.25s
  10500/50000  [1.318e-03, 4.134e-04]  kappa=0.24259  causal_eps=0.053  0.10s
  11000/50000  [1.468e-03, 4.383e-05]  kappa=0.66672  causal_eps=0.055  0.10s
  11500/50000  [1.190e-03, 7.674e-05]  kappa=0.17545  causal_eps=0.057  0.10s
  12000/50000  [1.143e-03, 3.154e-04]  kappa=0.40064  causal_eps=0.060  0.10s
  12500/50000  [1.048e-03, 1.037e-04]  kappa=0.46906  causal_eps=0.062  0.11s
  13000/50000  [9.242e-04, 2.025e-05]  kappa=0.21176  causal_eps=0.065  0.11s
  13500/50000  [1.092e-03, 6.042e-04]  kappa=0.61854  causal_eps=0.068  0.10s
  14000/50000  [9.600e-04, 7.621e-05]  kappa=0.13246  causal_eps=0.070  0.10s
  14500/50000  [8.198e-04, 1.645e-04]  kappa=0.25782  causal_eps=0.072  0.10s
  15000/50000  [1.037e-03, 1.422e-04]  kappa=0.35384  causal_eps=0.075  0.10s
  15500/50000  [9.934e-04, 3.392e-05]  kappa=0.11582  causal_eps=0.078  0.10s
  16000/50000  [1.471e-03, 8.339e-04]  kappa=0.51739  causal_eps=0.080  0.10s
  16500/50000  [1.253e-03, 4.671e-04]  kappa=0.28025  causal_eps=0.083  0.10s
  17000/50000  [3.073e-03, 3.423e-04]  kappa=0.84178  causal_eps=0.085  0.10s
  17500/50000  [6.106e-04, 3.072e-04]  kappa=0.27035  causal_eps=0.088  0.10s
  18000/50000  [1.488e-03, 6.795e-04]  kappa=0.12563  causal_eps=0.090  0.10s
  18500/50000  [7.004e-04, 2.071e-05]  kappa=0.24458  causal_eps=0.093  0.10s
  19000/50000  [1.712e-03, 2.454e-04]  kappa=0.70662  causal_eps=0.095  0.10s
  19500/50000  [8.220e-04, 6.564e-05]  kappa=0.13290  causal_eps=0.098  0.10s
  20000/50000  [1.157e-03, 2.957e-04]  kappa=0.67277  causal_eps=0.100  0.08s
  20500/50000  [7.293e-04, 1.157e-04]  kappa=0.54928  causal_eps=0.102  0.10s
  21000/50000  [1.030e-03, 1.989e-04]  kappa=0.10232  causal_eps=0.105  0.10s
  21500/50000  [7.740e-04, 3.450e-04]  kappa=0.56541  causal_eps=0.107  0.11s
  22000/50000  [8.187e-04, 9.412e-04]  kappa=0.57679  causal_eps=0.110  0.11s
  22500/50000  [1.580e-03, 3.027e-04]  kappa=0.41993  causal_eps=0.113  0.10s
  23000/50000  [7.434e-04, 8.007e-05]  kappa=0.45422  causal_eps=0.115  0.10s
  23500/50000  [1.167e-03, 7.050e-05]  kappa=0.31698  causal_eps=0.118  0.10s
  24000/50000  [6.688e-04, 3.426e-05]  kappa=0.12831  causal_eps=0.120  0.10s
  24500/50000  [1.068e-03, 9.704e-05]  kappa=0.17844  causal_eps=0.123  0.10s
  25000/50000  [7.425e-04, 3.147e-05]  kappa=0.25570  causal_eps=0.125  0.10s
  25500/50000  [1.074e-03, 4.143e-05]  kappa=0.15010  causal_eps=0.128  0.10s
  26000/50000  [1.707e-03, 1.209e-04]  kappa=0.56348  causal_eps=0.130  0.10s
  26500/50000  [1.213e-03, 1.339e-04]  kappa=0.24949  causal_eps=0.133  0.10s
  27000/50000  [5.946e-04, 5.367e-05]  kappa=0.20210  causal_eps=0.135  0.10s
  27500/50000  [7.669e-04, 3.847e-05]  kappa=0.32535  causal_eps=0.138  0.10s
  28000/50000  [7.010e-04, 2.001e-04]  kappa=0.14682  causal_eps=0.140  0.10s
  28500/50000  [1.147e-03, 1.098e-03]  kappa=0.18357  causal_eps=0.143  0.10s
  29000/50000  [9.044e-04, 2.942e-04]  kappa=0.20194  causal_eps=0.145  0.10s
  29500/50000  [7.221e-04, 7.785e-05]  kappa=0.44962  causal_eps=0.148  0.10s
  30000/50000  [1.288e-03, 6.453e-04]  kappa=0.50022  causal_eps=0.150  0.08s
  30500/50000  [8.374e-04, 6.761e-05]  kappa=0.52310  causal_eps=0.152  0.10s
  31000/50000  [1.115e-03, 4.778e-05]  kappa=0.32753  causal_eps=0.155  0.10s
  31500/50000  [9.154e-04, 5.495e-05]  kappa=0.39388  causal_eps=0.158  0.10s
  32000/50000  [5.620e-04, 2.449e-04]  kappa=0.46981  causal_eps=0.160  0.10s
  32500/50000  [4.886e-04, 4.377e-05]  kappa=0.33819  causal_eps=0.163  0.11s
  33000/50000  [4.423e-04, 2.694e-04]  kappa=0.15597  causal_eps=0.165  0.10s
  33500/50000  [1.343e-03, 8.013e-04]  kappa=0.30921  causal_eps=0.168  0.10s
  34000/50000  [4.466e-04, 3.094e-05]  kappa=0.13787  causal_eps=0.170  0.11s
  34500/50000  [7.977e-04, 7.688e-04]  kappa=0.40620  causal_eps=0.173  0.10s
  35000/50000  [5.204e-04, 1.366e-04]  kappa=0.11379  causal_eps=0.175  0.10s
  35500/50000  [2.107e-03, 2.045e-04]  kappa=0.41849  causal_eps=0.177  0.10s
  36000/50000  [5.565e-04, 4.414e-05]  kappa=0.24335  causal_eps=0.180  0.10s
  36500/50000  [5.561e-04, 1.154e-05]  kappa=0.43467  causal_eps=0.182  0.10s
  37000/50000  [5.732e-04, 1.742e-04]  kappa=0.19859  causal_eps=0.185  0.10s
  37500/50000  [4.535e-04, 9.316e-05]  kappa=0.14220  causal_eps=0.188  0.10s
  38000/50000  [7.820e-04, 9.203e-05]  kappa=0.26572  causal_eps=0.190  0.10s
  38500/50000  [1.310e-03, 4.136e-04]  kappa=0.49552  causal_eps=0.193  0.10s
  39000/50000  [4.784e-04, 1.652e-05]  kappa=0.32868  causal_eps=0.195  0.10s
  39500/50000  [7.274e-04, 3.009e-05]  kappa=0.32811  causal_eps=0.198  0.11s
  40000/50000  [1.430e-03, 1.547e-04]  kappa=0.20938  causal_eps=0.200  0.09s
  40500/50000  [6.845e-04, 9.356e-05]  kappa=0.84251  causal_eps=0.200  0.10s
  41000/50000  [6.759e-04, 1.211e-04]  kappa=0.43016  causal_eps=0.200  0.11s
  41500/50000  [4.999e-04, 2.667e-05]  kappa=0.30657  causal_eps=0.200  0.10s
  42000/50000  [5.578e-04, 9.142e-05]  kappa=0.43492  causal_eps=0.200  0.10s
  42500/50000  [5.934e-04, 1.502e-03]  kappa=0.41069  causal_eps=0.200  0.10s
  43000/50000  [4.662e-04, 2.399e-05]  kappa=0.43803  causal_eps=0.200  0.10s
  43500/50000  [1.341e-03, 1.124e-04]  kappa=0.31201  causal_eps=0.200  0.10s
  44000/50000  [1.135e-03, 3.874e-05]  kappa=0.28212  causal_eps=0.200  0.10s
  44500/50000  [6.935e-04, 5.295e-05]  kappa=0.68761  causal_eps=0.200  0.10s
  45000/50000  [7.360e-04, 1.058e-04]  kappa=0.17583  causal_eps=0.200  0.10s
  45500/50000  [1.234e-03, 2.197e-04]  kappa=0.15675  causal_eps=0.200  0.11s
  46000/50000  [5.339e-04, 2.481e-04]  kappa=0.41060  causal_eps=0.200  0.10s
  46500/50000  [8.280e-04, 2.728e-04]  kappa=0.22292  causal_eps=0.200  0.10s
  47000/50000  [6.787e-04, 8.832e-05]  kappa=0.48218  causal_eps=0.200  0.10s
  47500/50000  [5.643e-04, 4.275e-05]  kappa=0.86638  causal_eps=0.200  0.10s
  48000/50000  [3.938e-04, 2.636e-05]  kappa=0.36270  causal_eps=0.200  0.10s
  48500/50000  [1.132e-03, 7.517e-05]  kappa=0.10637  causal_eps=0.200  0.10s
  49000/50000  [1.220e-03, 4.510e-05]  kappa=0.26078  causal_eps=0.200  0.10s
  49500/50000  [4.102e-04, 1.180e-04]  kappa=0.57803  causal_eps=0.200  0.10s
  50000/50000  [5.581e-04, 4.766e-05]  kappa=0.20725  causal_eps=0.200  0.11s
Model saved → models/pade_pinn_schrodinger.pkl

=================================================================
Evaluation — 30 held-out κ values
=================================================================

  [1/30]  κ = 0.29061
  ============================================================
  Rel-L2 @ t=T   Padé=3.533e-01   Padé+PINN=1.667e-01
  ============================================================
  Metric             [Padé]     [Padé+PINN]
 ============================================================
  Avg L2          1.792e-01       9.735e-02
  Rel_MSE         5.438e-02       1.431e-02
  Rel_RMSE        2.332e-01       1.196e-01
  ============================================================

  [2/30]  κ = 0.82245
  ============================================================
  Rel-L2 @ t=T   Padé=1.037e-01   Padé+PINN=1.757e-01
  ============================================================
  Metric             [Padé]     [Padé+PINN]
 ============================================================
  Avg L2          5.671e-02       8.433e-02
  Rel_MSE         4.996e-03       9.087e-03
  Rel_RMSE        7.068e-02       9.533e-02
  ============================================================

  [3/30]  κ = 0.93590
  ============================================================
  Rel-L2 @ t=T   Padé=1.037e-01   Padé+PINN=1.860e-01
  ============================================================
  Metric             [Padé]     [Padé+PINN]
 ============================================================
  Avg L2          5.577e-02       9.424e-02
  Rel_MSE         4.571e-03       1.193e-02
  Rel_RMSE        6.761e-02       1.092e-01
  ============================================================

  [4/30]  κ = 0.10101
  ============================================================
  Rel-L2 @ t=T   Padé=3.161e-01   Padé+PINN=1.226e-01
  ============================================================
  Metric             [Padé]     [Padé+PINN]
 ============================================================
  Avg L2          1.037e-01       6.785e-02
  Rel_MSE         2.212e-02       6.170e-03
  Rel_RMSE        1.487e-01       7.855e-02
  ============================================================

  [5/30]  κ = 0.14944
  ============================================================
  Rel-L2 @ t=T   Padé=3.999e-01   Padé+PINN=1.753e-01
  ============================================================
  Metric             [Padé]     [Padé+PINN]
 ============================================================
  Avg L2          1.428e-01       8.188e-02
  Rel_MSE         4.201e-02       1.035e-02
  Rel_RMSE        2.050e-01       1.017e-01
  ============================================================

  [6/30]  κ = 0.35988
  ============================================================
  Rel-L2 @ t=T   Padé=2.595e-01   Padé+PINN=1.307e-01
  ============================================================
  Metric             [Padé]     [Padé+PINN]
 ============================================================
  Avg L2          1.690e-01       9.255e-02
  Rel_MSE         4.306e-02       1.201e-02
  Rel_RMSE        2.075e-01       1.096e-01
  ============================================================

  [7/30]  κ = 0.10113
  ============================================================
  Rel-L2 @ t=T   Padé=3.164e-01   Padé+PINN=1.227e-01
  ============================================================
  Metric             [Padé]     [Padé+PINN]
 ============================================================
  Avg L2          1.038e-01       6.787e-02
  Rel_MSE         2.217e-02       6.178e-03
  Rel_RMSE        1.489e-01       7.860e-02
  ============================================================

  [8/30]  κ = 0.61206
  ============================================================
  Rel-L2 @ t=T   Padé=9.806e-03   Padé+PINN=1.116e-01
  ============================================================
  Metric             [Padé]     [Padé+PINN]
 ============================================================
  Avg L2          7.929e-02       7.524e-02
  Rel_MSE         1.024e-02       6.853e-03
  Rel_RMSE        1.012e-01       8.278e-02
  ============================================================

  [9/30]  κ = 0.83543
  ============================================================
  Rel-L2 @ t=T   Padé=1.053e-01   Padé+PINN=1.782e-01
  ============================================================
  Metric             [Padé]     [Padé+PINN]
 ============================================================
  Avg L2          5.657e-02       8.544e-02
  Rel_MSE         4.931e-03       9.400e-03
  Rel_RMSE        7.022e-02       9.695e-02
  ============================================================

  [10/30]  κ = 0.14148
  ============================================================
  Rel-L2 @ t=T   Padé=3.913e-01   Padé+PINN=1.686e-01
  ============================================================
  Metric             [Padé]     [Padé+PINN]
 ============================================================
  Avg L2          1.374e-01       7.951e-02
  Rel_MSE         3.903e-02       9.584e-03
  Rel_RMSE        1.976e-01       9.790e-02
  ============================================================

  [11/30]  κ = 0.26319
  ============================================================
  Rel-L2 @ t=T   Padé=3.805e-01   Padé+PINN=1.788e-01
  ============================================================
  Metric             [Padé]     [Padé+PINN]
 ============================================================
  Avg L2          1.792e-01       9.776e-02
  Rel_MSE         5.698e-02       1.484e-02
  Rel_RMSE        2.387e-01       1.218e-01
  ============================================================

  [12/30]  κ = 0.55296
  ============================================================
  Rel-L2 @ t=T   Padé=6.764e-03   Padé+PINN=1.141e-01
  ============================================================
  Metric             [Padé]     [Padé+PINN]
 ============================================================
  Avg L2          9.724e-02       7.649e-02
  Rel_MSE         1.410e-02       7.211e-03
  Rel_RMSE        1.187e-01       8.492e-02
  ============================================================

  [13/30]  κ = 0.40008
  ============================================================
  Rel-L2 @ t=T   Padé=1.919e-01   Padé+PINN=1.132e-01
  ============================================================
  Metric             [Padé]     [Padé+PINN]
 ============================================================
  Avg L2          1.573e-01       8.817e-02
  Rel_MSE         3.527e-02       1.050e-02
  Rel_RMSE        1.878e-01       1.025e-01
  ============================================================

  [14/30]  κ = 0.76640
  ============================================================
  Rel-L2 @ t=T   Padé=8.646e-02   Padé+PINN=1.581e-01
  ============================================================
  Metric             [Padé]     [Padé+PINN]
 ============================================================
  Avg L2          5.805e-02       7.989e-02
  Rel_MSE         5.467e-03       7.874e-03
  Rel_RMSE        7.394e-02       8.874e-02
  ============================================================

  [15/30]  κ = 0.95427
  ============================================================
  Rel-L2 @ t=T   Padé=1.062e-01   Padé+PINN=1.873e-01
  ============================================================
  Metric             [Padé]     [Padé+PINN]
 ============================================================
  Avg L2          5.570e-02       9.592e-02
  Rel_MSE         4.530e-03       1.241e-02
  Rel_RMSE        6.731e-02       1.114e-01
  ============================================================

  [16/30]  κ = 0.85733
  ============================================================
  Rel-L2 @ t=T   Padé=1.062e-01   Padé+PINN=1.814e-01
  ============================================================
  Metric             [Padé]     [Padé+PINN]
 ============================================================
  Avg L2          5.637e-02       8.733e-02
  Rel_MSE         4.840e-03       9.941e-03
  Rel_RMSE        6.957e-02       9.970e-02
  ============================================================

  [17/30]  κ = 0.18765
  ============================================================
  Rel-L2 @ t=T   Padé=4.179e-01   Padé+PINN=1.928e-01
  ============================================================
  Metric             [Padé]     [Padé+PINN]
 ============================================================
  Avg L2          1.630e-01       9.119e-02
  Rel_MSE         5.286e-02       1.341e-02
  Rel_RMSE        2.299e-01       1.158e-01
  ============================================================

  [18/30]  κ = 0.57426
  ============================================================
  Rel-L2 @ t=T   Padé=7.336e-03   Padé+PINN=1.132e-01
  ============================================================
  Metric             [Padé]     [Padé+PINN]
 ============================================================
  Avg L2          9.004e-02       7.590e-02
  Rel_MSE         1.251e-02       7.047e-03
  Rel_RMSE        1.119e-01       8.395e-02
  ============================================================

  [19/30]  κ = 0.61694
  ============================================================
  Rel-L2 @ t=T   Padé=1.020e-02   Padé+PINN=1.116e-01
  ============================================================
  Metric             [Padé]     [Padé+PINN]
 ============================================================
  Avg L2          7.806e-02       7.520e-02
  Rel_MSE         9.984e-03       6.837e-03
  Rel_RMSE        9.992e-02       8.268e-02
  ============================================================

  [20/30]  κ = 0.94296
  ============================================================
  Rel-L2 @ t=T   Padé=1.044e-01   Padé+PINN=1.864e-01
  ============================================================
  Metric             [Padé]     [Padé+PINN]
 ============================================================
  Avg L2          5.573e-02       9.488e-02
  Rel_MSE         4.553e-03       1.211e-02
  Rel_RMSE        6.748e-02       1.100e-01
  ============================================================

  [21/30]  κ = 0.11140
  ============================================================
  Rel-L2 @ t=T   Padé=3.406e-01   Padé+PINN=1.349e-01
  ============================================================
  Metric             [Padé]     [Padé+PINN]
 ============================================================
  Avg L2          1.133e-01       7.046e-02
  Rel_MSE         2.653e-02       6.875e-03
  Rel_RMSE        1.629e-01       8.292e-02
  ============================================================

  [22/30]  κ = 0.15549
  ============================================================
  Rel-L2 @ t=T   Padé=4.051e-01   Padé+PINN=1.797e-01
  ============================================================
  Metric             [Padé]     [Padé+PINN]
 ============================================================
  Avg L2          1.466e-01       8.360e-02
  Rel_MSE         4.412e-02       1.091e-02
  Rel_RMSE        2.100e-01       1.045e-01
  ============================================================

  [23/30]  κ = 0.14826
  ============================================================
  Rel-L2 @ t=T   Padé=3.987e-01   Padé+PINN=1.744e-01
  ============================================================
  Metric             [Padé]     [Padé+PINN]
 ============================================================
  Avg L2          1.420e-01       8.153e-02
  Rel_MSE         4.158e-02       1.023e-02
  Rel_RMSE        2.039e-01       1.012e-01
  ============================================================

  [24/30]  κ = 0.93321
  ============================================================
  Rel-L2 @ t=T   Padé=1.035e-01   Padé+PINN=1.858e-01
  ============================================================
  Metric             [Padé]     [Padé+PINN]
 ============================================================
  Avg L2          5.578e-02       9.400e-02
  Rel_MSE         4.579e-03       1.186e-02
  Rel_RMSE        6.766e-02       1.089e-01
  ============================================================

  [25/30]  κ = 0.37221
  ============================================================
  Rel-L2 @ t=T   Padé=2.395e-01   Padé+PINN=1.245e-01
  ============================================================
  Metric             [Padé]     [Padé+PINN]
 ============================================================
  Avg L2          1.658e-01       9.128e-02
  Rel_MSE         4.068e-02       1.154e-02
  Rel_RMSE        2.017e-01       1.074e-01
  ============================================================

  [26/30]  κ = 0.62526
  ============================================================
  Rel-L2 @ t=T   Padé=1.131e-02   Padé+PINN=1.118e-01
  ============================================================
  Metric             [Padé]     [Padé+PINN]
 ============================================================
  Avg L2          7.605e-02       7.514e-02
  Rel_MSE         9.571e-03       6.814e-03
  Rel_RMSE        9.783e-02       8.255e-02
  ============================================================

  [27/30]  κ = 0.90790
  ============================================================
  Rel-L2 @ t=T   Padé=1.037e-01   Padé+PINN=1.847e-01
  ============================================================
  Metric             [Padé]     [Padé+PINN]
 ============================================================
  Avg L2          5.597e-02       9.175e-02
  Rel_MSE         4.659e-03       1.121e-02
  Rel_RMSE        6.825e-02       1.059e-01
  ============================================================

  [28/30]  κ = 0.22036
  ============================================================
  Rel-L2 @ t=T   Padé=4.103e-01   Padé+PINN=1.922e-01
  ============================================================
  Metric             [Padé]     [Padé+PINN]
 ============================================================
  Avg L2          1.734e-01       9.579e-02
  Rel_MSE         5.717e-02       1.474e-02
  Rel_RMSE        2.391e-01       1.214e-01
  ============================================================

  [29/30]  κ = 0.81679
  ============================================================
  Rel-L2 @ t=T   Padé=1.028e-01   Padé+PINN=1.744e-01
  ============================================================
  Metric             [Padé]     [Padé+PINN]
 ============================================================
  Avg L2          5.679e-02       8.386e-02
  Rel_MSE         5.027e-03       8.953e-03
  Rel_RMSE        7.090e-02       9.462e-02
  ============================================================

  [30/30]  κ = 0.13697
  ============================================================
  Rel-L2 @ t=T   Padé=3.855e-01   Padé+PINN=1.643e-01
  ============================================================
  Metric             [Padé]     [Padé+PINN]
 ============================================================
  Avg L2          1.342e-01       7.814e-02
  Rel_MSE         3.726e-02       9.149e-03
  Rel_RMSE        1.930e-01       9.565e-02
  ============================================================

Error metrics saved → models/pade_pinn_schrodinger_error_metrics.json

Best held-out κ = 0.10101  (Padé+PINN Rel_MSE = 6.170e-03) — generating plots for this trial
MovieWriter ffmpeg unavailable; using Pillow instead.

=================================================================
Final Average Error Metrics — across 30 held-out κ values
=================================================================
  Metric             [Padé]     [Padé+PINN]
  ============================================================
  Avg L2          1.065e-01       8.448e-02
  Rel_MSE         2.399e-02       1.001e-02
  Rel_RMSE        1.410e-01       9.923e-02
  ============================================================