Computing [2/2] temporal Padé approximants for the linearized Schrodinger equation...
 f0_u = 0.5*cos(0.2*pi*x)   f0_v = 0
 f1_u = 0   f1_v = -0.02*pi**2*kappa*cos(0.2*pi*x)
 f2_u = -0.0008*pi**4*kappa**2*cos(0.2*pi*x)   f2_v = 0
 f3_u = 0   f3_v = 3.2e-5*pi**6*kappa**3*cos(0.2*pi*x)
 f4_u = 1.28e-6*pi**8*kappa**4*cos(0.2*pi*x)   f4_v = 0
 b0_u = 1  (normalised)
 b1_u = 0
 b2_u = 0.000133333333333333*pi**4*kappa**2
 b0_v = 1  (normalised)
 b1_v = 0
 b2_v = 0.000266666666666667*pi**4*kappa**2
 P[2/2](x,t) = (-0.000333333333333334*pi**4*kappa**2*t**2*cos(0.2*pi*x) + 0.5*cos(0.2*pi*x))/(0.000133333333333333*pi**4*kappa**2*t**2 + 1)
 P[2/2](x,t) = -0.02*pi**2*kappa*t*cos(0.2*pi*x)/(0.000266666666666667*pi**4*kappa**2*t**2 + 1)

==============================================================
  Padé-PINN training -- (Schrodinger)
  epochs=20000  lr=0.001
  time=2.0 nx=6400  min_x=-5.0 max_x=5.0
  $\kappa$ in [(0.1, 1.0)]  log-uniform
==============================================================
    500/20000  [2.166e-04, 3.326e-05]  kappa=0.49068  0.28s
   1000/20000  [1.575e-04, 1.365e-05]  kappa=0.26042  0.28s
   1500/20000  [1.004e-04, 6.859e-06]  kappa=0.23221  0.28s
   2000/20000  [2.280e-04, 2.839e-05]  kappa=0.99229  0.28s
   2500/20000  [8.011e-05, 7.931e-05]  kappa=0.40414  0.29s
   3000/20000  [4.263e-05, 3.179e-05]  kappa=0.15741  0.28s
   3500/20000  [3.791e-05, 7.895e-06]  kappa=0.19818  0.28s
   4000/20000  [9.133e-05, 4.401e-05]  kappa=0.80847  0.28s
   4500/20000  [4.857e-05, 3.542e-06]  kappa=0.25022  0.28s
   5000/20000  [1.085e-04, 7.318e-05]  kappa=0.23011  0.29s
   5500/20000  [5.775e-05, 2.998e-06]  kappa=0.18518  0.28s
   6000/20000  [1.881e-04, 3.207e-05]  kappa=0.38864  0.28s
   6500/20000  [1.855e-05, 1.385e-05]  kappa=0.13137  0.28s
   7000/20000  [2.373e-05, 9.443e-06]  kappa=0.27692  0.28s
   7500/20000  [4.080e-05, 4.482e-06]  kappa=0.53501  0.28s
   8000/20000  [6.485e-05, 1.355e-05]  kappa=0.61894  0.28s
   8500/20000  [2.935e-05, 2.210e-05]  kappa=0.44642  0.28s
   9000/20000  [8.624e-05, 1.504e-04]  kappa=0.89817  0.28s
   9500/20000  [3.262e-05, 1.071e-05]  kappa=0.55825  0.28s
  10000/20000  [3.664e-05, 1.381e-05]  kappa=0.64492  11.27s
  10500/20000  [4.627e-05, 6.274e-06]  kappa=0.33853  0.33s
  11000/20000  [6.133e-05, 1.855e-05]  kappa=0.87976  0.34s
  11500/20000  [1.367e-05, 5.285e-06]  kappa=0.28585  0.34s
  12000/20000  [3.316e-05, 4.901e-06]  kappa=0.87763  0.34s
  12500/20000  [9.250e-05, 2.677e-05]  kappa=0.99590  0.33s
  13000/20000  [3.358e-04, 2.162e-04]  kappa=0.26431  0.33s
  13500/20000  [2.379e-05, 3.523e-05]  kappa=0.59570  0.34s
  14000/20000  [8.193e-06, 1.608e-05]  kappa=0.13594  0.33s
  14500/20000  [9.060e-06, 4.040e-06]  kappa=0.21751  0.33s
  15000/20000  [2.675e-05, 8.403e-06]  kappa=0.74080  0.33s
  15500/20000  [8.136e-06, 4.408e-07]  kappa=0.20212  0.34s
  16000/20000  [2.881e-05, 4.331e-06]  kappa=0.12297  0.33s
  16500/20000  [1.569e-05, 8.687e-06]  kappa=0.18028  0.33s
  17000/20000  [1.211e-05, 3.024e-06]  kappa=0.25760  0.34s
  17500/20000  [1.468e-05, 6.475e-06]  kappa=0.11322  0.34s
  18000/20000  [2.563e-04, 3.546e-05]  kappa=0.58816  0.34s
  18500/20000  [9.052e-06, 6.873e-06]  kappa=0.15731  0.33s
  19000/20000  [3.735e-05, 9.506e-06]  kappa=0.27607  0.34s
  19500/20000  [2.775e-05, 4.269e-06]  kappa=0.37311  0.33s
  20000/20000  [4.426e-06, 2.817e-06]  kappa=0.14093  0.33s
Model saved → models/pade_pinn_schrodinger.pkl

=================================================================
Evaluation — 30 held-out κ values
=================================================================

  [1/30]  κ = 0.29061
  ============================================================
  Rel-L2 @ t=T   Padé=1.486e-01   Padé+PINN=2.643e-02
  ============================================================
  Metric             [Padé]     [Padé+PINN]
 ============================================================
  Avg L2          5.517e-02       1.074e-02
  Rel_MSE         5.462e-03       1.764e-04
  Rel_RMSE        7.390e-02       1.328e-02
  ============================================================

  [2/30]  κ = 0.82245
  ============================================================
  Rel-L2 @ t=T   Padé=2.601e-02   Padé+PINN=2.172e-02
  ============================================================
  Metric             [Padé]     [Padé+PINN]
 ============================================================
  Avg L2          4.847e-02       1.264e-02
  Rel_MSE         3.132e-03       2.115e-04
  Rel_RMSE        5.596e-02       1.454e-02
  ============================================================

  [3/30]  κ = 0.93590
  ============================================================
  Rel-L2 @ t=T   Padé=4.909e-03   Padé+PINN=2.551e-02
  ============================================================
  Metric             [Padé]     [Padé+PINN]
 ============================================================
  Avg L2          3.860e-02       1.382e-02
  Rel_MSE         2.119e-03       2.450e-04
  Rel_RMSE        4.604e-02       1.565e-02
  ============================================================

  [4/30]  κ = 0.10101
  ============================================================
  Rel-L2 @ t=T   Padé=6.573e-02   Padé+PINN=1.236e-02
  ============================================================
  Metric             [Padé]     [Padé+PINN]
 ============================================================
  Avg L2          2.188e-02       5.523e-03
  Rel_MSE         8.835e-04       3.845e-05
  Rel_RMSE        2.972e-02       6.201e-03
  ============================================================

  [5/30]  κ = 0.14944
  ============================================================
  Rel-L2 @ t=T   Padé=9.467e-02   Padé+PINN=1.118e-02
  ============================================================
  Metric             [Padé]     [Padé+PINN]
 ============================================================
  Avg L2          3.190e-02       5.077e-03
  Rel_MSE         1.884e-03       3.193e-05
  Rel_RMSE        4.340e-02       5.651e-03
  ============================================================

  [6/30]  κ = 0.35988
  ============================================================
  Rel-L2 @ t=T   Padé=1.551e-01   Padé+PINN=2.652e-02
  ============================================================
  Metric             [Padé]     [Padé+PINN]
 ============================================================
  Avg L2          6.216e-02       1.168e-02
  Rel_MSE         6.691e-03       2.075e-04
  Rel_RMSE        8.180e-02       1.440e-02
  ============================================================

  [7/30]  κ = 0.10113
  ============================================================
  Rel-L2 @ t=T   Padé=6.581e-02   Padé+PINN=1.231e-02
  ============================================================
  Metric             [Padé]     [Padé+PINN]
 ============================================================
  Avg L2          2.190e-02       5.511e-03
  Rel_MSE         8.856e-04       3.824e-05
  Rel_RMSE        2.976e-02       6.184e-03
  ============================================================

  [8/30]  κ = 0.61206
  ============================================================
  Rel-L2 @ t=T   Padé=1.016e-01   Padé+PINN=1.045e-02
  ============================================================
  Metric             [Padé]     [Padé+PINN]
 ============================================================
  Avg L2          6.443e-02       1.308e-02
  Rel_MSE         5.996e-03       2.404e-04
  Rel_RMSE        7.743e-02       1.550e-02
  ============================================================

  [9/30]  κ = 0.83543
  ============================================================
  Rel-L2 @ t=T   Padé=2.244e-02   Padé+PINN=2.256e-02
  ============================================================
  Metric             [Padé]     [Padé+PINN]
 ============================================================
  Avg L2          4.731e-02       1.276e-02
  Rel_MSE         2.992e-03       2.144e-04
  Rel_RMSE        5.470e-02       1.464e-02
  ============================================================

  [10/30]  κ = 0.14148
  ============================================================
  Rel-L2 @ t=T   Padé=9.016e-02   Padé+PINN=9.301e-03
  ============================================================
  Metric             [Padé]     [Padé+PINN]
 ============================================================
  Avg L2          3.030e-02       4.635e-03
  Rel_MSE         1.700e-03       2.541e-05
  Rel_RMSE        4.123e-02       5.040e-03
  ============================================================

  [11/30]  κ = 0.26319
  ============================================================
  Rel-L2 @ t=T   Padé=1.424e-01   Padé+PINN=2.566e-02
  ============================================================
  Metric             [Padé]     [Padé+PINN]
 ============================================================
  Avg L2          5.154e-02       1.020e-02
  Rel_MSE         4.819e-03       1.588e-04
  Rel_RMSE        6.942e-02       1.260e-02
  ============================================================

  [12/30]  κ = 0.55296
  ============================================================
  Rel-L2 @ t=T   Padé=1.218e-01   Padé+PINN=1.661e-02
  ============================================================
  Metric             [Padé]     [Padé+PINN]
 ============================================================
  Avg L2          6.666e-02       1.334e-02
  Rel_MSE         6.710e-03       2.540e-04
  Rel_RMSE        8.192e-02       1.594e-02
  ============================================================

  [13/30]  κ = 0.40008
  ============================================================
  Rel-L2 @ t=T   Padé=1.536e-01   Padé+PINN=2.579e-02
  ============================================================
  Metric             [Padé]     [Padé+PINN]
 ============================================================
  Avg L2          6.482e-02       1.218e-02
  Rel_MSE         7.096e-03       2.238e-04
  Rel_RMSE        8.424e-02       1.496e-02
  ============================================================

  [14/30]  κ = 0.76640
  ============================================================
  Rel-L2 @ t=T   Padé=4.376e-02   Padé+PINN=1.669e-02
  ============================================================
  Metric             [Padé]     [Padé+PINN]
 ============================================================
  Avg L2          5.345e-02       1.226e-02
  Rel_MSE         3.808e-03       2.048e-04
  Rel_RMSE        6.171e-02       1.431e-02
  ============================================================

  [15/30]  κ = 0.95427
  ============================================================
  Rel-L2 @ t=T   Padé=4.769e-03   Padé+PINN=2.598e-02
  ============================================================
  Metric             [Padé]     [Padé+PINN]
 ============================================================
  Avg L2          3.717e-02       1.403e-02
  Rel_MSE         1.996e-03       2.517e-04
  Rel_RMSE        4.468e-02       1.587e-02
  ============================================================

  [16/30]  κ = 0.85733
  ============================================================
  Rel-L2 @ t=T   Padé=1.696e-02   Padé+PINN=2.366e-02
  ============================================================
  Metric             [Padé]     [Padé+PINN]
 ============================================================
  Avg L2          4.534e-02       1.298e-02
  Rel_MSE         2.770e-03       2.201e-04
  Rel_RMSE        5.263e-02       1.484e-02
  ============================================================

  [17/30]  κ = 0.18765
  ============================================================
  Rel-L2 @ t=T   Padé=1.144e-01   Padé+PINN=1.888e-02
  ============================================================
  Metric             [Padé]     [Padé+PINN]
 ============================================================
  Avg L2          3.923e-02       7.354e-03
  Rel_MSE         2.843e-03       7.772e-05
  Rel_RMSE        5.332e-02       8.816e-03
  ============================================================

  [18/30]  κ = 0.57426
  ============================================================
  Rel-L2 @ t=T   Padé=1.149e-01   Padé+PINN=1.444e-02
  ============================================================
  Metric             [Padé]     [Padé+PINN]
 ============================================================
  Avg L2          6.602e-02       1.330e-02
  Rel_MSE         6.475e-03       2.505e-04
  Rel_RMSE        8.047e-02       1.583e-02
  ============================================================

  [19/30]  κ = 0.61694
  ============================================================
  Rel-L2 @ t=T   Padé=9.982e-02   Padé+PINN=9.968e-03
  ============================================================
  Metric             [Padé]     [Padé+PINN]
 ============================================================
  Avg L2          6.419e-02       1.304e-02
  Rel_MSE         5.929e-03       2.388e-04
  Rel_RMSE        7.700e-02       1.545e-02
  ============================================================

  [20/30]  κ = 0.94296
  ============================================================
  Rel-L2 @ t=T   Padé=4.723e-03   Padé+PINN=2.567e-02
  ============================================================
  Metric             [Padé]     [Padé+PINN]
 ============================================================
  Avg L2          3.804e-02       1.390e-02
  Rel_MSE         2.071e-03       2.475e-04
  Rel_RMSE        4.551e-02       1.573e-02
  ============================================================

  [21/30]  κ = 0.11140
  ============================================================
  Rel-L2 @ t=T   Padé=7.222e-02   Padé+PINN=8.535e-03
  ============================================================
  Metric             [Padé]     [Padé+PINN]
 ============================================================
  Avg L2          2.408e-02       4.636e-03
  Rel_MSE         1.072e-03       2.486e-05
  Rel_RMSE        3.273e-02       4.985e-03
  ============================================================

  [22/30]  κ = 0.15549
  ============================================================
  Rel-L2 @ t=T   Padé=9.800e-02   Padé+PINN=1.260e-02
  ============================================================
  Metric             [Padé]     [Padé+PINN]
 ============================================================
  Avg L2          3.310e-02       5.442e-03
  Rel_MSE         2.028e-03       3.795e-05
  Rel_RMSE        4.504e-02       6.160e-03
  ============================================================

  [23/30]  κ = 0.14826
  ============================================================
  Rel-L2 @ t=T   Padé=9.400e-02   Padé+PINN=1.090e-02
  ============================================================
  Metric             [Padé]     [Padé+PINN]
 ============================================================
  Avg L2          3.166e-02       5.007e-03
  Rel_MSE         1.856e-03       3.085e-05
  Rel_RMSE        4.308e-02       5.554e-03
  ============================================================

  [24/30]  κ = 0.93321
  ============================================================
  Rel-L2 @ t=T   Padé=5.030e-03   Padé+PINN=2.546e-02
  ============================================================
  Metric             [Padé]     [Padé+PINN]
 ============================================================
  Avg L2          3.881e-02       1.379e-02
  Rel_MSE         2.138e-03       2.440e-04
  Rel_RMSE        4.624e-02       1.562e-02
  ============================================================

  [25/30]  κ = 0.37221
  ============================================================
  Rel-L2 @ t=T   Padé=1.550e-01   Padé+PINN=2.635e-02
  ============================================================
  Metric             [Padé]     [Padé+PINN]
 ============================================================
  Avg L2          6.309e-02       1.183e-02
  Rel_MSE         6.841e-03       2.125e-04
  Rel_RMSE        8.271e-02       1.458e-02
  ============================================================

  [26/30]  κ = 0.62526
  ============================================================
  Rel-L2 @ t=T   Padé=9.675e-02   Padé+PINN=9.197e-03
  ============================================================
  Metric             [Padé]     [Padé+PINN]
 ============================================================
  Avg L2          6.375e-02       1.296e-02
  Rel_MSE         5.814e-03       2.361e-04
  Rel_RMSE        7.625e-02       1.537e-02
  ============================================================

  [27/30]  κ = 0.90790
  ============================================================
  Rel-L2 @ t=T   Padé=7.429e-03   Padé+PINN=2.503e-02
  ============================================================
  Metric             [Padé]     [Padé+PINN]
 ============================================================
  Avg L2          4.091e-02       1.352e-02
  Rel_MSE         2.327e-03       2.355e-04
  Rel_RMSE        4.824e-02       1.535e-02
  ============================================================

  [28/30]  κ = 0.22036
  ============================================================
  Rel-L2 @ t=T   Padé=1.285e-01   Padé+PINN=2.291e-02
  ============================================================
  Metric             [Padé]     [Padé+PINN]
 ============================================================
  Avg L2          4.496e-02       8.886e-03
  Rel_MSE         3.712e-03       1.185e-04
  Rel_RMSE        6.093e-02       1.089e-02
  ============================================================

  [29/30]  κ = 0.81679
  ============================================================
  Rel-L2 @ t=T   Padé=2.763e-02   Padé+PINN=2.132e-02
  ============================================================
  Metric             [Padé]     [Padé+PINN]
 ============================================================
  Avg L2          4.898e-02       1.259e-02
  Rel_MSE         3.195e-03       2.104e-04
  Rel_RMSE        5.652e-02       1.450e-02
  ============================================================

  [30/30]  κ = 0.13697
  ============================================================
  Rel-L2 @ t=T   Padé=8.757e-02   Padé+PINN=8.306e-03
  ============================================================
  Metric             [Padé]     [Padé+PINN]
 ============================================================
  Avg L2          2.938e-02       4.424e-03
  Rel_MSE         1.598e-03       2.259e-05
  Rel_RMSE        3.998e-02       4.753e-03
  ============================================================

Error metrics saved → models/pade_pinn_schrodinger_error_metrics.json

Best held-out κ = 0.13697  (Padé+PINN Rel_MSE = 2.259e-05) — generating plots for this trial
MovieWriter ffmpeg unavailable; using Pillow instead.

=================================================================
Final Average Error Metrics — across 30 held-out κ values
=================================================================
  Metric             [Padé]     [Padé+PINN]
  ============================================================
  Avg L2          4.558e-02       1.037e-02
  Rel_MSE         3.561e-03       1.643e-04
  Rel_RMSE        5.722e-02       1.211e-02
  ============================================================
