
==============================================================
  PINN training  -  single global network  (Schrodinger equation)
  Epochs=20000  lr=0.001
  kappa in [(0.1, 1.0)]  log-uniform
==============================================================
    500/20000  [4.846e-03, 1.857e-03, 1.435e-03]  kappa=0.61943  0.00s
   1000/20000  [2.917e-03, 7.409e-05, 2.063e-03]  kappa=0.33738  0.00s
   1500/20000  [2.807e-03, 1.322e-04, 2.207e-03]  kappa=0.40793  0.00s
   2000/20000  [2.626e-03, 1.339e-03, 8.291e-04]  kappa=0.73546  0.00s
   2500/20000  [2.212e-03, 1.536e-04, 2.210e-03]  kappa=0.20579  0.00s
   3000/20000  [4.655e-03, 4.113e-03, 1.148e-03]  kappa=0.91760  0.00s
   3500/20000  [1.684e-03, 9.093e-05, 6.027e-04]  kappa=0.66605  0.00s
   4000/20000  [1.753e-03, 1.598e-03, 1.665e-03]  kappa=0.13919  0.00s
   4500/20000  [1.484e-03, 2.566e-04, 5.222e-04]  kappa=0.36034  0.00s
   5000/20000  [2.254e-03, 9.233e-05, 1.333e-03]  kappa=0.10277  0.00s
   5500/20000  [2.102e-03, 2.787e-04, 8.406e-04]  kappa=0.10995  0.00s
   6000/20000  [2.148e-03, 2.372e-03, 8.144e-04]  kappa=0.14268  0.00s
   6500/20000  [1.041e-03, 8.401e-05, 8.814e-04]  kappa=0.29976  0.00s
   7000/20000  [1.753e-03, 6.337e-04, 1.306e-03]  kappa=0.11123  0.00s
   7500/20000  [1.595e-03, 5.904e-05, 7.635e-04]  kappa=0.16269  0.00s
   8000/20000  [1.529e-03, 4.692e-04, 4.801e-04]  kappa=0.21297  0.00s
   8500/20000  [5.300e-03, 3.624e-04, 4.687e-03]  kappa=0.81038  0.00s
   9000/20000  [7.897e-04, 1.211e-04, 4.275e-04]  kappa=0.51030  0.00s
   9500/20000  [1.878e-03, 1.938e-04, 7.155e-04]  kappa=0.52326  0.00s
  10000/20000  [2.431e-03, 2.887e-05, 6.082e-04]  kappa=0.73462  10.71s
  10500/20000  [1.270e-03, 1.391e-03, 8.456e-04]  kappa=0.78594  0.00s
  11000/20000  [2.175e-03, 7.671e-04, 1.129e-03]  kappa=0.66535  0.00s
  11500/20000  [1.180e-03, 3.498e-04, 7.066e-04]  kappa=0.12065  0.00s
  12000/20000  [1.803e-03, 9.547e-04, 1.995e-03]  kappa=0.22203  0.00s
  12500/20000  [9.442e-04, 6.423e-04, 6.762e-04]  kappa=0.14342  0.00s
  13000/20000  [9.042e-04, 1.327e-04, 1.017e-03]  kappa=0.16563  0.01s
  13500/20000  [2.076e-03, 5.029e-04, 3.482e-03]  kappa=0.27614  0.01s
  14000/20000  [1.072e-03, 1.225e-04, 5.656e-04]  kappa=0.12604  0.00s
  14500/20000  [4.878e-03, 5.162e-04, 8.045e-04]  kappa=0.90483  0.00s
  15000/20000  [8.847e-04, 9.716e-04, 4.130e-04]  kappa=0.19831  0.00s
  15500/20000  [1.093e-03, 6.267e-05, 4.968e-04]  kappa=0.10220  0.00s
  16000/20000  [8.718e-04, 3.498e-04, 4.485e-04]  kappa=0.12688  0.00s
  16500/20000  [1.227e-03, 2.035e-04, 6.275e-04]  kappa=0.61054  0.01s
  17000/20000  [5.847e-04, 8.246e-05, 2.834e-04]  kappa=0.49860  0.00s
  17500/20000  [1.450e-03, 2.804e-04, 5.303e-04]  kappa=0.29459  0.00s
  18000/20000  [1.400e-03, 1.266e-03, 1.913e-03]  kappa=0.17661  0.01s
  18500/20000  [1.624e-03, 1.241e-04, 4.360e-04]  kappa=0.92979  0.00s
  19000/20000  [1.537e-03, 3.607e-04, 8.436e-04]  kappa=0.44737  0.00s
  19500/20000  [1.373e-03, 1.267e-04, 7.719e-04]  kappa=0.29712  0.00s
  20000/20000  [1.456e-03, 3.780e-04, 1.095e-03]  kappa=0.10119  0.00s
Model saved to models/trained_pinn_schrodinger.pkl

=================================================================
Evaluation — 30 held-out κ values
=================================================================

  [1/30]  κ = 0.29061

==============================================================
Metric             [PINN]
==============================================================
Rel-L2@t=T      3.210e-01
L2              2.278e-01
Rel_MSE         6.250e-02
Rel_RMSE        2.500e-01
==============================================================

  [2/30]  κ = 0.82245

==============================================================
Metric             [PINN]
==============================================================
Rel-L2@t=T      2.245e-01
L2              1.765e-01
Rel_MSE         3.194e-02
Rel_RMSE        1.787e-01
==============================================================

  [3/30]  κ = 0.93590

==============================================================
Metric             [PINN]
==============================================================
Rel-L2@t=T      2.191e-01
L2              1.797e-01
Rel_MSE         3.317e-02
Rel_RMSE        1.821e-01
==============================================================

  [4/30]  κ = 0.10101

==============================================================
Metric             [PINN]
==============================================================
Rel-L2@t=T      3.081e-01
L2              2.053e-01
Rel_MSE         4.729e-02
Rel_RMSE        2.175e-01
==============================================================

  [5/30]  κ = 0.14944

==============================================================
Metric             [PINN]
==============================================================
Rel-L2@t=T      3.512e-01
L2              2.163e-01
Rel_MSE         5.592e-02
Rel_RMSE        2.365e-01
==============================================================

  [6/30]  κ = 0.35988

==============================================================
Metric             [PINN]
==============================================================
Rel-L2@t=T      2.642e-01
L2              2.182e-01
Rel_MSE         5.469e-02
Rel_RMSE        2.339e-01
==============================================================

  [7/30]  κ = 0.10113

==============================================================
Metric             [PINN]
==============================================================
Rel-L2@t=T      3.082e-01
L2              2.053e-01
Rel_MSE         4.731e-02
Rel_RMSE        2.175e-01
==============================================================

  [8/30]  κ = 0.61206

==============================================================
Metric             [PINN]
==============================================================
Rel-L2@t=T      2.059e-01
L2              1.811e-01
Rel_MSE         3.409e-02
Rel_RMSE        1.846e-01
==============================================================

  [9/30]  κ = 0.83543

==============================================================
Metric             [PINN]
==============================================================
Rel-L2@t=T      2.257e-01
L2              1.768e-01
Rel_MSE         3.207e-02
Rel_RMSE        1.791e-01
==============================================================

  [10/30]  κ = 0.14148

==============================================================
Metric             [PINN]
==============================================================
Rel-L2@t=T      3.459e-01
L2              2.143e-01
Rel_MSE         5.440e-02
Rel_RMSE        2.332e-01
==============================================================

  [11/30]  κ = 0.26319

==============================================================
Metric             [PINN]
==============================================================
Rel-L2@t=T      3.390e-01
L2              2.293e-01
Rel_MSE         6.430e-02
Rel_RMSE        2.536e-01
==============================================================

  [12/30]  κ = 0.55296

==============================================================
Metric             [PINN]
==============================================================
Rel-L2@t=T      2.092e-01
L2              1.857e-01
Rel_MSE         3.632e-02
Rel_RMSE        1.906e-01
==============================================================

  [13/30]  κ = 0.40008

==============================================================
Metric             [PINN]
==============================================================
Rel-L2@t=T      2.324e-01
L2              2.101e-01
Rel_MSE         4.944e-02
Rel_RMSE        2.223e-01
==============================================================

  [14/30]  κ = 0.76640

==============================================================
Metric             [PINN]
==============================================================
Rel-L2@t=T      2.149e-01
L2              1.757e-01
Rel_MSE         3.163e-02
Rel_RMSE        1.779e-01
==============================================================

  [15/30]  κ = 0.95427

==============================================================
Metric             [PINN]
==============================================================
Rel-L2@t=T      2.159e-01
L2              1.802e-01
Rel_MSE         3.334e-02
Rel_RMSE        1.826e-01
==============================================================

  [16/30]  κ = 0.85733

==============================================================
Metric             [PINN]
==============================================================
Rel-L2@t=T      2.266e-01
L2              1.774e-01
Rel_MSE         3.231e-02
Rel_RMSE        1.798e-01
==============================================================

  [17/30]  κ = 0.18765

==============================================================
Metric             [PINN]
==============================================================
Rel-L2@t=T      3.635e-01
L2              2.243e-01
Rel_MSE         6.197e-02
Rel_RMSE        2.489e-01
==============================================================

  [18/30]  κ = 0.57426

==============================================================
Metric             [PINN]
==============================================================
Rel-L2@t=T      2.088e-01
L2              1.838e-01
Rel_MSE         3.541e-02
Rel_RMSE        1.882e-01
==============================================================

  [19/30]  κ = 0.61694

==============================================================
Metric             [PINN]
==============================================================
Rel-L2@t=T      2.055e-01
L2              1.808e-01
Rel_MSE         3.394e-02
Rel_RMSE        1.842e-01
==============================================================

  [20/30]  κ = 0.94296

==============================================================
Metric             [PINN]
==============================================================
Rel-L2@t=T      2.179e-01
L2              1.799e-01
Rel_MSE         3.324e-02
Rel_RMSE        1.823e-01
==============================================================

  [21/30]  κ = 0.11140

==============================================================
Metric             [PINN]
==============================================================
Rel-L2@t=T      3.185e-01
L2              2.072e-01
Rel_MSE         4.882e-02
Rel_RMSE        2.209e-01
==============================================================

  [22/30]  κ = 0.15549

==============================================================
Metric             [PINN]
==============================================================
Rel-L2@t=T      3.547e-01
L2              2.177e-01
Rel_MSE         5.705e-02
Rel_RMSE        2.388e-01
==============================================================

  [23/30]  κ = 0.14826

==============================================================
Metric             [PINN]
==============================================================
Rel-L2@t=T      3.505e-01
L2              2.160e-01
Rel_MSE         5.570e-02
Rel_RMSE        2.360e-01
==============================================================

  [24/30]  κ = 0.93321

==============================================================
Metric             [PINN]
==============================================================
Rel-L2@t=T      2.196e-01
L2              1.796e-01
Rel_MSE         3.314e-02
Rel_RMSE        1.821e-01
==============================================================

  [25/30]  κ = 0.37221

==============================================================
Metric             [PINN]
==============================================================
Rel-L2@t=T      2.537e-01
L2              2.158e-01
Rel_MSE         5.307e-02
Rel_RMSE        2.304e-01
==============================================================

  [26/30]  κ = 0.62526

==============================================================
Metric             [PINN]
==============================================================
Rel-L2@t=T      2.047e-01
L2              1.803e-01
Rel_MSE         3.370e-02
Rel_RMSE        1.836e-01
==============================================================

  [27/30]  κ = 0.90790

==============================================================
Metric             [PINN]
==============================================================
Rel-L2@t=T      2.233e-01
L2              1.789e-01
Rel_MSE         3.289e-02
Rel_RMSE        1.813e-01
==============================================================

  [28/30]  κ = 0.22036

==============================================================
Metric             [PINN]
==============================================================
Rel-L2@t=T      3.588e-01
L2              2.283e-01
Rel_MSE         6.455e-02
Rel_RMSE        2.541e-01
==============================================================

  [29/30]  κ = 0.81679

==============================================================
Metric             [PINN]
==============================================================
Rel-L2@t=T      2.239e-01
L2              1.764e-01
Rel_MSE         3.189e-02
Rel_RMSE        1.786e-01
==============================================================

  [30/30]  κ = 0.13697

==============================================================
Metric             [PINN]
==============================================================
Rel-L2@t=T      3.424e-01
L2              2.132e-01
Rel_MSE         5.352e-02
Rel_RMSE        2.313e-01
==============================================================

Error metrics saved to models/pinn_schrodinger_error_metrics.json
MovieWriter ffmpeg unavailable; using Pillow instead.

=================================================================
Final Average Error Metrics — across 30 held-out κ values
=================================================================
Metric             [PINN]
==============================================================
Avg L2          1.981e-01
Rel_MSE         4.432e-02
Rel_RMSE        2.087e-01
==============================================================
