
==============================================================
  PINN training  -  single global network  (Schrodinger equation)
  Epochs=20000  lr=0.001
  kappa in [(0.1, 1.0)]  log-uniform
==============================================================
    500/20000  [1.019e-03, 9.342e-04, 1.776e-04]  kappa=0.61943  0.00s
   1000/20000  [2.157e-04, 6.872e-05, 7.860e-05]  kappa=0.33738  0.01s
   1500/20000  [1.877e-04, 4.032e-05, 2.394e-05]  kappa=0.40793  0.00s
   2000/20000  [8.487e-04, 8.239e-05, 3.828e-05]  kappa=0.73546  0.00s
   2500/20000  [2.482e-04, 2.403e-05, 9.641e-05]  kappa=0.20579  0.00s
   3000/20000  [1.084e-03, 1.637e-04, 1.268e-04]  kappa=0.91760  0.00s
   3500/20000  [3.123e-04, 3.958e-05, 1.274e-04]  kappa=0.66605  0.00s
   4000/20000  [1.727e-04, 5.030e-05, 1.086e-04]  kappa=0.13919  0.00s
   4500/20000  [1.341e-04, 2.033e-05, 2.245e-05]  kappa=0.36034  0.00s
   5000/20000  [1.923e-04, 3.051e-05, 4.812e-05]  kappa=0.10277  0.00s
   5500/20000  [1.717e-04, 3.366e-05, 3.666e-05]  kappa=0.10995  0.00s
   6000/20000  [9.222e-05, 8.531e-05, 3.798e-04]  kappa=0.14268  0.00s
   6500/20000  [1.058e-04, 5.689e-05, 1.081e-04]  kappa=0.29976  0.00s
   7000/20000  [2.607e-04, 3.214e-05, 4.274e-05]  kappa=0.11123  0.00s
   7500/20000  [1.706e-04, 6.746e-05, 4.400e-05]  kappa=0.16269  0.00s
   8000/20000  [8.259e-05, 3.015e-04, 9.363e-05]  kappa=0.21297  0.00s
   8500/20000  [7.765e-04, 2.081e-04, 5.033e-04]  kappa=0.81038  0.00s
   9000/20000  [1.322e-04, 2.977e-05, 7.241e-05]  kappa=0.51030  0.00s
   9500/20000  [3.036e-04, 6.410e-05, 1.132e-04]  kappa=0.52326  0.00s
  10000/20000  [2.425e-04, 6.784e-05, 5.241e-05]  kappa=0.73462  10.40s
  10500/20000  [7.084e-04, 2.234e-04, 1.223e-04]  kappa=0.78594  0.00s
  11000/20000  [3.249e-04, 3.270e-05, 1.949e-04]  kappa=0.66535  0.00s
  11500/20000  [2.899e-05, 4.043e-04, 8.339e-04]  kappa=0.12065  0.00s
  12000/20000  [2.407e-04, 2.473e-04, 1.381e-04]  kappa=0.22203  0.00s
  12500/20000  [5.294e-05, 4.402e-06, 4.297e-05]  kappa=0.14342  0.00s
  13000/20000  [1.016e-04, 2.757e-05, 4.748e-05]  kappa=0.16563  0.00s
  13500/20000  [7.770e-05, 7.395e-06, 1.805e-05]  kappa=0.27614  0.00s
  14000/20000  [8.763e-05, 6.087e-05, 7.304e-05]  kappa=0.12604  0.01s
  14500/20000  [2.126e-04, 1.209e-04, 4.597e-05]  kappa=0.90483  0.00s
  15000/20000  [3.394e-05, 1.361e-05, 2.457e-05]  kappa=0.19831  0.01s
  15500/20000  [8.919e-05, 6.780e-05, 9.938e-05]  kappa=0.10220  0.00s
  16000/20000  [1.163e-04, 2.067e-05, 2.198e-05]  kappa=0.12688  0.00s
  16500/20000  [5.397e-05, 4.517e-05, 2.439e-05]  kappa=0.61054  0.00s
  17000/20000  [1.035e-04, 1.080e-04, 3.538e-05]  kappa=0.49860  0.00s
  17500/20000  [5.533e-05, 9.966e-05, 2.891e-05]  kappa=0.29459  0.01s
  18000/20000  [4.702e-05, 1.055e-04, 5.789e-05]  kappa=0.17661  0.00s
  18500/20000  [1.858e-04, 4.481e-05, 8.093e-05]  kappa=0.92979  0.01s
  19000/20000  [2.201e-04, 1.309e-05, 1.323e-04]  kappa=0.44737  0.01s
  19500/20000  [9.212e-05, 2.486e-05, 5.067e-05]  kappa=0.29712  0.00s
  20000/20000  [3.037e-05, 4.392e-05, 3.930e-05]  kappa=0.10119  0.00s
Model saved to models/trained_pinn_schrodinger.pkl

=================================================================
Evaluation — 30 held-out κ values
=================================================================

  [1/30]  κ = 0.29061

==============================================================
Metric             [PINN]
==============================================================
Rel-L2@t=T      9.144e-02
L2              5.700e-02
Rel_MSE         3.777e-03
Rel_RMSE        6.146e-02
==============================================================

  [2/30]  κ = 0.82245

==============================================================
Metric             [PINN]
==============================================================
Rel-L2@t=T      3.602e-02
L2              4.680e-02
Rel_MSE         2.370e-03
Rel_RMSE        4.869e-02
==============================================================

  [3/30]  κ = 0.93590

==============================================================
Metric             [PINN]
==============================================================
Rel-L2@t=T      3.846e-02
L2              4.415e-02
Rel_MSE         2.073e-03
Rel_RMSE        4.553e-02
==============================================================

  [4/30]  κ = 0.10101

==============================================================
Metric             [PINN]
==============================================================
Rel-L2@t=T      6.074e-02
L2              4.671e-02
Rel_MSE         2.248e-03
Rel_RMSE        4.742e-02
==============================================================

  [5/30]  κ = 0.14944

==============================================================
Metric             [PINN]
==============================================================
Rel-L2@t=T      6.551e-02
L2              4.774e-02
Rel_MSE         2.396e-03
Rel_RMSE        4.895e-02
==============================================================

  [6/30]  κ = 0.35988

==============================================================
Metric             [PINN]
==============================================================
Rel-L2@t=T      9.406e-02
L2              6.043e-02
Rel_MSE         4.345e-03
Rel_RMSE        6.591e-02
==============================================================

  [7/30]  κ = 0.10113

==============================================================
Metric             [PINN]
==============================================================
Rel-L2@t=T      6.074e-02
L2              4.671e-02
Rel_MSE         2.248e-03
Rel_RMSE        4.742e-02
==============================================================

  [8/30]  κ = 0.61206

==============================================================
Metric             [PINN]
==============================================================
Rel-L2@t=T      5.238e-02
L2              5.733e-02
Rel_MSE         3.707e-03
Rel_RMSE        6.088e-02
==============================================================

  [9/30]  κ = 0.83543

==============================================================
Metric             [PINN]
==============================================================
Rel-L2@t=T      3.675e-02
L2              4.640e-02
Rel_MSE         2.325e-03
Rel_RMSE        4.822e-02
==============================================================

  [10/30]  κ = 0.14148

==============================================================
Metric             [PINN]
==============================================================
Rel-L2@t=T      6.422e-02
L2              4.741e-02
Rel_MSE         2.352e-03
Rel_RMSE        4.850e-02
==============================================================

  [11/30]  κ = 0.26319

==============================================================
Metric             [PINN]
==============================================================
Rel-L2@t=T      8.801e-02
L2              5.522e-02
Rel_MSE         3.488e-03
Rel_RMSE        5.906e-02
==============================================================

  [12/30]  κ = 0.55296

==============================================================
Metric             [PINN]
==============================================================
Rel-L2@t=T      6.645e-02
L2              6.004e-02
Rel_MSE         4.153e-03
Rel_RMSE        6.444e-02
==============================================================

  [13/30]  κ = 0.40008

==============================================================
Metric             [PINN]
==============================================================
Rel-L2@t=T      9.196e-02
L2              6.157e-02
Rel_MSE         4.525e-03
Rel_RMSE        6.726e-02
==============================================================

  [14/30]  κ = 0.76640

==============================================================
Metric             [PINN]
==============================================================
Rel-L2@t=T      3.331e-02
L2              4.895e-02
Rel_MSE         2.617e-03
Rel_RMSE        5.115e-02
==============================================================

  [15/30]  κ = 0.95427

==============================================================
Metric             [PINN]
==============================================================
Rel-L2@t=T      3.776e-02
L2              4.383e-02
Rel_MSE         2.039e-03
Rel_RMSE        4.515e-02
==============================================================

  [16/30]  κ = 0.85733

==============================================================
Metric             [PINN]
==============================================================
Rel-L2@t=T      3.783e-02
L2              4.580e-02
Rel_MSE         2.256e-03
Rel_RMSE        4.750e-02
==============================================================

  [17/30]  κ = 0.18765

==============================================================
Metric             [PINN]
==============================================================
Rel-L2@t=T      7.320e-02
L2              4.989e-02
Rel_MSE         2.688e-03
Rel_RMSE        5.185e-02
==============================================================

  [18/30]  κ = 0.57426

==============================================================
Metric             [PINN]
==============================================================
Rel-L2@t=T      6.142e-02
L2              5.916e-02
Rel_MSE         4.001e-03
Rel_RMSE        6.326e-02
==============================================================

  [19/30]  κ = 0.61694

==============================================================
Metric             [PINN]
==============================================================
Rel-L2@t=T      5.124e-02
L2              5.707e-02
Rel_MSE         3.668e-03
Rel_RMSE        6.056e-02
==============================================================

  [20/30]  κ = 0.94296

==============================================================
Metric             [PINN]
==============================================================
Rel-L2@t=T      3.823e-02
L2              4.403e-02
Rel_MSE         2.059e-03
Rel_RMSE        4.538e-02
==============================================================

  [21/30]  κ = 0.11140

==============================================================
Metric             [PINN]
==============================================================
Rel-L2@t=T      6.105e-02
L2              4.672e-02
Rel_MSE         2.255e-03
Rel_RMSE        4.749e-02
==============================================================

  [22/30]  κ = 0.15549

==============================================================
Metric             [PINN]
==============================================================
Rel-L2@t=T      6.659e-02
L2              4.802e-02
Rel_MSE         2.433e-03
Rel_RMSE        4.933e-02
==============================================================

  [23/30]  κ = 0.14826

==============================================================
Metric             [PINN]
==============================================================
Rel-L2@t=T      6.531e-02
L2              4.769e-02
Rel_MSE         2.389e-03
Rel_RMSE        4.887e-02
==============================================================

  [24/30]  κ = 0.93321

==============================================================
Metric             [PINN]
==============================================================
Rel-L2@t=T      3.854e-02
L2              4.420e-02
Rel_MSE         2.078e-03
Rel_RMSE        4.558e-02
==============================================================

  [25/30]  κ = 0.37221

==============================================================
Metric             [PINN]
==============================================================
Rel-L2@t=T      9.367e-02
L2              6.085e-02
Rel_MSE         4.413e-03
Rel_RMSE        6.643e-02
==============================================================

  [26/30]  κ = 0.62526

==============================================================
Metric             [PINN]
==============================================================
Rel-L2@t=T      4.933e-02
L2              5.662e-02
Rel_MSE         3.600e-03
Rel_RMSE        6.000e-02
==============================================================

  [27/30]  κ = 0.90790

==============================================================
Metric             [PINN]
==============================================================
Rel-L2@t=T      3.891e-02
L2              4.468e-02
Rel_MSE         2.130e-03
Rel_RMSE        4.615e-02
==============================================================

  [28/30]  κ = 0.22036

==============================================================
Metric             [PINN]
==============================================================
Rel-L2@t=T      8.027e-02
L2              5.217e-02
Rel_MSE         3.017e-03
Rel_RMSE        5.493e-02
==============================================================

  [29/30]  κ = 0.81679

==============================================================
Metric             [PINN]
==============================================================
Rel-L2@t=T      3.569e-02
L2              4.698e-02
Rel_MSE         2.392e-03
Rel_RMSE        4.890e-02
==============================================================

  [30/30]  κ = 0.13697

==============================================================
Metric             [PINN]
==============================================================
Rel-L2@t=T      6.356e-02
L2              4.725e-02
Rel_MSE         2.331e-03
Rel_RMSE        4.828e-02
==============================================================

Error metrics saved to models/pinn_schrodinger_error_metrics.json
MovieWriter ffmpeg unavailable; using Pillow instead.

=================================================================
Final Average Error Metrics — across 30 held-out κ values
=================================================================
Metric             [PINN]
==============================================================
Avg L2          5.071e-02
Rel_MSE         2.879e-03
Rel_RMSE        5.315e-02
==============================================================
