Computing [3/3] temporal Padé approximant for Burgers equation...
 f0=-sin(pi*x)
 f1=pi**2*nu*sin(pi*x)
 f2=-pi**4*nu**2*sin(pi*x)
 f3=pi**6*nu**3*sin(pi*x)
 f4=-pi**8*nu**4*sin(pi*x)
 f5=pi**10*nu**5*sin(pi*x)
 f6=-pi**12*nu**6*sin(pi*x)
 b0=1 (normalised)
 b1=pi**2*nu/2
 b2=pi**4*nu**2/10
 b3=pi**6*nu**3/120
 a0=-sin(pi*x)
 a1=pi**2*nu*sin(pi*x)/2
 a2=-pi**4*nu**2*sin(pi*x)/10
 a3=pi**6*nu**3*sin(pi*x)/120
 P[3/3](x,t) = (pi**6*nu**3*t**3*sin(pi*x)/120 - pi**4*nu**2*t**2*sin(pi*x)/10 + pi**2*nu*t*sin(pi*x)/2 - sin(pi*x))/(pi**6*nu**3*t**3/120 + pi**4*nu**2*t**2/10 + pi**2*nu*t/2 + 1)


==============================================================
  Padé-PINN training -- (Burgers)
  epochs=20000  lr=0.001
  time=2.0 nx=6400  min_x=-1.0 max_x=1.0
  $\nu$ in [0.00318, 0.03183]  uniform  |  IC: u(x,0)=-sin(pi*x)
==============================================================
    500/20000  [1.606e-01, 3.802e-03]  nu=0.01366  causal_eps=0.006  0.11s
   1000/20000  [1.057e-01, 2.107e-03]  nu=0.01229  causal_eps=0.013  0.12s
   1500/20000  [1.842e-01, 7.024e-03]  nu=0.00320  causal_eps=0.019  0.12s
   2000/20000  [4.847e-02, 9.050e-04]  nu=0.01555  causal_eps=0.025  0.12s
   2500/20000  [8.450e-02, 9.923e-04]  nu=0.00958  causal_eps=0.031  0.12s
   3000/20000  [2.569e-02, 2.796e-03]  nu=0.01766  causal_eps=0.038  0.11s
   3500/20000  [8.789e-03, 3.457e-04]  nu=0.02132  causal_eps=0.044  0.12s
   4000/20000  [3.254e-02, 5.060e-04]  nu=0.01385  causal_eps=0.050  0.12s
   4500/20000  [5.170e-02, 5.487e-04]  nu=0.01056  causal_eps=0.056  0.12s
   5000/20000  [1.118e-02, 1.065e-03]  nu=0.02273  causal_eps=0.062  0.12s
   5500/20000  [5.957e-03, 1.655e-03]  nu=0.02083  causal_eps=0.069  0.11s
   6000/20000  [2.583e-02, 6.923e-04]  nu=0.01164  causal_eps=0.075  0.12s
   6500/20000  [9.885e-03, 3.787e-04]  nu=0.02693  causal_eps=0.081  0.12s
   7000/20000  [7.968e-03, 1.030e-03]  nu=0.01796  causal_eps=0.088  0.12s
   7500/20000  [5.017e-02, 1.569e-03]  nu=0.00644  causal_eps=0.094  0.12s
   8000/20000  [3.807e-03, 1.264e-03]  nu=0.02620  causal_eps=0.100  0.11s
   8500/20000  [3.137e-02, 1.006e-03]  nu=0.00720  causal_eps=0.106  0.13s
   9000/20000  [8.842e-03, 1.286e-03]  nu=0.01180  causal_eps=0.113  0.12s
   9500/20000  [1.433e-02, 1.505e-03]  nu=0.01051  causal_eps=0.119  0.12s
  10000/20000  [6.898e-03, 1.006e-03]  nu=0.02123  causal_eps=0.125  9.00s
  10500/20000  [1.957e-02, 5.529e-04]  nu=0.01372  causal_eps=0.131  0.13s
  11000/20000  [2.184e-02, 3.349e-03]  nu=0.00908  causal_eps=0.138  0.12s
  11500/20000  [2.279e-02, 1.217e-03]  nu=0.01037  causal_eps=0.144  0.13s
  12000/20000  [2.226e-02, 1.630e-03]  nu=0.01779  causal_eps=0.150  0.12s
  12500/20000  [2.622e-02, 1.188e-03]  nu=0.02314  causal_eps=0.156  0.13s
  13000/20000  [1.230e-02, 3.717e-04]  nu=0.01906  causal_eps=0.163  0.13s
  13500/20000  [1.532e-02, 1.023e-03]  nu=0.00896  causal_eps=0.169  0.12s
  14000/20000  [4.315e-02, 7.510e-03]  nu=0.00475  causal_eps=0.175  0.12s
  14500/20000  [7.567e-03, 3.070e-04]  nu=0.01363  causal_eps=0.181  0.12s
  15000/20000  [3.528e-02, 4.051e-03]  nu=0.02124  causal_eps=0.188  0.12s
  15500/20000  [4.274e-03, 6.036e-05]  nu=0.01375  causal_eps=0.194  0.12s
  16000/20000  [8.779e-03, 6.952e-04]  nu=0.03040  causal_eps=0.200  0.12s
  16500/20000  [1.044e-02, 4.205e-03]  nu=0.02177  causal_eps=0.200  0.12s
  17000/20000  [1.352e-02, 4.307e-04]  nu=0.01006  causal_eps=0.200  0.12s
  17500/20000  [4.651e-03, 1.429e-03]  nu=0.02001  causal_eps=0.200  0.12s
  18000/20000  [3.709e-03, 3.580e-03]  nu=0.01512  causal_eps=0.200  0.12s
  18500/20000  [2.015e-02, 2.247e-03]  nu=0.02750  causal_eps=0.200  0.12s
  19000/20000  [8.844e-03, 2.560e-04]  nu=0.00739  causal_eps=0.200  0.12s
  19500/20000  [2.319e-03, 8.784e-04]  nu=0.01819  causal_eps=0.200  0.12s
  20000/20000  [9.573e-03, 5.352e-03]  nu=0.02011  causal_eps=0.200  0.12s
Model saved → models/pade_pinn_burgers.pkl

=================================================================
Evaluation - 30 held-out nu values
=================================================================

  [1/30]  nu = 0.01904
  ============================================================
  Rel-L2 @ t=T   Pade=1.485e+00   Pade+PINN=2.293e-01
  ============================================================
  Metric             [Pade]     [Pade+PINN]
  ============================================================
  Avg L2          8.422e-01       1.281e-01
  Rel_MSE         4.481e-01       1.020e-02
  Rel_RMSE        6.694e-01       1.010e-01
  ============================================================

  [2/30]  nu = 0.00872
  ============================================================
  Rel-L2 @ t=T   Pade=1.824e+00   Pade+PINN=5.134e-01
  ============================================================
  Metric             [Pade]     [Pade+PINN]
  ============================================================
  Avg L2          9.743e-01       3.103e-01
  Rel_MSE         6.080e-01       6.411e-02
  Rel_RMSE        7.797e-01       2.532e-01
  ============================================================

  [3/30]  nu = 0.00626
  ============================================================
  Rel-L2 @ t=T   Pade=1.913e+00   Pade+PINN=5.983e-01
  ============================================================
  Metric             [Pade]     [Pade+PINN]
  ============================================================
  Avg L2          1.008e+00       3.674e-01
  Rel_MSE         6.534e-01       9.140e-02
  Rel_RMSE        8.083e-01       3.023e-01
  ============================================================

  [4/30]  nu = 0.02156
  ============================================================
  Rel-L2 @ t=T   Pade=1.411e+00   Pade+PINN=1.943e-01
  ============================================================
  Metric             [Pade]     [Pade+PINN]
  ============================================================
  Avg L2          8.124e-01       1.032e-01
  Rel_MSE         4.158e-01       6.437e-03
  Rel_RMSE        6.448e-01       8.023e-02
  ============================================================

  [5/30]  nu = 0.01096
  ============================================================
  Rel-L2 @ t=T   Pade=1.746e+00   Pade+PINN=4.344e-01
  ============================================================
  Metric             [Pade]     [Pade+PINN]
  ============================================================
  Avg L2          9.443e-01       2.592e-01
  Rel_MSE         5.692e-01       4.413e-02
  Rel_RMSE        7.545e-01       2.101e-01
  ============================================================

  [6/30]  nu = 0.00520
  ============================================================
  Rel-L2 @ t=T   Pade=1.953e+00   Pade+PINN=6.307e-01
  ============================================================
  Metric             [Pade]     [Pade+PINN]
  ============================================================
  Avg L2          1.023e+00       3.898e-01
  Rel_MSE         6.742e-01       1.038e-01
  Rel_RMSE        8.211e-01       3.222e-01
  ============================================================

  [7/30]  nu = 0.01345
  ============================================================
  Rel-L2 @ t=T   Pade=1.662e+00   Pade+PINN=3.557e-01
  ============================================================
  Metric             [Pade]     [Pade+PINN]
  ============================================================
  Avg L2          9.118e-01       2.094e-01
  Rel_MSE         5.289e-01       2.841e-02
  Rel_RMSE        7.273e-01       1.685e-01
  ============================================================

  [8/30]  nu = 0.01406
  ============================================================
  Rel-L2 @ t=T   Pade=1.642e+00   Pade+PINN=3.384e-01
  ============================================================
  Metric             [Pade]     [Pade+PINN]
  ============================================================
  Avg L2          9.039e-01       1.985e-01
  Rel_MSE         5.194e-01       2.542e-02
  Rel_RMSE        7.207e-01       1.594e-01
  ============================================================

  [9/30]  nu = 0.02404
  ============================================================
  Rel-L2 @ t=T   Pade=1.341e+00   Pade+PINN=1.720e-01
  ============================================================
  Metric             [Pade]     [Pade+PINN]
  ============================================================
  Avg L2          7.840e-01       8.516e-02
  Rel_MSE         3.863e-01       4.241e-03
  Rel_RMSE        6.216e-01       6.513e-02
  ============================================================

  [10/30]  nu = 0.02196
  ============================================================
  Rel-L2 @ t=T   Pade=1.400e+00   Pade+PINN=1.899e-01
  ============================================================
  Metric             [Pade]     [Pade+PINN]
  ============================================================
  Avg L2          8.078e-01       9.990e-02
  Rel_MSE         4.110e-01       6.002e-03
  Rel_RMSE        6.411e-01       7.747e-02
  ============================================================

  [11/30]  nu = 0.03005
  ============================================================
  Rel-L2 @ t=T   Pade=1.183e+00   Pade+PINN=1.642e-01
  ============================================================
  Metric             [Pade]     [Pade+PINN]
  ============================================================
  Avg L2          7.187e-01       7.142e-02
  Rel_MSE         3.231e-01       2.813e-03
  Rel_RMSE        5.684e-01       5.304e-02
  ============================================================

  [12/30]  nu = 0.00666
  ============================================================
  Rel-L2 @ t=T   Pade=1.899e+00   Pade+PINN=5.853e-01
  ============================================================
  Metric             [Pade]     [Pade+PINN]
  ============================================================
  Avg L2          1.003e+00       3.584e-01
  Rel_MSE         6.458e-01       8.677e-02
  Rel_RMSE        8.036e-01       2.946e-01
  ============================================================

  [13/30]  nu = 0.01075
  ============================================================
  Rel-L2 @ t=T   Pade=1.753e+00   Pade+PINN=4.415e-01
  ============================================================
  Metric             [Pade]     [Pade+PINN]
  ============================================================
  Avg L2          9.470e-01       2.637e-01
  Rel_MSE         5.727e-01       4.574e-02
  Rel_RMSE        7.568e-01       2.139e-01
  ============================================================

  [14/30]  nu = 0.02742
  ============================================================
  Rel-L2 @ t=T   Pade=1.250e+00   Pade+PINN=1.600e-01
  ============================================================
  Metric             [Pade]     [Pade+PINN]
  ============================================================
  Avg L2          7.466e-01       7.177e-02
  Rel_MSE         3.493e-01       2.890e-03
  Rel_RMSE        5.910e-01       5.376e-02
  ============================================================

  [15/30]  nu = 0.00671
  ============================================================
  Rel-L2 @ t=T   Pade=1.897e+00   Pade+PINN=5.835e-01
  ============================================================
  Metric             [Pade]     [Pade+PINN]
  ============================================================
  Avg L2          1.002e+00       3.572e-01
  Rel_MSE         6.448e-01       8.615e-02
  Rel_RMSE        8.030e-01       2.935e-01
  ============================================================

  [16/30]  nu = 0.00440
  ============================================================
  Rel-L2 @ t=T   Pade=1.982e+00   Pade+PINN=6.519e-01
  ============================================================
  Metric             [Pade]     [Pade+PINN]
  ============================================================
  Avg L2          1.034e+00       4.049e-01
  Rel_MSE         6.901e-01       1.127e-01
  Rel_RMSE        8.307e-01       3.357e-01
  ============================================================

  [17/30]  nu = 0.02829
  ============================================================
  Rel-L2 @ t=T   Pade=1.228e+00   Pade+PINN=1.602e-01
  ============================================================
  Metric             [Pade]     [Pade+PINN]
  ============================================================
  Avg L2          7.374e-01       7.068e-02
  Rel_MSE         3.405e-01       2.782e-03
  Rel_RMSE        5.835e-01       5.275e-02
  ============================================================

  [18/30]  nu = 0.01806
  ============================================================
  Rel-L2 @ t=T   Pade=1.515e+00   Pade+PINN=2.466e-01
  ============================================================
  Metric             [Pade]     [Pade+PINN]
  ============================================================
  Avg L2          8.541e-01       1.396e-01
  Rel_MSE         4.614e-01       1.223e-02
  Rel_RMSE        6.793e-01       1.106e-01
  ============================================================

  [19/30]  nu = 0.02828
  ============================================================
  Rel-L2 @ t=T   Pade=1.228e+00   Pade+PINN=1.602e-01
  ============================================================
  Metric             [Pade]     [Pade+PINN]
  ============================================================
  Avg L2          7.375e-01       7.069e-02
  Rel_MSE         3.405e-01       2.783e-03
  Rel_RMSE        5.836e-01       5.276e-02
  ============================================================

  [20/30]  nu = 0.00874
  ============================================================
  Rel-L2 @ t=T   Pade=1.823e+00   Pade+PINN=5.126e-01
  ============================================================
  Metric             [Pade]     [Pade+PINN]
  ============================================================
  Avg L2          9.740e-01       3.098e-01
  Rel_MSE         6.076e-01       6.387e-02
  Rel_RMSE        7.795e-01       2.527e-01
  ============================================================

  [21/30]  nu = 0.02092
  ============================================================
  Rel-L2 @ t=T   Pade=1.430e+00   Pade+PINN=2.020e-01
  ============================================================
  Metric             [Pade]     [Pade+PINN]
  ============================================================
  Avg L2          8.199e-01       1.089e-01
  Rel_MSE         4.238e-01       7.225e-03
  Rel_RMSE        6.510e-01       8.500e-02
  ============================================================

  [22/30]  nu = 0.01574
  ============================================================
  Rel-L2 @ t=T   Pade=1.588e+00   Pade+PINN=2.955e-01
  ============================================================
  Metric             [Pade]     [Pade+PINN]
  ============================================================
  Avg L2          8.828e-01       1.713e-01
  Rel_MSE         4.943e-01       1.874e-02
  Rel_RMSE        7.031e-01       1.369e-01
  ============================================================

  [23/30]  nu = 0.00388
  ============================================================
  Rel-L2 @ t=T   Pade=2.002e+00   Pade+PINN=6.644e-01
  ============================================================
  Metric             [Pade]     [Pade+PINN]
  ============================================================
  Avg L2          1.042e+00       4.141e-01
  Rel_MSE         7.009e-01       1.185e-01
  Rel_RMSE        8.372e-01       3.443e-01
  ============================================================

  [24/30]  nu = 0.02650
  ============================================================
  Rel-L2 @ t=T   Pade=1.274e+00   Pade+PINN=1.612e-01
  ============================================================
  Metric             [Pade]     [Pade+PINN]
  ============================================================
  Avg L2          7.566e-01       7.399e-02
  Rel_MSE         3.590e-01       3.101e-03
  Rel_RMSE        5.992e-01       5.569e-02
  ============================================================

  [25/30]  nu = 0.01427
  ============================================================
  Rel-L2 @ t=T   Pade=1.635e+00   Pade+PINN=3.328e-01
  ============================================================
  Metric             [Pade]     [Pade+PINN]
  ============================================================
  Avg L2          9.014e-01       1.950e-01
  Rel_MSE         5.163e-01       2.451e-02
  Rel_RMSE        7.185e-01       1.565e-01
  ============================================================

  [26/30]  nu = 0.01815
  ============================================================
  Rel-L2 @ t=T   Pade=1.512e+00   Pade+PINN=2.449e-01
  ============================================================
  Metric             [Pade]     [Pade+PINN]
  ============================================================
  Avg L2          8.530e-01       1.385e-01
  Rel_MSE         4.602e-01       1.203e-02
  Rel_RMSE        6.784e-01       1.097e-01
  ============================================================

  [27/30]  nu = 0.02331
  ============================================================
  Rel-L2 @ t=T   Pade=1.361e+00   Pade+PINN=1.773e-01
  ============================================================
  Metric             [Pade]     [Pade+PINN]
  ============================================================
  Avg L2          7.923e-01       8.978e-02
  Rel_MSE         3.948e-01       4.761e-03
  Rel_RMSE        6.283e-01       6.900e-02
  ============================================================

  [28/30]  nu = 0.01731
  ============================================================
  Rel-L2 @ t=T   Pade=1.538e+00   Pade+PINN=2.611e-01
  ============================================================
  Metric             [Pade]     [Pade+PINN]
  ============================================================
  Avg L2          8.633e-01       1.492e-01
  Rel_MSE         4.718e-01       1.404e-02
  Rel_RMSE        6.869e-01       1.185e-01
  ============================================================

  [29/30]  nu = 0.00791
  ============================================================
  Rel-L2 @ t=T   Pade=1.853e+00   Pade+PINN=5.422e-01
  ============================================================
  Metric             [Pade]     [Pade+PINN]
  ============================================================
  Avg L2          9.853e-01       3.294e-01
  Rel_MSE         6.226e-01       7.262e-02
  Rel_RMSE        7.890e-01       2.695e-01
  ============================================================

  [30/30]  nu = 0.03119
  ============================================================
  Rel-L2 @ t=T   Pade=1.155e+00   Pade+PINN=1.690e-01
  ============================================================
  Metric             [Pade]     [Pade+PINN]
  ============================================================
  Avg L2          7.070e-01       7.379e-02
  Rel_MSE         3.124e-01       2.995e-03
  Rel_RMSE        5.589e-01       5.473e-02
  ============================================================

Error metrics saved -> models/pade_pinn_burgers_error_metrics.json

Best held-out nu = 0.02829  (Pade+PINN Rel_MSE = 2.782e-03) - generating plots for this trial

=================================================================
Final Average Error Metrics - across 30 held-out nu values
=================================================================
  Metric             [Pade]     [Pade+PINN]
  ============================================================
  Avg L2          8.790e-01       2.004e-01
  Rel_MSE         4.982e-01       3.605e-02
  Rel_RMSE        7.006e-01       1.618e-01
  ============================================================
