
==============================================================
  PINN training  -  single global network  (Burgers' equation)
  Epochs=20000  lr=0.001
  nu in [0.00318, 0.03183]  uniform  |  IC: u(x,0)=-sin(pi*x)  plot nu=0.02829 (Padé+PINN best)
==============================================================
    500/20000  [1.366e-02, 6.576e-04, 1.865e-02]  nu=0.01865  causal_eps=0.006  0.13s
   1000/20000  [1.435e-02, 4.341e-03, 5.392e-03]  nu=0.02126  causal_eps=0.013  0.13s
   1500/20000  [7.250e-02, 1.865e-04, 1.265e-02]  nu=0.00595  causal_eps=0.019  0.13s
   2000/20000  [3.492e-02, 6.462e-03, 7.987e-03]  nu=0.01450  causal_eps=0.025  0.13s
   2500/20000  [9.938e-03, 1.326e-03, 5.861e-03]  nu=0.02911  causal_eps=0.031  0.13s
   3000/20000  [6.856e-02, 2.276e-04, 1.797e-02]  nu=0.00531  causal_eps=0.038  0.13s
   3500/20000  [3.004e-02, 1.570e-04, 9.184e-03]  nu=0.01294  causal_eps=0.044  0.13s
   4000/20000  [7.586e-03, 1.202e-03, 9.077e-04]  nu=0.02957  causal_eps=0.050  0.13s
   4500/20000  [1.092e-02, 1.008e-03, 4.145e-03]  nu=0.01356  causal_eps=0.056  0.13s
   5000/20000  [1.120e-02, 1.007e-03, 3.826e-03]  nu=0.01273  causal_eps=0.062  0.12s
   5500/20000  [9.612e-03, 4.328e-03, 4.059e-03]  nu=0.01026  causal_eps=0.069  0.14s
   6000/20000  [1.900e-02, 2.895e-04, 1.008e-02]  nu=0.00657  causal_eps=0.075  0.13s
   6500/20000  [1.311e-03, 3.064e-04, 5.444e-04]  nu=0.01390  causal_eps=0.081  0.13s
   7000/20000  [1.677e-02, 1.859e-03, 2.849e-03]  nu=0.01008  causal_eps=0.088  0.13s
   7500/20000  [1.818e-02, 2.073e-03, 2.346e-03]  nu=0.02006  causal_eps=0.094  0.13s
   8000/20000  [3.407e-02, 8.938e-04, 9.575e-03]  nu=0.00750  causal_eps=0.100  0.13s
   8500/20000  [1.807e-03, 5.176e-04, 1.802e-04]  nu=0.02287  causal_eps=0.106  0.13s
   9000/20000  [2.945e-03, 3.216e-05, 8.826e-05]  nu=0.02040  causal_eps=0.113  0.13s
   9500/20000  [1.322e-02, 1.264e-03, 4.286e-04]  nu=0.01350  causal_eps=0.119  0.13s
  10000/20000  [8.224e-02, 1.639e-03, 5.782e-03]  nu=0.00521  causal_eps=0.125  9.76s
  10500/20000  [2.870e-02, 2.170e-04, 1.180e-02]  nu=0.00597  causal_eps=0.131  0.16s
  11000/20000  [1.706e-03, 1.085e-03, 6.757e-04]  nu=0.01858  causal_eps=0.138  0.16s
  11500/20000  [8.542e-03, 6.495e-04, 9.503e-03]  nu=0.00614  causal_eps=0.144  0.16s
  12000/20000  [2.830e-02, 1.710e-04, 1.336e-02]  nu=0.00364  causal_eps=0.150  0.15s
  12500/20000  [2.557e-02, 8.763e-04, 4.337e-03]  nu=0.00711  causal_eps=0.156  0.15s
  13000/20000  [5.904e-02, 2.047e-04, 1.262e-02]  nu=0.00339  causal_eps=0.163  0.15s
  13500/20000  [1.382e-03, 1.786e-04, 4.000e-04]  nu=0.02096  causal_eps=0.169  0.16s
  14000/20000  [1.946e-03, 2.793e-04, 3.810e-04]  nu=0.02218  causal_eps=0.175  0.15s
  14500/20000  [7.916e-03, 2.593e-03, 1.467e-03]  nu=0.02652  causal_eps=0.181  0.16s
  15000/20000  [9.406e-03, 3.418e-03, 1.646e-03]  nu=0.01784  causal_eps=0.188  0.16s
  15500/20000  [1.622e-02, 1.967e-03, 1.421e-03]  nu=0.02087  causal_eps=0.194  0.16s
  16000/20000  [7.169e-04, 7.463e-04, 2.761e-04]  nu=0.02508  causal_eps=0.200  0.16s
  16500/20000  [2.040e-02, 2.965e-03, 2.974e-03]  nu=0.02554  causal_eps=0.200  0.16s
  17000/20000  [7.526e-03, 1.517e-03, 5.079e-03]  nu=0.01228  causal_eps=0.200  0.16s
  17500/20000  [6.089e-03, 1.164e-04, 5.455e-03]  nu=0.00536  causal_eps=0.200  0.16s
  18000/20000  [8.029e-04, 1.324e-03, 9.078e-04]  nu=0.02026  causal_eps=0.200  0.16s
  18500/20000  [4.154e-03, 1.744e-03, 3.218e-04]  nu=0.03012  causal_eps=0.200  0.15s
  19000/20000  [1.487e-03, 2.182e-05, 3.930e-04]  nu=0.01663  causal_eps=0.200  0.16s
  19500/20000  [1.942e-03, 4.930e-04, 1.367e-03]  nu=0.01950  causal_eps=0.200  0.16s
  20000/20000  [1.196e-02, 8.800e-04, 1.572e-04]  nu=0.02764  causal_eps=0.200  0.15s
Model saved to models/pinn_burgers.pkl

=================================================================
Evaluation — 30 held-out ν values
=================================================================

  [1/30]  ν = 0.01904

==============================================================
Metric             [PINN]
==============================================================
Rel-L2@t=T      3.620e-01
L2              2.073e-01
Rel_MSE         2.649e-02
Rel_RMSE        1.628e-01
==============================================================

  [2/30]  ν = 0.00872

==============================================================
Metric             [PINN]
==============================================================
Rel-L2@t=T      7.692e-01
L2              4.678e-01
Rel_MSE         1.438e-01
Rel_RMSE        3.792e-01
==============================================================

  [3/30]  ν = 0.00626

==============================================================
Metric             [PINN]
==============================================================
Rel-L2@t=T      8.454e-01
L2              5.287e-01
Rel_MSE         1.871e-01
Rel_RMSE        4.325e-01
==============================================================

  [4/30]  ν = 0.02156

==============================================================
Metric             [PINN]
==============================================================
Rel-L2@t=T      2.838e-01
L2              1.625e-01
Rel_MSE         1.604e-02
Rel_RMSE        1.266e-01
==============================================================

  [5/30]  ν = 0.01096

==============================================================
Metric             [PINN]
==============================================================
Rel-L2@t=T      6.821e-01
L2              4.053e-01
Rel_MSE         1.062e-01
Rel_RMSE        3.259e-01
==============================================================

  [6/30]  ν = 0.00520

==============================================================
Metric             [PINN]
==============================================================
Rel-L2@t=T      8.685e-01
L2              5.498e-01
Rel_MSE         2.039e-01
Rel_RMSE        4.516e-01
==============================================================

  [7/30]  ν = 0.01345

==============================================================
Metric             [PINN]
==============================================================
Rel-L2@t=T      5.778e-01
L2              3.367e-01
Rel_MSE         7.209e-02
Rel_RMSE        2.685e-01
==============================================================

  [8/30]  ν = 0.01406

==============================================================
Metric             [PINN]
==============================================================
Rel-L2@t=T      5.521e-01
L2              3.205e-01
Rel_MSE         6.509e-02
Rel_RMSE        2.551e-01
==============================================================

  [9/30]  ν = 0.02404

==============================================================
Metric             [PINN]
==============================================================
Rel-L2@t=T      2.202e-01
L2              1.262e-01
Rel_MSE         9.521e-03
Rel_RMSE        9.757e-02
==============================================================

  [10/30]  ν = 0.02196

==============================================================
Metric             [PINN]
==============================================================
Rel-L2@t=T      2.727e-01
L2              1.562e-01
Rel_MSE         1.478e-02
Rel_RMSE        1.216e-01
==============================================================

  [11/30]  ν = 0.03005

==============================================================
Metric             [PINN]
==============================================================
Rel-L2@t=T      1.326e-01
L2              7.791e-02
Rel_MSE         3.638e-03
Rel_RMSE        6.032e-02
==============================================================

  [12/30]  ν = 0.00666

==============================================================
Metric             [PINN]
==============================================================
Rel-L2@t=T      8.350e-01
L2              5.198e-01
Rel_MSE         1.803e-01
Rel_RMSE        4.246e-01
==============================================================

  [13/30]  ν = 0.01075

==============================================================
Metric             [PINN]
==============================================================
Rel-L2@t=T      6.906e-01
L2              4.112e-01
Rel_MSE         1.094e-01
Rel_RMSE        3.308e-01
==============================================================

  [14/30]  ν = 0.02742

==============================================================
Metric             [PINN]
==============================================================
Rel-L2@t=T      1.569e-01
L2              9.048e-02
Rel_MSE         4.815e-03
Rel_RMSE        6.939e-02
==============================================================

  [15/30]  ν = 0.00671

==============================================================
Metric             [PINN]
==============================================================
Rel-L2@t=T      8.335e-01
L2              5.186e-01
Rel_MSE         1.794e-01
Rel_RMSE        4.235e-01
==============================================================

  [16/30]  ν = 0.00440

==============================================================
Metric             [PINN]
==============================================================
Rel-L2@t=T      8.803e-01
L2              5.625e-01
Rel_MSE         2.147e-01
Rel_RMSE        4.633e-01
==============================================================

  [17/30]  ν = 0.02829

==============================================================
Metric             [PINN]
==============================================================
Rel-L2@t=T      1.462e-01
L2              8.467e-02
Rel_MSE         4.222e-03
Rel_RMSE        6.498e-02
==============================================================

  [18/30]  ν = 0.01806

==============================================================
Metric             [PINN]
==============================================================
Rel-L2@t=T      3.962e-01
L2              2.270e-01
Rel_MSE         3.195e-02
Rel_RMSE        1.788e-01
==============================================================

  [19/30]  ν = 0.02828

==============================================================
Metric             [PINN]
==============================================================
Rel-L2@t=T      1.463e-01
L2              8.472e-02
Rel_MSE         4.227e-03
Rel_RMSE        6.501e-02
==============================================================

  [20/30]  ν = 0.00874

==============================================================
Metric             [PINN]
==============================================================
Rel-L2@t=T      7.683e-01
L2              4.672e-01
Rel_MSE         1.433e-01
Rel_RMSE        3.786e-01
==============================================================

  [21/30]  ν = 0.02092

==============================================================
Metric             [PINN]
==============================================================
Rel-L2@t=T      3.024e-01
L2              1.731e-01
Rel_MSE         1.828e-02
Rel_RMSE        1.352e-01
==============================================================

  [22/30]  ν = 0.01574

==============================================================
Metric             [PINN]
==============================================================
Rel-L2@t=T      4.839e-01
L2              2.788e-01
Rel_MSE         4.878e-02
Rel_RMSE        2.209e-01
==============================================================

  [23/30]  ν = 0.00388

==============================================================
Metric             [PINN]
==============================================================
Rel-L2@t=T      8.853e-01
L2              5.694e-01
Rel_MSE         2.209e-01
Rel_RMSE        4.700e-01
==============================================================

  [24/30]  ν = 0.02650

==============================================================
Metric             [PINN]
==============================================================
Rel-L2@t=T      1.710e-01
L2              9.830e-02
Rel_MSE         5.697e-03
Rel_RMSE        7.548e-02
==============================================================

  [25/30]  ν = 0.01427

==============================================================
Metric             [PINN]
==============================================================
Rel-L2@t=T      5.437e-01
L2              3.153e-01
Rel_MSE         6.291e-02
Rel_RMSE        2.508e-01
==============================================================

  [26/30]  ν = 0.01815

==============================================================
Metric             [PINN]
==============================================================
Rel-L2@t=T      3.930e-01
L2              2.252e-01
Rel_MSE         3.142e-02
Rel_RMSE        1.773e-01
==============================================================

  [27/30]  ν = 0.02331

==============================================================
Metric             [PINN]
==============================================================
Rel-L2@t=T      2.374e-01
L2              1.360e-01
Rel_MSE         1.112e-02
Rel_RMSE        1.054e-01
==============================================================

  [28/30]  ν = 0.01731

==============================================================
Metric             [PINN]
==============================================================
Rel-L2@t=T      4.235e-01
L2              2.430e-01
Rel_MSE         3.674e-02
Rel_RMSE        1.917e-01
==============================================================

  [29/30]  ν = 0.00791

==============================================================
Metric             [PINN]
==============================================================
Rel-L2@t=T      7.970e-01
L2              4.892e-01
Rel_MSE         1.582e-01
Rel_RMSE        3.977e-01
==============================================================

  [30/30]  ν = 0.03119

==============================================================
Metric             [PINN]
==============================================================
Rel-L2@t=T      1.304e-01
L2              7.745e-02
Rel_MSE         3.669e-03
Rel_RMSE        6.057e-02
==============================================================

Error metrics saved to models/pinn_burgers_error_metrics.json

Plotting held-out ν = 0.02829 (Padé+PINN's best)  —  PINN Rel_MSE there = 4.222e-03

=================================================================
Final Average Error Metrics — across 30 held-out ν values
=================================================================
Metric             [PINN]
==============================================================
Avg L2          2.970e-01
Rel_MSE         7.729e-02
Rel_RMSE        2.389e-01
==============================================================
